warning: unused import: `std::time::Duration`
 --> src/agents/executor.rs:3:5
  |
3 | use std::time::Duration;
  |     ^^^^^^^^^^^^^^^^^^^
  |
  = note: `#[warn(unused_imports)]` (part of `#[warn(unused)]`) on by default

warning: unused import: `Path`
  --> src/execution/mod.rs:27:17
   |
27 | use std::path::{Path, PathBuf};
   |                 ^^^^

warning: unused variable: `canonical_root`
  --> src/execution/mod.rs:76:9
   |
76 |         canonical_root: &std::path::Path,
   |         ^^^^^^^^^^^^^^ help: if this is intentional, prefix it with an underscore: `_canonical_root`
   |
   = note: `#[warn(unused_variables)]` (part of `#[warn(unused)]`) on by default

warning: method `execute_task` is never used
   --> src/agents/executor.rs:162:14
    |
 17 | impl Agent {
    | ---------- method in this implementation
...
162 |     async fn execute_task(&self, assignment: &TaskAssignment) -> Result<TaskResult, AgentError> {
    |              ^^^^^^^^^^^^
    |
    = note: `#[warn(dead_code)]` (part of `#[warn(unused)]`) on by default

warning: function `resolve_model_for_task` is never used
   --> src/agents/pool.rs:340:8
    |
340 | pub fn resolve_model_for_task(tier_model: ModelConfig, task: &Task) -> ModelConfig {
    |        ^^^^^^^^^^^^^^^^^^^^^^

warning: `nexor` (lib) generated 5 warnings (run `cargo fix --lib -p nexor` to apply 3 suggestions)
warning: method `warnings` is never used
   --> tests/prompts/assertions.rs:258:12
    |
235 | impl AssertionSuite {
    | ------------------- method in this implementation
...
258 |     pub fn warnings(&self) -> Vec<&(String, AssertionResult)> {
    |            ^^^^^^^^
    |
    = note: `#[warn(dead_code)]` (part of `#[warn(unused)]`) on by default

warning: variants `FieldAdded`, `FieldRemoved`, and `TypeChanged` are never constructed
  --> tests/prompts/diff.rs:15:5
   |
14 | pub enum StructuralChange {
   |          ---------------- variants in this enum
15 |     FieldAdded(String),
   |     ^^^^^^^^^^
16 |     FieldRemoved(String),
   |     ^^^^^^^^^^^^
17 |     TypeChanged {
   |     ^^^^^^^^^^^
   |
   = note: `StructuralChange` has derived impls for the traits `Clone` and `Debug`, but these are intentionally ignored during dead code analysis

warning: variant `SliceRenamed` is never constructed
  --> tests/prompts/diff.rs:29:5
   |
25 | pub enum ContentChange {
   |          ------------- variant in this enum
...
29 |     SliceRenamed { old: String, new: String },
   |     ^^^^^^^^^^^^
   |
   = note: `ContentChange` has derived impls for the traits `Clone` and `Debug`, but these are intentionally ignored during dead code analysis

warning: fields `input_tokens`, `output_tokens`, and `latency_ms` are never read
   --> tests/prompts/harness.rs:137:9
    |
135 | pub struct PromptOutput {
    |            ------------ fields in this struct
136 |     pub response: String,
137 |     pub input_tokens: u32,
    |         ^^^^^^^^^^^^
138 |     pub output_tokens: u32,
    |         ^^^^^^^^^^^^^
139 |     pub latency_ms: u64,
    |         ^^^^^^^^^^
    |
    = note: `PromptOutput` has derived impls for the traits `Clone` and `Debug`, but these are intentionally ignored during dead code analysis

warning: fields `fixture_name`, `output`, and `expected` are never read
   --> tests/prompts/harness.rs:146:9
    |
145 | pub struct DecompositionTestResult {
    |            ----------------------- fields in this struct
146 |     pub fixture_name: String,
    |         ^^^^^^^^^^^^
147 |     pub output: PromptOutput,
    |         ^^^^^^
...
150 |     pub expected: Option<String>,
    |         ^^^^^^^^
    |
    = note: `DecompositionTestResult` has a derived impl for the trait `Debug`, but this is intentionally ignored during dead code analysis

warning: unused import: `super::*`
   --> src/agents/executor.rs:520:9
    |
520 |     use super::*;
    |         ^^^^^^^^

warning: variable does not need to be mutable
    --> src/agents/executor.rs:1099:14
     |
1099 |         let (mut agent, _cmd_tx, mut resp_rx) =
     |              ----^^^^^
     |              |
     |              help: remove this `mut`
     |
     = note: `#[warn(unused_mut)]` (part of `#[warn(unused)]`) on by default

warning: unused variable: `output`
   --> src/headless.rs:386:13
    |
386 |         let output = runner.output.as_mut() as *mut dyn Write;
    |             ^^^^^^ help: if this is intentional, prefix it with an underscore: `_output`

warning: unused variable: `task_id`
    --> src/orchestration/queue.rs:1137:13
     |
1137 |         let task_id = task.id.clone();
     |             ^^^^^^^ help: if this is intentional, prefix it with an underscore: `_task_id`

warning: method `test_decomposition` is never used
  --> tests/prompts/harness.rs:76:18
   |
15 | impl PromptTestHarness {
   | ---------------------- method in this implementation
...
76 |     pub async fn test_decomposition(
   |                  ^^^^^^^^^^^^^^^^^^

warning: `nexor` (test "prompt_decomposition_tests") generated 5 warnings
warning: `nexor` (lib test) generated 8 warnings (4 duplicates) (run `cargo fix --lib -p nexor --tests` to apply 4 suggestions)
warning: `nexor` (test "prompt_implementation_tests") generated 6 warnings (5 duplicates)
    Finished `test` profile [unoptimized + debuginfo] target(s) in 0.37s
     Running unittests src/lib.rs (target/debug/deps/nexor-822c889be13fe6f8)

running 1809 tests
test agents::agent::tests::resume_only_from_waiting_states ... ok
test agents::agent::tests::shutdown_idle_agent ... ok
test agents::agent::tests::fail_task_from_waiting_states ... ok
test agents::agent::tests::shutdown_from_waiting_states ... ok
test agents::agent::tests::state_transitions_invalid_rejected ... ok
test agents::agent::tests::shutdown_working_agent_fails_task ... ok
test agents::agent::tests::fail_task_from_idle_rejected ... ok
test agents::agent::tests::state_transitions_valid_flow ... ok
test agents::agent::tests::fail_task_from_working ... ok
test agents::dispatcher::tests::broadcast_collects_closed_channel_errors ... ok
test agents::dispatcher::tests::dispatch_error_display ... ok
test agents::dispatcher::tests::broadcast_to_empty_tier_no_errors ... ok
test agents::dispatcher::tests::broadcast_to_tier_sends_to_all ... ok
test agents::dispatcher::tests::new_dispatcher_starts_empty ... ok
test agents::dispatcher::tests::register_agent_increments_counts ... ok
test agents::dispatcher::tests::recv_response_receives_sent_message ... ok
test agents::dispatcher::tests::register_agents_different_tiers ... ok
test agents::dispatcher::tests::register_multiple_agents_same_tier ... ok
test agents::dispatcher::tests::response_sender_clones_are_independent ... ok
test agents::dispatcher::tests::send_to_agent_success ... ok
test agents::dispatcher::tests::send_to_agent_with_closed_channel ... ok
test agents::dispatcher::tests::send_to_unknown_agent_returns_error ... ok
test agents::dispatcher::tests::try_recv_response_returns_message ... ok
test agents::dispatcher::tests::try_recv_response_returns_none_when_empty ... ok
test agents::dispatcher::tests::unregister_agent_decrements_counts ... ok
test agents::dispatcher::tests::unregister_nonexistent_agent_is_noop ... ok
test agents::escalation::tests::apply_human_action_task_not_found ... ok
test agents::escalation::tests::clear_task_nonexistent_is_noop ... ok
test agents::escalation::tests::clear_task_removes_state ... ok
test agents::escalation::tests::create_human_review_request_no_history_uses_unknown ... ok
test agents::escalation::tests::create_human_review_request_nonexistent_returns_none ... ok
test agents::escalation::tests::create_human_review_request_with_history ... ok
test agents::escalation::tests::custom_policy_new ... ok
test agents::escalation::tests::escalate_to_resets_failure_count ... ok
test agents::escalation::tests::escalation_path_correct ... ok
test agents::escalation::tests::escalation_path_from_orchestrator ... ok
test agents::escalation::tests::escalation_path_from_worker ... ok
test agents::escalation::tests::escalation_policy_escalates_after_retries ... ok
test agents::escalation::tests::escalation_policy_human_at_end ... ok
test agents::escalation::tests::escalation_policy_retries_first ... ok
test agents::escalation::tests::evaluate_at_exact_retry_boundary ... ok
test agents::escalation::tests::evaluate_worker_retry_then_escalate ... ok
test agents::escalation::tests::get_state_nonexistent_returns_none ... ok
test agents::escalation::tests::human_action_cancel_removes_task ... ok
test agents::escalation::tests::human_action_mark_complete_removes_task ... ok
test agents::escalation::tests::human_action_retry_at_resets_count ... ok
test agents::escalation::tests::human_action_retry_with_guidance ... ok
test agents::escalation::tests::human_review_request_includes_history ... ok
test agents::escalation::tests::human_review_summary_empty_when_no_tasks ... ok
test agents::escalation::tests::human_review_summary_excludes_non_human_tasks ... ok
test agents::escalation::tests::human_review_summary_includes_correct_fields ... ok
test agents::escalation::tests::manager_escalates_through_chain ... ok
test agents::escalation::tests::manager_tracks_failures ... ok
test agents::escalation::tests::max_retries_for_each_tier ... ok
test agents::escalation::tests::next_tier_each_level ... ok
test agents::escalation::tests::on_task_completed_nonexistent_is_noop ... ok
test agents::escalation::tests::on_task_completed_removes_state ... ok
test agents::escalation::tests::on_task_failed_auto_creates_state ... ok
test agents::escalation::tests::on_task_failed_tier_mismatch_resets ... ok
test agents::escalation::tests::record_failure_creates_and_updates_tier_history ... ok
test agents::escalation::tests::task_escalation_state_new ... ok
test agents::escalation::tests::tasks_needing_human_empty ... ok
test agents::escalation::tests::tasks_needing_human_filters_correctly ... ok
test agents::executor::tests::build_role_aware_prompt_minimal ... ok
test agents::executor::tests::build_role_aware_prompt_with_conventions ... ok
test agents::executor::tests::build_role_aware_prompt_with_required_reading ... ok
test agents::executor::tests::build_role_aware_prompt_with_task_files ... ok
test agents::executor::tests::extract_file_modifications_empty_when_no_markers ... ok
test agents::executor::tests::emit_progress_sends_update ... ok
test agents::executor::tests::extract_file_modifications_finds_files ... ok
test agents::executor::tests::handle_approval_denied_fails_task ... ok
test agents::executor::tests::handle_approval_denied_not_waiting_is_noop ... ok
test agents::executor::tests::handle_approval_granted_not_waiting_is_noop ... ok
test agents::executor::tests::handle_approval_granted_resumes ... ok
test agents::executor::tests::handle_context_received_not_waiting_is_noop ... ok
test agents::executor::tests::handle_context_received_resumes ... ok
test agents::executor::tests::handle_shutdown_idle_sends_shutdown_complete ... ok
test agents::executor::tests::handle_shutdown_working_fails_task_then_shuts_down ... ok
test agents::executor::tests::handle_task_assignment_llm_failure ... ok
test agents::executor::tests::handle_task_assignment_success ... ok
test agents::executor::tests::output_format_instructions_all_variants ... ok
test agents::executor::tests::parse_llm_response_code_and_report ... ok
test agents::executor::tests::parse_llm_response_non_code_format_no_files ... ok
test agents::executor::tests::run_loop_channel_closed ... ok
test agents::executor::tests::temperature_for_style_values ... ok
test agents::planner_bot::tests::apply_structured_update_ignores_invalid_json ... ok
test agents::executor::tests::run_loop_shutdown_command ... ok
test agents::planner_bot::tests::apply_structured_update_data_models ... ok
test agents::planner_bot::tests::apply_structured_update_ignores_invalid_typed_arrays ... ok
test agents::planner_bot::tests::apply_structured_update_problem_statement ... ok
test agents::planner_bot::tests::apply_structured_update_multiple_fields_at_once ... ok
test agents::planner_bot::tests::apply_structured_update_sets_milestones ... ok
test agents::planner_bot::tests::apply_structured_update_sets_technical_decisions ... ok
test agents::planner_bot::tests::apply_structured_update_sets_vision ... ok
test agents::planner_bot::tests::apply_structured_update_success_criteria ... ok
test agents::planner_bot::tests::apply_structured_update_target_users ... ok
test agents::planner_bot::tests::build_messages_empty_history ... ok
test agents::planner_bot::tests::build_messages_maps_roles_correctly ... ok
test agents::planner_bot::tests::chat_returns_error_on_llm_failure ... ok
test agents::planner_bot::tests::export_markdown_empty_prd_has_title_and_status ... ok
test agents::planner_bot::tests::chat_sends_message_and_processes_response ... ok
test agents::planner_bot::tests::export_markdown_includes_sections ... ok
test agents::planner_bot::tests::export_markdown_milestone_empty_deliverables_and_deps ... ok
test agents::planner_bot::tests::export_markdown_with_data_models ... ok
test agents::planner_bot::tests::export_markdown_with_milestone_dependencies ... ok
test agents::planner_bot::tests::export_markdown_with_target_users ... ok
test agents::planner_bot::tests::extract_json_blocks_empty_when_none ... ok
test agents::planner_bot::tests::extract_json_blocks_finds_blocks ... ok
test agents::planner_bot::tests::extract_json_blocks_multiple ... ok
test agents::planner_bot::tests::extract_json_blocks_unclosed ... ok
test agents::planner_bot::tests::finalize_fails_when_incomplete ... ok
test agents::planner_bot::tests::finalize_prd_sets_timestamps ... ok
test agents::planner_bot::tests::finalize_succeeds_when_complete ... ok
test agents::planner_bot::tests::phase_transition_detection ... ok
test agents::planner_bot::tests::planner_bot_error_display ... ok
test agents::planner_bot::tests::planning_message_role_serde_roundtrip ... ok
test agents::planner_bot::tests::planning_phase_default_is_discovery ... ok
test agents::planner_bot::tests::planning_phase_display_all ... ok
test agents::planner_bot::tests::planning_phase_serde_roundtrip ... ok
test agents::planner_bot::tests::planning_session_new_defaults ... ok
test agents::planner_bot::tests::process_response_discovery_to_scoping ... ok
test agents::planner_bot::tests::process_response_extracts_json_and_updates_prd ... ok
test agents::planner_bot::tests::process_response_milestones_to_review ... ok
test agents::planner_bot::tests::process_response_no_transition_in_review ... ok
test agents::planner_bot::tests::planning_session_serde_roundtrip ... ok
test agents::planner_bot::tests::process_response_no_transition_on_wrong_phase ... ok
test agents::planner_bot::tests::process_response_scoping_to_technical ... ok
test agents::planner_bot::tests::process_response_technical_to_milestones ... ok
test agents::planner_bot::tests::session_starts_in_discovery ... ok
test agents::planner_bot::tests::system_prompt_contains_persona ... ok
test agents::planner_bot::tests::system_prompt_discovery_phase ... ok
test agents::planner_bot::tests::system_prompt_milestones_phase ... ok
test agents::planner_bot::tests::system_prompt_review_phase ... ok
test agents::planner_bot::tests::system_prompt_scoping_phase ... ok
test agents::planner_bot::tests::system_prompt_technical_phase ... ok
test agents::pool::tests::can_spawn_returns_true_for_empty_pool ... ok
test agents::pool::tests::count_available_empty_tier ... ok
test agents::pool::tests::get_agent_by_id ... ok
test agents::pool::tests::get_available_agent_finds_first_idle_among_busy ... ok
test agents::pool::tests::get_available_agent_mut_returns_agent ... ok
test agents::pool::tests::get_available_agent_mut_returns_none_when_all_busy ... ok
test agents::pool::tests::get_available_agent_mut_returns_none_when_empty ... ok
test agents::pool::tests::get_available_agent_returns_idle_agent ... ok
test agents::pool::tests::get_available_agent_returns_none_for_empty_tier ... ok
test agents::pool::tests::get_available_agent_returns_none_when_all_busy ... ok
test agents::pool::tests::max_for_tier_returns_config_values ... ok
test agents::pool::tests::new_pool_is_empty ... ok
test agents::pool::tests::pool_error_display_messages ... ok
test agents::pool::tests::release_idle_agent_is_noop ... ok
test agents::pool::tests::release_unknown_agent_fails ... ok
test agents::pool::tests::release_working_agent_returns_to_idle ... ok
test agents::pool::tests::remove_agent_cleans_up ... ok
test agents::pool::tests::remove_agent_then_can_spawn_again ... ok
test agents::pool::tests::remove_unknown_agent_fails ... ok
test agents::pool::tests::resolve_model_empty_metadata_returns_tier_default ... ok
test agents::pool::tests::resolve_model_no_override_returns_tier_default ... ok
test agents::pool::tests::resolve_model_with_override_uses_override ... ok
test agents::pool::tests::shutdown_all_clears_pool ... ok
test agents::pool::tests::shutdown_all_with_busy_agents ... ok
test agents::pool::tests::spawn_agent_creates_worker ... ok
test agents::pool::tests::spawn_agent_independent_tier_limits ... ok
test agents::pool::tests::spawn_agent_respects_tier_limits ... ok
test agents::pool::tests::spawn_all_tiers ... ok
test agents::pool::tests::spawn_utility_limit_reached ... ok
test agents::pool::tests::spawn_worker_limit_reached ... ok
test agents::pool::tests::stats_returns_correct_values ... ok
test agents::pool::tests::stats_shows_all_tiers ... ok
test agents::pool::tests::stats_with_mixed_busy_idle ... ok
test agents::protocol::tests::activity_type_all_icons ... ok
test agents::protocol::tests::activity_type_icons ... ok
test agents::protocol::tests::activity_type_names ... ok
test agents::protocol::tests::answer_from_orchestrator ... ok
test agents::protocol::tests::answer_from_system ... ok
test agents::protocol::tests::answer_from_user ... ok
test agents::protocol::tests::context_request_builders ... ok
test agents::protocol::tests::context_request_empty_file_path_fails ... ok
test agents::protocol::tests::context_request_empty_question_fails ... ok
test agents::protocol::tests::context_response_bad_version_fails ... ok
test agents::protocol::tests::context_response_builders ... ok
test agents::protocol::tests::context_response_empty_file_path_fails ... ok
test agents::protocol::tests::default_task_constraints ... ok
test agents::protocol::tests::context_request_response_cycle ... ok
test agents::protocol::tests::delegation_context_tracks_chain ... ok
test agents::protocol::tests::empty_context_request_fails_validation ... ok
test agents::protocol::tests::empty_progress_message_fails_validation ... ok
test agents::protocol::tests::empty_title_fails_validation ... ok
test agents::protocol::tests::exceeded_delegation_depth_fails_validation ... ok
test agents::protocol::tests::failed_result_without_errors_fails_validation ... ok
test agents::protocol::tests::file_content_with_range ... ok
test agents::protocol::tests::file_modification_created ... ok
test agents::protocol::tests::file_modification_deleted ... ok
test agents::protocol::tests::file_modification_modified ... ok
test agents::protocol::tests::file_request_with_range ... ok
test agents::protocol::tests::file_request_with_reason ... ok
test agents::protocol::tests::history_entry_new ... ok
test agents::protocol::tests::milestone_always_shown ... ok
test agents::protocol::tests::progress_clamped_to_100 ... ok
test agents::protocol::tests::progress_update_coding ... ok
test agents::protocol::tests::progress_update_error ... ok
test agents::protocol::tests::progress_update_milestone ... ok
test agents::protocol::tests::progress_update_reviewing ... ok
test agents::protocol::tests::progress_update_serialization ... ok
test agents::protocol::tests::progress_update_testing ... ok
test agents::protocol::tests::progress_update_thinking ... ok
test agents::protocol::tests::progress_update_with_details ... ok
test agents::protocol::tests::progress_update_with_verbosity ... ok
test agents::protocol::tests::question_new_and_optional ... ok
test agents::protocol::tests::question_with_category ... ok
test agents::protocol::tests::task_assignment_empty_file_path_fails ... ok
test agents::protocol::tests::task_assignment_excessive_timeout_fails ... ok
test agents::protocol::tests::task_assignment_with_constraints ... ok
test agents::protocol::tests::task_assignment_with_context ... ok
test agents::protocol::tests::task_assignment_serialization ... ok
test agents::protocol::tests::task_assignment_with_delegation ... ok
test agents::protocol::tests::task_assignment_with_role ... ok
test agents::protocol::tests::task_assignment_with_timeout ... ok
test agents::protocol::tests::task_error_unrecoverable ... ok
test agents::protocol::tests::task_error_with_details ... ok
test agents::protocol::tests::task_result_empty_file_path_fails ... ok
test agents::protocol::tests::task_result_failure_serialization ... ok
test agents::protocol::tests::task_result_success_serialization ... ok
test agents::protocol::tests::task_result_with_duration_ms ... ok
test agents::protocol::tests::task_result_with_error ... ok
test agents::protocol::tests::task_result_with_file_modified ... ok
test agents::protocol::tests::task_result_with_structured_output ... ok
test agents::protocol::tests::task_result_with_token_usage ... ok
test agents::protocol::tests::token_usage_total ... ok
test agents::protocol::tests::unavailable_file_not_found ... ok
test agents::protocol::tests::unavailable_file_permission_denied ... ok
test agents::protocol::tests::unavailable_file_too_large ... ok
test agents::protocol::tests::valid_context_request_passes ... ok
test agents::protocol::tests::valid_task_assignment_passes ... ok
test agents::protocol::tests::validate_message_fn ... ok
test agents::protocol::tests::validation_error_constructors ... ok
test agents::protocol::tests::validation_error_display ... ok
test agents::protocol::tests::zero_timeout_fails_validation ... ok
test agents::roles::tests::library_cannot_remove_predefined_roles ... ok
test agents::roles::tests::library_default_impl ... ok
test agents::roles::tests::library_custom_role_management ... ok
test agents::roles::tests::library_get_nonexistent_returns_none ... ok
test agents::roles::tests::library_grouped_for_ui ... ok
test agents::roles::tests::library_grouped_has_all_default_roles ... ok
test agents::roles::tests::library_has_default_roles ... ok
test agents::roles::tests::library_list_all_returns_all_default_roles ... ok
test agents::roles::tests::library_list_by_category_all_categories ... ok
test agents::roles::tests::library_list_custom_empty_initially ... ok
test agents::roles::tests::library_lists_by_category ... ok
test agents::roles::tests::handles_missing_file ... ok
test agents::roles::tests::library_remove_custom_role_succeeds ... ok
test agents::roles::tests::library_remove_nonexistent_role_returns_none ... ok
test agents::roles::tests::output_format_default_is_result ... ok
test agents::roles::tests::resolve_required_reading_multiple_vars ... ok
test agents::roles::tests::resolve_required_reading_no_vars ... ok
test agents::roles::tests::role_cannot_delegate_when_depth_zero ... ok
test agents::roles::tests::role_category_all ... ok
test agents::roles::tests::role_category_display_names ... ok
test agents::roles::tests::role_category_icons ... ok
test agents::roles::tests::role_context_builds_prompt ... ok
test agents::roles::tests::role_context_builds_prompt_no_files ... ok
test agents::roles::tests::role_delegation_check ... ok
test agents::roles::tests::role_id_new_custom_slugifies ... ok
test agents::roles::tests::role_manager_default_role_for_tier ... ok
test agents::roles::tests::role_manager_library_accessor ... ok
test agents::roles::tests::loads_required_reading ... ok
test agents::roles::tests::role_resolves_variables ... ok
test agents::roles::tests::role_manager_provides_roles ... ok
test cli::tests::headless_requires_task_or_input ... ok
test cli::tests::headless_with_input_valid ... ok
test cli::tests::headless_with_sync_valid ... ok
test cli::tests::headless_with_task_valid ... ok
test cli::tests::input_requires_headless ... ok
test cli::tests::log_level_increases_with_verbosity ... ok
test cli::tests::non_headless_is_valid ... ok
test cli::tests::output_requires_headless ... ok
test agents::roles::tests::role_manager_build_context ... ok
test config::credentials::tests::default_credentials_are_empty ... ok
test config::global::tests::global_config_default_has_expected_pool_values ... ok
test config::global::tests::global_config_path_is_under_home ... ok
test config::credentials::tests::missing_file_returns_not_found ... ok
test config::credentials::tests::clear_removes_file ... ok
test config::global::tests::parses_global_config_with_all_verbosity_levels ... ok
test config::global::tests::parses_minimal_global_config ... ok
test config::credentials::tests::credentials_have_restrictive_permissions ... ok
test config::global::tests::returns_defaults_when_file_missing ... ok
test config::credentials::tests::is_authenticated_checks_token ... ok
test config::project::tests::errors_on_malformed_project_config ... ok
test config::credentials::tests::save_and_load_credentials ... ok
test config::project::tests::load_project_config_returns_none_when_missing ... ok
test config::project::tests::parses_minimal_project_config ... ok
test config::global::tests::errors_on_malformed_config ... ok
test config::project::tests::parses_project_config_with_all_autonomy_levels ... ok
test config::project::tests::project_config_path_is_correct ... ok
test config::project::tests::returns_none_when_file_missing ... ok
test config::validation::tests::empty_model_id_fails ... ok
test config::validation::tests::full_auto_with_gates_fails ... ok
test config::validation::tests::valid_config_passes ... ok
test config::validation::tests::zero_orchestrators_fails ... ok
test config::validation::tests::zero_workers_fails ... ok
test config::global::tests::parses_valid_config ... ok
test config::project::tests::parses_valid_project_config ... ok
test agents::executor::tests::handle_task_assignment_timeout ... ok
test db::prd::tests::list_by_status ... ok

thread 'db::queries::tests::can_list_tasks_by_status' (4917299) panicked at src/db/test_utils.rs:101:14:
called `Result::unwrap()` on an `Err` value: Io(Custom { kind: Other, error: "A Tokio 1.x context was found, but it is being shutdown." })
note: run with `RUST_BACKTRACE=1` environment variable to display a backtrace
test db::prd::tests::save_and_load_prd ... ok
test db::queries::tests::can_list_tasks_by_status ... FAILED

thread 'db::queries::tests::can_insert_and_get_chat_message' (4917297) panicked at src/db/test_utils.rs:101:14:
called `Result::unwrap()` on an `Err` value: Io(Custom { kind: Other, error: "A Tokio 1.x context was found, but it is being shutdown." })
test db::prd::tests::save_updates_existing ... ok
test db::queries::tests::can_insert_and_get_chat_message ... FAILED
test db::prd::tests::load_nonexistent_returns_none ... ok
test db::queries::tests::chat_history_pagination_works ... ok
test db::queries::tests::can_update_task_status ... ok
test db::queries::tests::can_insert_and_get_task ... ok
test db::queries::tests::can_clear_chat_history ... ok
test db::queries::tests::test_set_password_twice_fails ... ok
test db::queries::tests::test_password_flow ... ok
test db::refactor::tests::can_get_active_refactor_session ... ok
test db::refactor::tests::can_clear_milestone_limit ... ok
test db::refactor::tests::can_list_changes_by_status ... ok
test db::refactor::tests::can_insert_and_get_refactor_change ... ok
test db::refactor::tests::can_insert_and_get_refactor_session ... ok
test db::refactor::tests::can_set_and_get_milestone_limit ... ok
test db::test_utils::tests::replace_db_name_works ... ok

thread 'db::refactor::tests::can_update_change_status' (4917378) panicked at src/db/test_utils.rs:101:14:
called `Result::unwrap()` on an `Err` value: Io(Custom { kind: Other, error: "A Tokio 1.x context was found, but it is being shutdown." })
test db::refactor::tests::can_set_and_get_production_mode ... ok
test error::tests::agent_failed_no_suggestion ... ok
test error::tests::agent_timeout_has_suggestion ... ok
test error::tests::api_key_missing_anthropic ... ok
test error::tests::api_key_missing_github ... ok
test error::tests::api_key_missing_unknown_provider ... ok
test db::refactor::tests::can_update_change_status ... FAILED
test error::tests::config_invalid_value_constructor ... ok
test error::tests::config_missing_key_constructor ... ok
test error::tests::database_query_no_suggestion ... ok
test error::tests::database_locked_has_suggestion ... ok
test error::tests::enrich_error_429_only ... ok
test error::tests::display_all_variants ... ok
test error::tests::enrich_error_api_key ... ok
test error::tests::enrich_error_database_locked ... ok
test error::tests::enrich_error_dns ... ok
test error::tests::enrich_error_github_forbidden ... ok
test error::tests::enrich_error_github_generic ... ok
test db::refactor::tests::can_list_changes_for_session ... ok
test error::tests::enrich_error_github_not_found ... ok
test error::tests::enrich_error_network ... ok
test error::tests::enrich_error_rate_limit ... ok
test error::tests::enrich_error_sqlite ... ok
test error::tests::enrich_error_sqlx ... ok
test error::tests::enrich_error_unauthorized ... ok
test error::tests::enrich_error_unknown ... ok
test error::tests::error_is_clone ... ok
test error::tests::error_is_debug ... ok
test error::tests::github_not_found_has_suggestion ... ok
test error::tests::github_rate_limited_with_time ... ok
test error::tests::github_rate_limited_without_time ... ok
test error::tests::github_unauthorized_has_suggestion ... ok
test error::tests::internal_constructor ... ok
test error::tests::is_recoverable_agent_not_recoverable ... ok
test error::tests::is_recoverable_database_not_recoverable ... ok
test error::tests::is_recoverable_github_api ... ok
test error::tests::is_recoverable_internal_not_recoverable ... ok
test error::tests::nexor_error_display ... ok
test error::tests::network_error_has_suggestion ... ok
test error::tests::nexor_error_suggestion ... ok
test error::tests::nexor_error_is_recoverable ... ok
test error::tests::rate_limited_simple_has_suggestion ... ok
test error::tests::rate_limited_with_time ... ok
test error::tests::spawn_with_boundary_success ... ok
test error::tests::spawn_with_boundary_failure ... ok
test error::tests::spawn_with_result_failure ... ok
test error::tests::suggestion_all_variants ... ok
test error::tests::task_failed_constructor ... ok
test execution::approval::tests::approval_channel_creates_pair ... ok
test execution::approval::tests::approval_error_display ... ok
test execution::approval::tests::approval_gates_config_default ... ok
test error::tests::spawn_with_result_success ... ok
test execution::approval::tests::approval_gates_respects_config ... ok
test execution::approval::tests::approval_request_danger_level_matches_operation ... ok
test execution::approval::tests::approval_request_format_no_files_no_details ... ok
test execution::approval::tests::approval_request_format_with_details_no_files ... ok
test execution::approval::tests::approval_request_formats ... ok
test execution::approval::tests::approval_request_simple ... ok
test execution::approval::tests::approval_response_is_approved ... ok
test execution::approval::tests::auto_approval_gate_approval_gates_mode_non_critical_passes ... ok
test execution::approval::tests::auto_approval_gate_blocks_critical ... ok
test execution::approval::tests::auto_approval_gate_with_supervised_rejects_non_critical ... ok
test execution::approval::tests::check_gate_before_merge_false ... ok
test execution::approval::tests::autonomy_level_default_is_approval_gates ... ok
test execution::approval::tests::check_gate_before_push_defaults_to_true ... ok
test execution::approval::tests::check_gate_non_config_ops_default_by_danger_level ... ok
test execution::approval::tests::danger_level_classification ... ok
test execution::approval::tests::danger_levels_are_ordered ... ok
test execution::approval::tests::dangerous_operation_description_all_variants ... ok
test execution::approval::tests::dangerous_operation_display_all ... ok
test execution::approval::tests::force_push_is_critical ... ok
test execution::approval::tests::full_auto_only_gates_critical ... ok
test execution::approval::tests::interactive_gate_always_approve_remembered ... ok
test execution::approval::tests::interactive_gate_always_deny_remembered ... ok
test execution::approval::tests::interactive_gate_approve_single_not_remembered ... ok
test execution::approval::tests::interactive_gate_channel_closed_error ... ok
test execution::approval::tests::interactive_gate_auto_approves_when_not_required ... ok
test execution::approval::tests::interactive_gate_deny_returns_error ... ok
test execution::approval::tests::list_gated_operations_full_auto ... ok
test execution::approval::tests::interactive_gate_response_rx_dropped_returns_channel_closed ... ok
test execution::approval::tests::list_gated_operations_supervised ... ok
test execution::approval::tests::interactive_gate_would_require_approval_with_always_lists ... ok
test execution::approval::tests::supervised_gates_everything ... ok
test execution::approval::tests::list_gated_operations_with_config ... ok
test execution::files::tests::exists_returns_true_for_existing_file ... ok
test execution::files::tests::delete_file_removes_file ... ok
test execution::files::tests::read_file_not_found ... ok
test execution::files::tests::exists_returns_false_for_missing_file ... ok
test execution::files::tests::list_dir_returns_entries ... ok
test execution::files::tests::read_file_outside_project_rejected ... ok
test execution::files::tests::read_file_success ... ok
test execution::files::tests::write_file_creates_new ... ok
test execution::files::tests::write_file_outside_project_rejected ... ok
test execution::files::tests::write_file_creates_parent_dirs ... ok
test db::refactor::tests::milestone_limit_validates_range ... ok
test db::refactor::tests::session_includes_changes_when_fetched ... ok
test execution::git::tests::abort_merge_fails_when_not_merging ... ok
test execution::git::tests::add_files_empty_fails ... ok
test db::refactor::tests::milestone_limit_default_is_none ... ok
test execution::git::tests::add_all_stages_everything ... ok
test execution::git::tests::add_files_stages_specific_files ... ok
test execution::git::tests::checkout_branch_invalid_name ... ok
test db::refactor::tests::production_mode_default_is_running ... ok
test db::refactor::tests::can_update_refactor_session ... ok
test execution::git::tests::amend_commit_changes_message ... ok
test execution::git::tests::amend_commit_no_edit ... ok
test execution::git::tests::commit_message_long_first_line_still_valid ... ok
test execution::git::tests::commit_message_validation_accepts_valid ... ok
test execution::git::tests::abort_merge_cancels ... ok
test execution::git::tests::clean_working_tree_removes_changes ... ok
test execution::git::tests::checkout_branch_switches ... ok
test execution::git::tests::clean_working_tree_requires_confirmation ... ok
test execution::git::tests::commit_without_staged_changes_fails ... ok
test execution::git::tests::conflict_region_line_numbers ... ok
test execution::git::tests::complete_merge_fails_when_not_merging ... ok
test execution::git::tests::commit_with_staged_changes ... ok
test execution::git::tests::create_and_checkout_branch_invalid_name ... ok
test execution::git::tests::create_branch_invalid_name ... ok
test execution::git::tests::diff_options_default ... ok
test execution::git::tests::current_branch_returns_default ... ok
test execution::git::tests::create_and_checkout_branch ... ok
test execution::git::tests::delete_current_branch_fails ... ok
test execution::git::tests::diff_shows_unstaged_changes ... ok
test execution::git::tests::delete_branch_removes_it ... ok
test execution::git::tests::complete_merge_fails_with_unresolved_conflicts ... ok
test execution::git::tests::diff_stat_shows_changes ... ok
test execution::git::tests::diff_staged_shows_cached_changes ... ok
test execution::git::tests::diff_commit_shows_changes ... ok
test execution::git::tests::diff_files_between_commits ... ok
test execution::git::tests::diff_with_options_paths_filter ... ok
test execution::git::tests::fetch_on_local_repo ... ok
test execution::git::tests::force_push_rejected ... ok
test execution::git::tests::fetch_pr_no_remote ... ok
test execution::git::tests::fetch_refspec_no_remote ... ok
test execution::git::tests::fetch_remote_no_remote ... ok
test execution::git::tests::diff_with_options_base_commit ... ok
test execution::git::tests::invalid_branch_name_rejected ... ok
test execution::git::tests::get_conflicting_files_empty_when_no_conflicts ... ok
test execution::git::tests::merge_result_methods ... ok
test execution::git::tests::not_a_repo_error ... ok
test execution::git::tests::not_a_repo_various_operations ... ok
test db::test_utils::tests::multiple_test_dbs_coexist ... ok
test db::test_utils::tests::test_db_creates_and_cleans_up ... ok
test execution::git::tests::is_merging_false_normally ... ok
test execution::git::tests::has_unpushed_commits_no_upstream ... ok
test execution::git::tests::parse_change_type_all_variants ... ok
test execution::git::tests::parse_branch_line_no_tracking ... ok
test execution::git::tests::parse_3way_conflict ... ok
test execution::git::tests::parse_branch_line_detached_head ... ok
test execution::git::tests::parse_branch_line_with_tracking ... ok
test execution::git::tests::parse_conflict_no_markers ... ok
test execution::git::tests::parse_multiple_conflict_regions ... ok
test execution::git::tests::push_options_default ... ok
test execution::git::tests::parse_simple_conflict ... ok
test execution::git::tests::list_branches_includes_created ... ok
test execution::git::tests::get_conflict_info_parses_markers ... ok
test execution::git::tests::merge_fast_forward ... ok
test execution::git::tests::pull_from_no_remote_fails ... ok
test execution::git::tests::pull_no_remote_fails ... ok
test execution::git::tests::push_with_options_force_rejected ... ok
test execution::git::tests::push_no_remote_fails ... ok
test execution::git::tests::merge_detects_conflicts ... ok
test execution::git::tests::push_with_custom_branch ... ok
test execution::git::tests::mark_resolved_stages_file ... ok
test execution::git::tests::push_with_set_upstream_option ... ok
test execution::git::tests::reset_hard_requires_confirmation ... ok
test execution::git::tests::status_empty_repo ... ok
test execution::git::tests::status_branch_name_populated ... ok
test execution::git::tests::status_with_untracked_file ... ok
test execution::git::tests::reset_soft_keeps_changes_staged ... ok
test execution::git::tests::reset_mixed_unstages_changes ... ok
test execution::git::tests::status_with_deleted_file ... ok
test execution::git::tests::status_with_staged_and_unstaged_changes ... ok
test execution::git::tests::validate_branch_name_asterisk ... ok
test execution::git::tests::validate_branch_name_backslash ... ok
test execution::sandbox::tests::builder_accumulates_env_vars ... ok
test execution::sandbox::tests::builder_all_methods_chained ... ok
test execution::sandbox::tests::builder_env_preserves_order ... ok
test execution::sandbox::tests::builder_network_false ... ok
test execution::sandbox::tests::builder_overrides_image_twice ... ok
test execution::git::tests::validate_branch_name_newline ... ok
test execution::sandbox::tests::config_builder_works ... ok
test execution::sandbox::tests::default_config_values ... ok
test execution::git::tests::validate_branch_name_edge_cases ... ok
test execution::git::tests::validate_branch_name_question_mark ... ok
test execution::git::tests::validate_commit_message_empty_fails ... ok
test execution::git::tests::validate_branch_name_tab ... ok
test execution::git::tests::resolve_conflict_manual_with_custom_content ... ok
test execution::sandbox::tests::check_docker_handles_missing_docker ... ok
test execution::git::tests::resolve_all_conflicts_returns_count ... ok
test execution::sandbox::tests::high_resources_inherits_defaults ... ok
test execution::sandbox::tests::high_resources_values ... ok
test execution::sandbox::tests::minimal_resources_values ... ok
test execution::sandbox::tests::mount_spec_clone ... ok
test execution::sandbox::tests::mount_spec_debug ... ok
test execution::sandbox::tests::mount_spec_modes ... ok
test execution::sandbox::tests::mount_spec_paths ... ok
test execution::sandbox::tests::mount_spec_with_pathbuf_input ... ok
test execution::sandbox::tests::preset_configs ... ok
test execution::sandbox::tests::read_only_config ... ok
test execution::sandbox::tests::read_only_inherits_defaults ... ok
test execution::sandbox::tests::sandbox_config_builder_defaults ... ok
test execution::sandbox::tests::sandbox_config_clone ... ok
test execution::sandbox::tests::sandbox_construction ... ok
test execution::sandbox::tests::sandbox_construction_with_custom_config ... ok
test execution::sandbox::tests::sandbox_error_debug_format ... ok
test execution::sandbox::tests::sandbox_error_display ... ok
test execution::sandbox::tests::sandbox_error_from_io_error ... ok
test execution::sandbox::tests::sandbox_result_clone ... ok
test execution::sandbox::tests::sandbox_result_construction ... ok
test execution::sandbox::tests::sandbox_result_debug ... ok
test execution::sandbox::tests::sandbox_result_failure ... ok
test execution::sandbox::tests::sandbox_result_negative_exit_code ... ok
test execution::sandbox::tests::sandbox_with_defaults ... ok
test execution::sandbox::tests::sandbox_with_defaults_uses_default_config ... ok
test execution::sandbox::tests::with_network_config ... ok
test execution::sandbox::tests::with_network_inherits_defaults ... ok
test execution::test_runner::tests::default_commands_all_frameworks ... ok
test execution::test_runner::tests::detect_framework_caches_result ... ok
test execution::test_runner::tests::detects_cargo ... ok
test execution::test_runner::tests::detects_go ... ok
test execution::test_runner::tests::detects_jest ... ok
test execution::test_runner::tests::detects_jest_config_js ... ok
test execution::test_runner::tests::detects_jest_config_ts ... ok
test execution::test_runner::tests::detects_makefile_with_test ... ok
test execution::test_runner::tests::detects_npm ... ok
test execution::test_runner::tests::detects_pytest ... ok
test execution::test_runner::tests::detects_pytest_from_pyproject ... ok
test execution::test_runner::tests::detects_setup_py_unittest ... ok
test execution::test_runner::tests::extract_failures_cargo ... ok
test execution::test_runner::tests::extract_failures_non_cargo ... ok
test execution::test_runner::tests::has_failures_none_failed_success_true ... ok
test execution::test_runner::tests::has_failures_with_none_failed_not_success ... ok
test execution::test_runner::tests::has_failures_with_zero_failed ... ok
test execution::test_runner::tests::has_pytest_from_requirements_txt ... ok
test execution::test_runner::tests::has_pytest_pyproject_with_pytest_keyword ... ok
test execution::test_runner::tests::has_pytest_returns_false_no_pytest_indicators ... ok
test execution::test_runner::tests::no_framework_detected ... ok
test execution::test_runner::tests::no_framework_for_makefile_without_test ... ok
test execution::test_runner::tests::parse_cargo_failure ... ok
test execution::test_runner::tests::parse_cargo_failures_empty ... ok
test execution::test_runner::tests::parse_cargo_failures_multiple ... ok
test execution::test_runner::tests::parse_cargo_failures_no_panic_line ... ok
test execution::test_runner::tests::parse_cargo_output ... ok
test execution::test_runner::tests::parse_cargo_output_no_result_line ... ok
test execution::test_runner::tests::parse_go_output_no_results ... ok
test execution::test_runner::tests::parse_go_output_with_results ... ok
test execution::test_runner::tests::parse_jest_output_no_matches ... ok
test execution::test_runner::tests::parse_jest_output_with_results ... ok
test execution::test_runner::tests::parse_pytest_no_match ... ok
test execution::test_runner::tests::parse_pytest_only_passed ... ok
test execution::test_runner::tests::parse_pytest_output ... ok
test execution::test_runner::tests::parse_results_dispatches_to_cargo ... ok
test execution::test_runner::tests::parse_results_dispatches_to_go ... ok
test execution::test_runner::tests::parse_results_dispatches_to_jest ... ok
test execution::test_runner::tests::parse_results_dispatches_to_pytest ... ok
test execution::test_runner::tests::parse_results_generic_returns_none ... ok
test execution::test_runner::tests::parse_results_npm_returns_none ... ok
test execution::test_runner::tests::parse_results_python_unittest_returns_none ... ok
test execution::test_runner::tests::run_specific_generic_unsupported ... ok
test execution::test_runner::tests::run_specific_no_framework ... ok
test execution::test_runner::tests::run_specific_unsupported_framework ... ok
test execution::test_runner::tests::run_tests_no_framework ... ok
test execution::test_runner::tests::run_with_command_empty ... ok
test execution::test_runner::tests::run_with_command_nonexistent_binary ... ok
test execution::test_runner::tests::summary_no_counts ... ok
test execution::test_runner::tests::summary_passed_failed_only ... ok
test execution::test_runner::tests::test_error_display ... ok
test execution::test_runner::tests::test_result_has_failures ... ok
test execution::test_runner::tests::test_result_summary ... ok
test execution::test_runner::tests::with_framework_override ... ok
test execution::tests::context_allows_path_inside_project ... ok
test execution::tests::context_rejects_path_outside_project ... ok
test execution::tests::context_rejects_traversal_attempt ... ok
test execution::git::tests::resolve_conflict_theirs ... ok
test github::auth::tests::auth_error_debug_format ... ok
test github::auth::tests::auth_error_display_messages ... ok
test execution::git::tests::resolve_conflict_ours ... ok
test github::auth::tests::configure_git_credentials_runs ... ok
test github::auth::tests::default_impl_uses_default_client_id ... ok
test github::auth::tests::auth_error_request_failed_display ... ok
test github::auth::tests::auth_creates_with_client_id ... ok
test github::auth::tests::default_scopes_include_repo ... ok
test github::auth::tests::device_code_response_debug ... ok
test github::auth::tests::device_code_response_deserializes ... ok
test github::auth::tests::github_user_debug ... ok
test github::auth::tests::github_user_deserializes_all_fields ... ok
test github::auth::tests::github_user_deserializes_without_optional_fields ... ok
test github::auth::tests::default_uses_default_client_id ... ok
test github::auth::tests::token_response_deserializes_error ... ok
test github::auth::tests::token_response_deserializes_error_without_description ... ok
test github::auth::tests::token_response_deserializes_success ... ok
test github::auth::tests::token_response_error_with_empty_description ... ok
test github::auth::tests::token_response_success_fields ... ok
test github::auth::tests::open_browser_does_not_panic ... ok
test github::auth::tests::verify_token_returns_device_flow_error_on_500 ... ok
test github::auth::tests::verify_token_returns_error_on_403 ... ok
test github::auth::tests::verify_token_returns_error_on_non_json_success ... ok
test github::auth::tests::verify_token_returns_token_expired_on_401 ... ok
test github::auth::tests::verify_token_returns_user_on_success ... ok
test github::auth::tests::verify_token_sends_correct_auth_header ... ok
test github::auth::tests::verify_token_user_with_null_optional_fields ... ok
test github::auth::tests::verify_token_sends_user_agent_header ... ok
test github::auth::tests::with_api_base_url_overrides_default ... ok
test github::client::tests::approve_pr_without_comment ... ok
test github::client::tests::approve_pr_success ... ok
test github::client::tests::base_url_can_be_overridden ... ok
test github::client::tests::client_requires_token ... ok
test github::auth::tests::remove_git_credentials_succeeds ... ok
test github::client::tests::check_rate_limit_with_valid_headers ... ok
test github::client::tests::client_with_token_works ... ok
test github::client::tests::create_issue_comment_success ... ok
test github::client::tests::create_pull_request_unauthorized ... ok
test github::client::tests::create_pull_request_success ... ok
test github::client::tests::create_review_success ... ok
test github::client::tests::get_issue_success ... ok
test github::client::tests::get_issue_not_found ... ok
test github::client::tests::get_mergeable_status_blocked ... ok
test github::client::tests::get_mergeable_status_blocked_no_state ... ok
test github::client::tests::get_mergeable_status_closed ... ok
test github::client::tests::get_mergeable_status_merged ... ok
test github::client::tests::get_mergeable_status_has_conflicts ... ok
test github::client::tests::get_mergeable_status_mergeable ... ok
test github::client::tests::get_mergeable_status_unknown ... ok
test github::client::tests::get_pull_request_success ... ok
test github::client::tests::get_pr_change_summary_counts_statuses ... ok
test github::client::tests::get_pr_files_with_pagination ... ok
test github::client::tests::get_repository_not_found ... ok
test github::client::tests::handle_response_403_no_rate_limit_headers_defaults_to_rate_limited ... ok
test github::client::tests::get_repository_success ... ok
test github::client::tests::handle_response_403_not_rate_limited ... ok
test github::client::tests::handle_response_403_rate_limited ... ok
test github::client::tests::handle_response_generic_error ... ok
test github::client::tests::list_issue_comments_success ... ok
test github::client::tests::list_issues_no_filters ... ok
test github::client::tests::list_issues_with_since_and_per_page ... ok
test github::client::tests::list_issues_with_filters ... ok
test github::client::tests::list_pull_requests_success ... ok
test github::client::tests::list_pr_reviews_success ... ok
test github::client::tests::list_pull_requests_with_state_filter ... ok
test github::client::tests::merge_pr_method_not_allowed_already_merged ... ok
test github::client::tests::merge_pr_conflict_has_conflicts ... ok
test github::client::tests::merge_pr_conflict_head_mismatch ... ok
test github::client::tests::merge_pr_method_not_allowed_not_mergeable ... ok
test github::client::tests::merge_pr_other_error ... ok
test github::client::tests::merge_pr_simple_delegates ... ok
test github::client::tests::request_pr_changes_success ... ok
test github::client::tests::merge_pr_success ... ok
test github::client::tests::unauthorized_returns_error ... ok
test github::comments::tests::all_status_emojis ... ok
test github::comments::tests::comment_error_github_error_display ... ok
test github::comments::tests::comment_error_manual_ticket_display ... ok
test github::comments::tests::from_slice_sets_tasks_completed_to_zero ... ok
test github::comments::tests::generate_markdown_combined_activity_and_errors ... ok
test github::comments::tests::comment_service_new_has_empty_progress_comments ... ok
test github::comments::tests::get_issue_ref_github_ticket ... ok
test github::comments::tests::get_issue_ref_manual_ticket_errors ... ok
test github::comments::tests::progress_bar_calculation ... ok
test github::comments::tests::progress_bar_partial_fill ... ok
test github::comments::tests::progress_summary_basic ... ok
test github::comments::tests::progress_summary_all_completed ... ok
test github::comments::tests::progress_summary_empty_slices ... ok
test github::client::tests::update_issue_comment_success ... ok
test github::comments::tests::progress_summary_footer_always_present ... ok
test github::comments::tests::progress_summary_no_activity_no_section ... ok
test github::comments::tests::progress_summary_multiple_errors ... ok
test github::comments::tests::progress_summary_no_errors_no_section ... ok
test github::comments::tests::progress_summary_with_activity ... ok
test github::comments::tests::progress_summary_with_errors ... ok
test github::comments::tests::progress_summary_with_slices_method ... ok
test github::comments::tests::slice_progress_from_vertical_slice ... ok
test github::issue_sync::tests::convert_issue_multiple_labels ... ok
test github::issue_sync::tests::convert_issue_preserves_source_owner_repo ... ok
test github::issue_sync::tests::convert_issue_with_body ... ok
test github::issue_sync::tests::convert_issue_without_body ... ok
test github::issue_sync::tests::error_display_messages ... ok
test github::issue_sync::tests::issue_ref_new_and_fields ... ok
test github::issue_sync::tests::issue_ref_to_url ... ok
test github::issue_sync::tests::parse_full_github_url ... ok
test github::issue_sync::tests::parse_github_url_missing_issues_segment ... ok
test github::issue_sync::tests::parse_http_url ... ok
test github::issue_sync::tests::parse_invalid_issue_number_in_short_format ... ok
test github::issue_sync::tests::parse_invalid_issue_number_in_url ... ok
test github::issue_sync::tests::parse_invalid_url ... ok
test github::issue_sync::tests::parse_short_format ... ok
test github::issue_sync::tests::parse_short_format_missing_owner ... ok
test github::issue_sync::tests::parse_url_with_only_hash_no_slash ... ok
test github::issue_sync::tests::parse_url_with_whitespace ... ok
test github::issue_sync::tests::parse_url_without_https ... ok
test github::issue_sync::tests::sync_result_accessors ... ok
test github::issue_sync::tests::sync_result_into_ticket ... ok
test github::issue_sync::tests::sync_result_ticket_ref_updated ... ok
test github::merge::tests::merge_error_needs_resolution ... ok
test github::merge::tests::merge_error_retryable ... ok
test github::merge::tests::merge_method_as_str ... ok
test github::merge::tests::merge_method_default ... ok
test github::merge::tests::merge_request_serializes ... ok
test github::merge::tests::merge_result_accessors ... ok
test github::merge::tests::mergeable_status_checks ... ok
test execution::sandbox::tests::exec_with_empty_mounts ... ok
test execution::sandbox::tests::exec_shell_delegates_to_exec ... ok
test execution::sandbox::tests::exec_with_mounts_workspace_override ... ok
test execution::sandbox::tests::exec_with_env_vars ... ok
test execution::sandbox::tests::exec_with_mounts_handles_docker_unavailability ... ok
test execution::sandbox::tests::exec_with_network_enabled_config ... ok

thread 'github::merge_queue::tests::add_to_queue_returns_entry' (4923161) panicked at src/github/merge_queue.rs:1338:63:
called `Result::unwrap()` on an `Err` value: Database(ColumnDecode { index: "0", source: "mismatched types; Rust type `i64` (as SQL type `INT8`) is not compatible with SQL type `INT4`" })
test github::merge_queue::tests::add_to_queue_returns_entry ... FAILED

thread 'github::merge_queue::tests::can_merge_after_front_completed' (4923174) panicked at src/github/merge_queue.rs:2380:44:
called `Result::unwrap()` on an `Err` value: Database(ColumnDecode { index: "0", source: "mismatched types; Rust type `i64` (as SQL type `INT8`) is not compatible with SQL type `INT4`" })

thread 'github::merge_queue::tests::cleanup_multiple_old_entries' (4923220) panicked at src/db/test_utils.rs:62:14:
called `Result::unwrap()` on an `Err` value: Io(Custom { kind: Other, error: "A Tokio 1.x context was found, but it is being shutdown." })
test github::merge_queue::tests::can_merge_after_front_completed ... FAILED
test github::merge_queue::tests::cleanup_multiple_old_entries ... FAILED

thread 'github::merge_queue::tests::can_merge_first_pending' (4923192) panicked at src/github/merge_queue.rs:1575:51:
called `Result::unwrap()` on an `Err` value: Database(ColumnDecode { index: "0", source: "mismatched types; Rust type `i64` (as SQL type `INT8`) is not compatible with SQL type `INT4`" })
test github::merge_queue::tests::can_merge_first_pending ... FAILED

thread 'github::merge_queue::tests::cleanup_does_not_remove_conflict_or_in_progress' (4923199) panicked at src/github/merge_queue.rs:2493:44:
called `Result::unwrap()` on an `Err` value: Database(ColumnDecode { index: "0", source: "mismatched types; Rust type `i64` (as SQL type `INT8`) is not compatible with SQL type `INT4`" })
test github::merge_queue::tests::cleanup_does_not_remove_conflict_or_in_progress ... FAILED

thread 'github::merge_queue::tests::cleanup_does_not_remove_failed' (4923201) panicked at src/github/merge_queue.rs:1982:51:
called `Result::unwrap()` on an `Err` value: Database(ColumnDecode { index: "0", source: "mismatched types; Rust type `i64` (as SQL type `INT8`) is not compatible with SQL type `INT4`" })
test github::merge_queue::tests::cleanup_does_not_remove_failed ... FAILED

thread 'github::merge_queue::tests::can_merge_wrong_pr_returns_false' (4923197) panicked at src/github/merge_queue.rs:2773:44:
called `Result::unwrap()` on an `Err` value: Database(ColumnDecode { index: "0", source: "mismatched types; Rust type `i64` (as SQL type `INT8`) is not compatible with SQL type `INT4`" })

thread 'github::merge_queue::tests::can_merge_no_pending' (4923196) panicked at src/db/test_utils.rs:101:14:
called `Result::unwrap()` on an `Err` value: Io(Custom { kind: Other, error: "A Tokio 1.x context was found, but it is being shutdown." })
test github::merge_queue::tests::can_merge_wrong_pr_returns_false ... FAILED
test github::merge_queue::tests::can_merge_no_pending ... FAILED

thread 'github::merge_queue::tests::cleanup_old_entries_keeps_recent' (4923222) panicked at src/github/merge_queue.rs:1936:51:
called `Result::unwrap()` on an `Err` value: Database(ColumnDecode { index: "0", source: "mismatched types; Rust type `i64` (as SQL type `INT8`) is not compatible with SQL type `INT4`" })
test github::merge_queue::tests::cleanup_old_entries_keeps_recent ... FAILED

thread 'github::merge_queue::tests::cleanup_old_entries_removes_old_merged' (4923224) panicked at src/github/merge_queue.rs:1902:51:
called `Result::unwrap()` on an `Err` value: Database(ColumnDecode { index: "0", source: "mismatched types; Rust type `i64` (as SQL type `INT8`) is not compatible with SQL type `INT4`" })
test github::merge_queue::tests::cleanup_old_entries_removes_old_merged ... FAILED

thread 'github::merge_queue::tests::cleanup_old_entries_removes_skipped_too' (4923230) panicked at src/github/merge_queue.rs:1956:51:
called `Result::unwrap()` on an `Err` value: Database(ColumnDecode { index: "0", source: "mismatched types; Rust type `i64` (as SQL type `INT8`) is not compatible with SQL type `INT4`" })
test github::merge_queue::tests::cleanup_old_entries_removes_skipped_too ... FAILED

thread 'github::merge_queue::tests::compact_queue_already_correct_positions' (4923237) panicked at src/github/merge_queue.rs:2321:44:
called `Result::unwrap()` on an `Err` value: Database(ColumnDecode { index: "0", source: "mismatched types; Rust type `i64` (as SQL type `INT8`) is not compatible with SQL type `INT4`" })
test github::merge_queue::tests::compact_queue_already_correct_positions ... FAILED

thread 'github::merge_queue::tests::cleanup_with_zero_duration' (4923236) panicked at src/github/merge_queue.rs:2788:44:
called `Result::unwrap()` on an `Err` value: Database(ColumnDecode { index: "0", source: "mismatched types; Rust type `i64` (as SQL type `INT8`) is not compatible with SQL type `INT4`" })
test github::merge_queue::tests::conflict_info_json_clone_and_debug ... ok
test github::merge_queue::tests::conflict_info_json_empty_files ... ok
test github::merge_queue::tests::cleanup_with_zero_duration ... FAILED
test github::merge_queue::tests::conflict_info_json_serialization ... ok

thread 'github::merge_queue::tests::compact_queue_renumbers_after_removal' (4923253) panicked at src/github/merge_queue.rs:1659:51:
called `Result::unwrap()` on an `Err` value: Database(ColumnDecode { index: "0", source: "mismatched types; Rust type `i64` (as SQL type `INT8`) is not compatible with SQL type `INT4`" })
test github::merge_queue::tests::compact_queue_renumbers_after_removal ... FAILED

thread 'github::merge_queue::tests::compact_queue_skips_non_pending' (4923254) panicked at src/github/merge_queue.rs:1689:51:
called `Result::unwrap()` on an `Err` value: Database(ColumnDecode { index: "0", source: "mismatched types; Rust type `i64` (as SQL type `INT8`) is not compatible with SQL type `INT4`" })
test github::merge_queue::tests::compact_queue_skips_non_pending ... FAILED
test execution::sandbox::tests::exec_handles_docker_unavailability ... ok

thread 'github::merge_queue::tests::compact_queue_with_mixed_statuses' (4923257) panicked at src/github/merge_queue.rs:2637:44:
called `Result::unwrap()` on an `Err` value: Database(ColumnDecode { index: "0", source: "mismatched types; Rust type `i64` (as SQL type `INT8`) is not compatible with SQL type `INT4`" })
test github::merge_queue::tests::compact_queue_with_mixed_statuses ... FAILED
test github::merge_queue::tests::add_duplicate_pr_updates_timestamp has been running for over 60 seconds
test github::merge_queue::tests::add_three_then_remove_first_and_compact has been running for over 60 seconds

thread 'github::merge_queue::tests::add_three_then_remove_first_and_compact' (4923160) panicked at src/db/test_utils.rs:62:14:
called `Result::unwrap()` on an `Err` value: PoolTimedOut

thread 'github::merge_queue::tests::add_duplicate_pr_updates_timestamp' (4923159) panicked at src/db/test_utils.rs:62:14:
called `Result::unwrap()` on an `Err` value: PoolTimedOut
test github::merge_queue::tests::add_three_then_remove_first_and_compact ... FAILED
test github::merge_queue::tests::add_duplicate_pr_updates_timestamp ... FAILED
test github::merge_queue::tests::cleanup_old_entries_empty_queue has been running for over 60 seconds

thread 'github::merge_queue::tests::cleanup_old_entries_empty_queue' (4923221) panicked at src/db/test_utils.rs:62:14:
called `Result::unwrap()` on an `Err` value: PoolTimedOut
test github::merge_queue::tests::cleanup_old_entries_empty_queue ... FAILED

thread 'github::merge_queue::tests::get_needs_attention_conflict_and_failed' (4923266) panicked at src/github/merge_queue.rs:1811:51:
called `Result::unwrap()` on an `Err` value: Database(ColumnDecode { index: "0", source: "mismatched types; Rust type `i64` (as SQL type `INT8`) is not compatible with SQL type `INT4`" })
test github::merge_queue::tests::get_needs_attention_conflict_and_failed ... FAILED
test github::merge_queue::tests::compact_queue_empty_is_noop has been running for over 60 seconds

thread 'github::merge_queue::tests::get_needs_attention_only_pending_and_merged' (4923270) panicked at src/github/merge_queue.rs:2411:44:
called `Result::unwrap()` on an `Err` value: Database(ColumnDecode { index: "0", source: "mismatched types; Rust type `i64` (as SQL type `INT8`) is not compatible with SQL type `INT4`" })
test github::merge_queue::tests::get_needs_attention_only_pending_and_merged ... FAILED

thread 'github::merge_queue::tests::get_needs_attention_none' (4923269) panicked at src/github/merge_queue.rs:1843:51:
called `Result::unwrap()` on an `Err` value: Database(ColumnDecode { index: "0", source: "mismatched types; Rust type `i64` (as SQL type `INT8`) is not compatible with SQL type `INT4`" })
test github::merge_queue::tests::get_needs_attention_none ... FAILED

thread 'github::merge_queue::tests::get_next_to_merge_all_non_pending' (4925206) panicked at src/github/merge_queue.rs:1560:51:
called `Result::unwrap()` on an `Err` value: Database(ColumnDecode { index: "0", source: "mismatched types; Rust type `i64` (as SQL type `INT8`) is not compatible with SQL type `INT4`" })
test github::merge_queue::tests::get_next_to_merge_all_non_pending ... FAILED

thread 'github::merge_queue::tests::get_next_position_empty_then_after_add' (4925205) panicked at src/github/merge_queue.rs:1355:60:
called `Result::unwrap()` on an `Err` value: Database(ColumnDecode { index: "0", source: "mismatched types; Rust type `i64` (as SQL type `INT8`) is not compatible with SQL type `INT4`" })
test github::merge_queue::tests::get_next_position_empty_then_after_add ... FAILED

thread 'github::merge_queue::tests::get_position_non_pending_returns_none' (4925221) panicked at src/github/merge_queue.rs:1612:51:
called `Result::unwrap()` on an `Err` value: Database(ColumnDecode { index: "0", source: "mismatched types; Rust type `i64` (as SQL type `INT8`) is not compatible with SQL type `INT4`" })
test github::merge_queue::tests::get_position_non_pending_returns_none ... FAILED

thread 'github::merge_queue::tests::get_next_to_merge_skips_conflict_and_failed' (4925220) panicked at src/github/merge_queue.rs:2742:44:
called `Result::unwrap()` on an `Err` value: Database(ColumnDecode { index: "0", source: "mismatched types; Rust type `i64` (as SQL type `INT8`) is not compatible with SQL type `INT4`" })
test github::merge_queue::tests::get_next_to_merge_skips_conflict_and_failed ... FAILED
test github::merge_queue::tests::entry_has_correct_timestamps has been running for over 60 seconds
test github::merge_queue::tests::get_entry_found_and_not_found has been running for over 60 seconds

thread 'github::merge_queue::tests::entry_has_correct_timestamps' (4923262) panicked at src/db/test_utils.rs:62:14:
called `Result::unwrap()` on an `Err` value: PoolTimedOut

thread 'github::merge_queue::tests::get_entry_found_and_not_found' (4923263) panicked at src/db/test_utils.rs:62:14:
called `Result::unwrap()` on an `Err` value: PoolTimedOut
test github::merge_queue::tests::entry_has_correct_timestamps ... FAILED
test github::merge_queue::tests::get_entry_found_and_not_found ... FAILED

thread 'github::merge_queue::tests::get_position_pending_entries' (4925224) panicked at src/github/merge_queue.rs:1597:51:
called `Result::unwrap()` on an `Err` value: Database(ColumnDecode { index: "0", source: "mismatched types; Rust type `i64` (as SQL type `INT8`) is not compatible with SQL type `INT4`" })
test github::merge_queue::tests::get_position_pending_entries ... FAILED
test github::merge_queue::tests::get_needs_attention_empty_queue has been running for over 60 seconds
test github::merge_queue::tests::compact_queue_empty_is_noop ... ok

thread 'github::merge_queue::tests::get_queue_different_repos_independent' (4925235) panicked at src/github/merge_queue.rs:2708:49:
called `Result::unwrap()` on an `Err` value: Database(ColumnDecode { index: "0", source: "mismatched types; Rust type `i64` (as SQL type `INT8`) is not compatible with SQL type `INT4`" })
test github::merge_queue::tests::get_queue_different_repos_independent ... FAILED

thread 'github::merge_queue::tests::get_position_skips_non_pending_in_counting' (4925234) panicked at src/github/merge_queue.rs:2338:44:
called `Result::unwrap()` on an `Err` value: Database(ColumnDecode { index: "0", source: "mismatched types; Rust type `i64` (as SQL type `INT8`) is not compatible with SQL type `INT4`" })

thread 'github::merge_queue::tests::get_position_not_in_queue' (4925223) panicked at src/db/test_utils.rs:101:14:
called `Result::unwrap()` on an `Err` value: Io(Custom { kind: Other, error: "A Tokio 1.x context was found, but it is being shutdown." })
test github::merge_queue::tests::get_position_skips_non_pending_in_counting ... FAILED
test github::merge_queue::tests::get_position_not_in_queue ... FAILED

thread 'github::merge_queue::tests::get_queue_returns_ordered' (4925238) panicked at src/github/merge_queue.rs:1387:52:
called `Result::unwrap()` on an `Err` value: Database(ColumnDecode { index: "0", source: "mismatched types; Rust type `i64` (as SQL type `INT8`) is not compatible with SQL type `INT4`" })
test github::merge_queue::tests::get_queue_returns_ordered ... FAILED

thread 'github::merge_queue::tests::get_queue_stats_all_pending' (4925239) panicked at src/github/merge_queue.rs:2808:44:
called `Result::unwrap()` on an `Err` value: Database(ColumnDecode { index: "0", source: "mismatched types; Rust type `i64` (as SQL type `INT8`) is not compatible with SQL type `INT4`" })

thread 'github::merge_queue::tests::get_queue_empty_repo' (4925237) panicked at src/db/test_utils.rs:101:14:
called `Result::unwrap()` on an `Err` value: Io(Custom { kind: Other, error: "A Tokio 1.x context was found, but it is being shutdown." })
test github::merge_queue::tests::get_queue_stats_all_pending ... FAILED
test github::merge_queue::tests::get_queue_empty_repo ... FAILED

thread 'github::merge_queue::tests::get_queue_stats_counts_all_statuses' (4925243) panicked at src/github/merge_queue.rs:1710:51:
called `Result::unwrap()` on an `Err` value: Database(ColumnDecode { index: "0", source: "mismatched types; Rust type `i64` (as SQL type `INT8`) is not compatible with SQL type `INT4`" })
test github::merge_queue::tests::get_queue_stats_counts_all_statuses ... FAILED

thread 'github::merge_queue::tests::has_pending_work_only_completed' (4925253) panicked at src/github/merge_queue.rs:1887:51:
called `Result::unwrap()` on an `Err` value: Database(ColumnDecode { index: "0", source: "mismatched types; Rust type `i64` (as SQL type `INT8`) is not compatible with SQL type `INT4`" })
test github::merge_queue::tests::has_pending_work_only_completed ... FAILED
test github::merge_queue::tests::invalid_status_parse ... ok
test github::merge_queue::tests::invalid_status_parse_various ... ok
test github::merge_queue::tests::merge_strategy_all_conversions ... ok
test github::merge_queue::tests::merge_strategy_to_merge_method ... ok
test github::merge_queue::tests::notification_options_clone ... ok
test github::merge_queue::tests::notification_options_debug ... ok
test github::merge_queue::tests::notification_options_default ... ok
test github::merge_queue::tests::pr_queue_entry_clone_and_debug ... ok
test github::merge_queue::tests::pr_queue_entry_struct ... ok
test github::merge_queue::tests::process_result_debug_variants ... ok

thread 'github::merge_queue::tests::has_pending_work_with_conflict_and_failed' (4925256) panicked at src/github/merge_queue.rs:2436:44:
called `Result::unwrap()` on an `Err` value: Database(ColumnDecode { index: "0", source: "mismatched types; Rust type `i64` (as SQL type `INT8`) is not compatible with SQL type `INT4`" })
test github::merge_queue::tests::has_pending_work_with_conflict_and_failed ... FAILED

thread 'github::merge_queue::tests::has_pending_work_with_in_progress' (4925258) panicked at src/github/merge_queue.rs:1874:51:
called `Result::unwrap()` on an `Err` value: Database(ColumnDecode { index: "0", source: "mismatched types; Rust type `i64` (as SQL type `INT8`) is not compatible with SQL type `INT4`" })
test github::merge_queue::tests::has_pending_work_with_in_progress ... FAILED

thread 'github::merge_queue::tests::has_pending_work_with_skipped' (4925263) panicked at src/github/merge_queue.rs:2465:44:
called `Result::unwrap()` on an `Err` value: Database(ColumnDecode { index: "0", source: "mismatched types; Rust type `i64` (as SQL type `INT8`) is not compatible with SQL type `INT4`" })
test github::merge_queue::tests::has_pending_work_with_skipped ... FAILED
test github::merge_queue::tests::queue_error_debug_format ... ok
test github::merge_queue::tests::queue_error_display_messages ... ok
test github::merge_queue::tests::queue_error_from_github_error ... ok
test github::merge_queue::tests::queue_stats_debug_and_clone ... ok
test github::merge_queue::tests::queue_stats_default ... ok
test github::merge_queue::tests::queue_status_clone_copy_eq ... ok
test github::merge_queue::tests::queue_status_display ... ok
test github::merge_queue::tests::queue_status_roundtrip ... ok
test github::merge_queue::tests::queue_status_serde_json_roundtrip ... ok
test github::merge_queue::tests::get_needs_attention_empty_queue ... ok

thread 'github::merge_queue::tests::has_pending_work_with_pending' (4925259) panicked at src/github/merge_queue.rs:1864:51:
called `Result::unwrap()` on an `Err` value: Database(ColumnDecode { index: "0", source: "mismatched types; Rust type `i64` (as SQL type `INT8`) is not compatible with SQL type `INT4`" })

thread 'github::merge_queue::tests::get_queue_stats_empty' (4925250) panicked at src/db/test_utils.rs:101:14:
called `Result::unwrap()` on an `Err` value: Io(Custom { kind: Other, error: "A Tokio 1.x context was found, but it is being shutdown." })
test github::merge_queue::tests::has_pending_work_with_pending ... FAILED
test github::merge_queue::tests::get_queue_stats_empty ... FAILED

thread 'github::merge_queue::tests::prs_ahead_after_front_merged' (4925275) panicked at src/github/merge_queue.rs:2360:44:
called `Result::unwrap()` on an `Err` value: Database(ColumnDecode { index: "0", source: "mismatched types; Rust type `i64` (as SQL type `INT8`) is not compatible with SQL type `INT4`" })
test github::merge_queue::tests::prs_ahead_after_front_merged ... FAILED

thread 'github::merge_queue::tests::prs_ahead_counts_correctly' (4925280) panicked at src/github/merge_queue.rs:1635:51:
called `Result::unwrap()` on an `Err` value: Database(ColumnDecode { index: "0", source: "mismatched types; Rust type `i64` (as SQL type `INT8`) is not compatible with SQL type `INT4`" })
test github::merge_queue::tests::prs_ahead_counts_correctly ... FAILED

thread 'github::merge_queue::tests::queues_isolated_by_owner' (4925318) panicked at src/github/merge_queue.rs:2564:51:
called `Result::unwrap()` on an `Err` value: Database(ColumnDecode { index: "0", source: "mismatched types; Rust type `i64` (as SQL type `INT8`) is not compatible with SQL type `INT4`" })
test github::merge_queue::tests::queues_isolated_by_owner ... FAILED

thread 'github::merge_queue::tests::remove_from_queue_different_repo_no_effect' (4925334) panicked at src/github/merge_queue.rs:2726:49:
called `Result::unwrap()` on an `Err` value: Database(ColumnDecode { index: "0", source: "mismatched types; Rust type `i64` (as SQL type `INT8`) is not compatible with SQL type `INT4`" })
test github::merge_queue::tests::remove_from_queue_different_repo_no_effect ... FAILED

thread 'github::merge_queue::tests::queues_are_isolated_by_repo' (4925293) panicked at src/github/merge_queue.rs:2023:52:
called `Result::unwrap()` on an `Err` value: Database(ColumnDecode { index: "0", source: "mismatched types; Rust type `i64` (as SQL type `INT8`) is not compatible with SQL type `INT4`" })

thread 'github::merge_queue::tests::prs_ahead_not_in_queue' (4925283) panicked at src/db/test_utils.rs:101:14:
called `Result::unwrap()` on an `Err` value: Io(Custom { kind: Other, error: "A Tokio 1.x context was found, but it is being shutdown." })
test github::merge_queue::tests::queues_are_isolated_by_repo ... FAILED
test github::merge_queue::tests::prs_ahead_not_in_queue ... FAILED

thread 'github::merge_queue::tests::remove_from_queue_works' (4925336) panicked at src/github/merge_queue.rs:1369:51:
called `Result::unwrap()` on an `Err` value: Database(ColumnDecode { index: "0", source: "mismatched types; Rust type `i64` (as SQL type `INT8`) is not compatible with SQL type `INT4`" })
test github::merge_queue::tests::remove_from_queue_works ... FAILED

thread 'github::merge_queue::tests::reset_interrupted_via_resume_multiple' (4925341) panicked at src/github/merge_queue.rs:2863:51:
called `Result::unwrap()` on an `Err` value: Database(ColumnDecode { index: "0", source: "mismatched types; Rust type `i64` (as SQL type `INT8`) is not compatible with SQL type `INT4`" })
test github::merge_queue::tests::reset_interrupted_via_resume_multiple ... FAILED
test github::merge_queue::tests::has_pending_work_empty ... ok
test github::merge_queue::tests::get_next_to_merge_empty_queue ... ok

thread 'github::merge_queue::tests::resume_processing_no_interrupted' (4925347) panicked at src/github/merge_queue.rs:1798:51:
called `Result::unwrap()` on an `Err` value: Database(ColumnDecode { index: "0", source: "mismatched types; Rust type `i64` (as SQL type `INT8`) is not compatible with SQL type `INT4`" })
test github::merge_queue::tests::resume_processing_no_interrupted ... FAILED

thread 'github::merge_queue::tests::resume_processing_only_returns_pending_not_other_statuses' (4925348) panicked at src/github/merge_queue.rs:2672:44:
called `Result::unwrap()` on an `Err` value: Database(ColumnDecode { index: "0", source: "mismatched types; Rust type `i64` (as SQL type `INT8`) is not compatible with SQL type `INT4`" })
test github::merge_queue::tests::resume_processing_only_returns_pending_not_other_statuses ... FAILED

thread 'github::merge_queue::tests::resume_processing_resets_in_progress' (4925349) panicked at src/github/merge_queue.rs:1767:51:
called `Result::unwrap()` on an `Err` value: Database(ColumnDecode { index: "0", source: "mismatched types; Rust type `i64` (as SQL type `INT8`) is not compatible with SQL type `INT4`" })
test github::merge_queue::tests::resume_processing_resets_in_progress ... FAILED

thread 'github::merge_queue::tests::set_conflict_info_nonexistent_returns_false' (4925351) panicked at src/github/merge_queue.rs:1521:14:
called `Result::unwrap()` on an `Err` value: Database(Database(PgDatabaseError { severity: Error, code: "42804", message: "column \"updated_at\" is of type timestamp with time zone but expression is of type text", detail: None, hint: Some("You will need to rewrite or cast the expression."), position: Some(Original(98)), where: None, schema: None, table: None, column: None, data_type: None, constraint: None, file: Some("parse_target.c"), line: Some(586), routine: Some("transformAssignedExpr") }))
test github::merge_queue::tests::set_conflict_info_nonexistent_returns_false ... FAILED
test github::pr::tests::create_pr_for_slice_api_error ... ok
test github::pr::tests::create_pr_for_slice_manual_ticket_returns_error ... ok
test github::pr::tests::create_pr_for_slice_success ... ok
test github::pr::tests::create_pr_for_slice_uses_fallback_when_no_parent_branch ... ok
test github::pr::tests::create_simple_pr_api_error ... ok
test github::pr::tests::create_simple_pr_success ... ok
test github::pr::tests::pr_body_generator_basic ... ok
test github::pr::tests::pr_body_generator_combined_tasks_files_issue ... ok
test github::pr::tests::pr_body_generator_empty_no_tasks_no_files_no_issue ... ok
test github::pr::tests::pr_body_generator_from_ticket_source ... ok
test github::pr::tests::pr_body_generator_from_ticket_source_manual_no_issue ... ok
test github::pr::tests::pr_body_generator_full_builder_chain_from_new ... ok
test github::pr::tests::pr_body_generator_full_builder_chain_from_slice ... ok
test github::pr::tests::pr_body_generator_with_files ... ok
test github::pr::tests::pr_body_generator_with_issue_link ... ok
test github::pr::tests::pr_body_generator_with_tasks ... ok
test github::pr::tests::pr_error_display_creation_failed ... ok
test github::pr::tests::pr_error_display_manual_ticket ... ok
test github::pr::tests::pr_error_from_github_error ... ok
test github::pr::tests::pr_result_debug ... ok
test github::pr::tests::pr_result_display ... ok
test github::pr::tests::pr_service_default_fallback_base ... ok
test github::pr::tests::pr_service_with_fallback_base ... ok
test github::types::tests::file_status_deserializes ... ok
test github::types::tests::issue_filters_builder ... ok
test github::types::tests::issue_state_as_str ... ok
test github::types::tests::per_page_capped_at_100 ... ok
test github::types::tests::review_event_serializes ... ok
test github::types::tests::review_state_deserializes ... ok
test headless::tests::headless_runner_new_with_invalid_output_path ... ok
test headless::tests::headless_runner_new_with_output_file ... ok
test headless::tests::headless_runner_write_methods ... ok
test headless::tests::parse_input_file_empty ... ok
test headless::tests::parse_input_file_json_with_github_issue ... ok
test headless::tests::parse_input_file_nonexistent ... ok
test headless::tests::parse_input_file_only_comments ... ok
test headless::tests::parse_input_file_with_whitespace_lines ... ok
test headless::tests::parse_json_array_tasks ... ok
test headless::tests::parse_json_single_task ... ok
test headless::tests::parse_plain_text_tasks ... ok

thread 'github::merge_queue::tests::set_conflict_info_overwrites_previous' (4925352) panicked at src/github/merge_queue.rs:2609:44:
called `Result::unwrap()` on an `Err` value: Database(ColumnDecode { index: "0", source: "mismatched types; Rust type `i64` (as SQL type `INT8`) is not compatible with SQL type `INT4`" })
test github::merge_queue::tests::set_conflict_info_overwrites_previous ... FAILED

thread 'github::merge_queue::tests::set_conflict_info_works' (4925353) panicked at src/github/merge_queue.rs:1486:51:
called `Result::unwrap()` on an `Err` value: Database(ColumnDecode { index: "0", source: "mismatched types; Rust type `i64` (as SQL type `INT8`) is not compatible with SQL type `INT4`" })
test github::merge_queue::tests::set_conflict_info_works ... FAILED

thread 'github::merge_queue::tests::update_status_all_statuses' (4925361) panicked at src/github/merge_queue.rs:2586:44:
called `Result::unwrap()` on an `Err` value: Database(ColumnDecode { index: "0", source: "mismatched types; Rust type `i64` (as SQL type `INT8`) is not compatible with SQL type `INT4`" })
test github::merge_queue::tests::update_status_all_statuses ... FAILED
test headless::tests::run_with_no_task_fails ... ok

thread 'github::merge_queue::tests::update_status_changes_updated_at' (4925362) panicked at src/github/merge_queue.rs:2843:44:
called `Result::unwrap()` on an `Err` value: Database(ColumnDecode { index: "0", source: "mismatched types; Rust type `i64` (as SQL type `INT8`) is not compatible with SQL type `INT4`" })
test github::merge_queue::tests::update_status_changes_updated_at ... FAILED

thread 'github::merge_queue::tests::update_status_with_error_message' (4925371) panicked at src/github/merge_queue.rs:1451:51:
called `Result::unwrap()` on an `Err` value: Database(ColumnDecode { index: "0", source: "mismatched types; Rust type `i64` (as SQL type `INT8`) is not compatible with SQL type `INT4`" })
test github::merge_queue::tests::update_status_with_error_message ... FAILED

thread 'github::merge_queue::tests::update_status_works' (4925372) panicked at src/github/merge_queue.rs:1433:51:
called `Result::unwrap()` on an `Err` value: Database(ColumnDecode { index: "0", source: "mismatched types; Rust type `i64` (as SQL type `INT8`) is not compatible with SQL type `INT4`" })
test github::merge_queue::tests::update_status_works ... FAILED
test headless::tests::task_input_deserializes ... ok
test headless::tests::task_input_minimal ... ok
test headless::tests::task_result_variants ... ok
test headless::tests::write_methods_produce_expected_prefixes ... ok
test llm::anthropic::tests::anthropic_message_from_assistant ... ok
test llm::anthropic::tests::anthropic_message_from_user ... ok
test llm::anthropic::tests::build_request_max_tokens ... ok
test llm::anthropic::tests::build_request_multiple_messages ... ok
test llm::anthropic::tests::build_request_uses_config_model_when_empty ... ok
test llm::anthropic::tests::build_request_uses_provided_model ... ok
test llm::anthropic::tests::build_request_with_streaming ... ok
test llm::anthropic::tests::build_request_with_system_prompt ... ok
test llm::anthropic::tests::client_creates_with_valid_key ... ok
test llm::anthropic::tests::client_model_accessor ... ok
test llm::anthropic::tests::client_model_id ... ok
test llm::anthropic::tests::client_provider_name ... ok
test llm::anthropic::tests::client_rejects_empty_key ... ok
test llm::anthropic::tests::config_defaults ... ok
test llm::anthropic::tests::config_from_explicit_key ... ok
test llm::anthropic::tests::config_with_base_url ... ok
test llm::anthropic::tests::handle_error_401_auth_error ... ok
test llm::anthropic::tests::handle_error_429_rate_limited ... ok
test llm::anthropic::tests::handle_error_500_api_error ... ok
test llm::anthropic::tests::handle_error_empty_body ... ok
test llm::anthropic::tests::handle_error_unparseable_body ... ok
test llm::anthropic::tests::messages_url_correct ... ok
test llm::anthropic::tests::messages_url_with_custom_base ... ok
test llm::anthropic::tests::parse_sse_content_block_start ... ok
test llm::anthropic::tests::parse_sse_content_block_stop ... ok
test llm::anthropic::tests::parse_sse_content_delta ... ok
test llm::anthropic::tests::parse_sse_content_delta_no_text_returns_none ... ok
test llm::anthropic::tests::parse_sse_done_marker ... ok
test llm::anthropic::tests::parse_sse_error_event ... ok
test llm::anthropic::tests::parse_sse_ignores_non_data_lines ... ok
test llm::anthropic::tests::parse_sse_invalid_json_returns_none ... ok
test llm::anthropic::tests::parse_sse_message_delta_no_stop_reason ... ok
test llm::anthropic::tests::parse_sse_message_delta_no_usage ... ok
test llm::anthropic::tests::parse_sse_message_delta_with_stop_reason ... ok
test llm::anthropic::tests::parse_sse_message_start ... ok
test llm::anthropic::tests::parse_sse_message_stop ... ok
test llm::anthropic::tests::parse_sse_ping ... ok
test llm::anthropic::tests::parse_stop_reasons ... ok
test llm::anthropic::tests::send_message_auth_error ... ok
test llm::anthropic::tests::send_message_invalid_json_response ... ok
test llm::anthropic::tests::send_message_multiple_content_blocks ... ok
test llm::anthropic::tests::send_message_rate_limited ... ok
test llm::anthropic::tests::send_message_server_error ... ok
test llm::anthropic::tests::send_message_success ... ok
test llm::cost::db_tests::cost_record_row_try_from_various_tiers ... ok
test llm::cost::db_tests::cost_record_row_try_from_with_task_id ... ok
test headless::tests::process_task_returns_success ... ok
test headless::tests::run_with_input_file_containing_github_issues ... ok
test headless::tests::run_with_sync_arg ... ok
test headless::tests::run_with_task_arg ... ok
test llm::cost::summary_tests::test_costs_by_model ... ok
test llm::cost::summary_tests::test_costs_by_tier ... ok
test llm::cost::summary_tests::test_format_cost ... ok
test llm::cost::summary_tests::test_get_summary ... ok
test llm::cost::tests::calculate_cost_large_tokens ... ok
test llm::cost::tests::calculate_cost_zero_tokens ... ok
test llm::cost::tests::cost_tracker_in_memory ... ok
test llm::cost::tests::get_pricing_known_models ... ok
test llm::cost::tests::get_pricing_unknown_returns_default ... ok
test llm::cost::tests::has_known_pricing_true_false ... ok
test llm::cost::tests::known_models_nonempty ... ok
test llm::cost::tests::test_claude_3_haiku_pricing ... ok
test llm::cost::tests::test_cost_calculation ... ok
test llm::cost::tests::test_sonnet_alias ... ok
test llm::cost::tests::test_unknown_model_uses_default ... ok
test llm::cost::tracker_tests::test_record_call_in_memory ... ok
test llm::cost::tracker_tests::test_session_total ... ok
test llm::provider::tests::mock_provider_send_message ... ok
test llm::provider::tests::mock_provider_stream ... ok
test llm::provider::tests::provider_name_and_model ... ok
test llm::retry::tests::test_backoff_attempts_and_has_remaining ... ok
test llm::retry::tests::test_backoff_config_builder_methods ... ok
test llm::retry::tests::test_backoff_default_config ... ok
test llm::retry::tests::test_backoff_increases ... ok
test llm::retry::tests::test_backoff_max_delay_cap_with_multiplier ... ok
test llm::retry::tests::test_backoff_no_jitter_produces_exact_delays ... ok
test llm::retry::tests::test_backoff_reset_restores_initial_delay ... ok
test llm::retry::tests::test_backoff_with_jitter_varies ... ok
test llm::retry::tests::test_backoff_zero_retries ... ok
test llm::retry::tests::test_default_config ... ok
test llm::retry::tests::test_jitter_clamped_to_range ... ok
test llm::retry::tests::test_max_delay_cap ... ok
test llm::retry::tests::test_max_retries_exceeded ... ok
test llm::retry::tests::test_no_retry_on_auth_error ... ok
test llm::retry::tests::test_parse_retry_after ... ok
test llm::retry::tests::test_parse_retry_after_http_date_returns_none ... ok
test llm::retry::tests::test_parse_retry_after_large ... ok
test llm::retry::tests::test_parse_retry_after_zero ... ok
test llm::retry::tests::test_reset ... ok
test llm::retry::tests::test_retries_on_rate_limit ... ok
test llm::retry::tests::test_retries_on_server_error ... ok
test llm::retry::tests::test_retry_context_debug ... ok
test llm::retry::tests::test_retry_policy_always ... ok
test llm::retry::tests::test_retry_policy_always_accepts_all ... ok
test llm::retry::tests::test_retry_policy_default_400_not_retried ... ok
test llm::retry::tests::test_retry_policy_default_499_not_retried ... ok
test llm::retry::tests::test_retry_policy_default_500_retried ... ok
test llm::retry::tests::test_retry_policy_default_502_retried ... ok
test llm::retry::tests::test_retry_policy_default_599_retried ... ok
test llm::retry::tests::test_retry_policy_default_600_not_retried ... ok
test llm::retry::tests::test_retry_policy_default_auth_error_not_retried ... ok
test llm::retry::tests::test_retry_policy_default_max_retries_exceeded_not_retried ... ok
test llm::retry::tests::test_retry_policy_default_parse_error_not_retried ... ok
test llm::retry::tests::test_retry_policy_default_stream_error_not_retried ... ok
test llm::retry::tests::test_retry_policy_default_timeout ... ok
test llm::retry::tests::test_retry_policy_equality ... ok
test llm::retry::tests::test_retry_policy_never ... ok
test llm::retry::tests::test_retry_policy_never_rejects_all ... ok
test llm::retry::tests::test_success_no_retry ... ok
test llm::retry::tests::test_with_retry_always_policy_retries_auth_error ... ok
test llm::retry::tests::test_with_retry_never_policy_no_retries ... ok
test llm::retry::tests::test_with_retry_non_retryable_mid_retry ... ok
test llm::retry::tests::test_with_retry_rate_limit_uses_retry_after_delay ... ok
test llm::types::tests::accumulator_builds_response ... ok
test llm::types::tests::accumulator_returns_none_if_incomplete ... ok
test llm::types::tests::message_assistant_creates_assistant_role ... ok
test llm::types::tests::message_serialization_works ... ok
test llm::types::tests::message_user_creates_user_role ... ok
test llm::types::tests::request_builder_works ... ok
test llm::types::tests::request_defaults_are_sensible ... ok
test llm::types::tests::request_serialization_works ... ok
test llm::types::tests::token_usage_total ... ok
test logging::tests::agent_span_has_correct_fields ... ok
test logging::tests::db_span_has_correct_fields ... ok
test logging::tests::env_filter_falls_back_to_info ... ok
test logging::tests::init_logging_with_file_creates_log_dir ... ok
test logging::tests::llm_span_has_correct_fields ... ok
test logging::tests::log_dir_constant ... ok
test logging::tests::macros_compile_and_dont_panic ... ok
test logging::tests::span_helpers_return_spans ... ok
test logging::tests::spans_compile ... ok
test logging::tests::task_span_has_correct_fields ... ok
test observability::export::tests::export_summary_cost_by_decision_type ... ok
test observability::export::tests::export_summary_cost_by_model ... ok
test observability::export::tests::export_summary_decisions_only ... ok
test observability::export::tests::export_summary_empty ... ok
test observability::export::tests::export_summary_latency_totals ... ok
test observability::export::tests::export_summary_single_model_single_call ... ok
test observability::export::tests::export_summary_with_calls ... ok
test observability::export::tests::export_summary_with_calls_and_decisions ... ok
test headless::tests::run_writes_to_output_file ... ok
test headless::tests::run_with_input_file ... ok
test github::merge_queue::tests::get_next_to_merge_returns_first_pending has been running for over 60 seconds

thread 'github::merge_queue::tests::get_next_to_merge_returns_first_pending' (4925219) panicked at src/db/test_utils.rs:62:14:
called `Result::unwrap()` on an `Err` value: PoolTimedOut
test github::merge_queue::tests::get_next_to_merge_returns_first_pending ... FAILED

thread 'llm::cost::db_tests::get_historical_summary_without_since' (4925476) panicked at src/llm/cost.rs:670:14:
called `Result::unwrap()` on an `Err` value: Database(PgDatabaseError { severity: Error, code: "42804", message: "column \"id\" is of type uuid but expression is of type text", detail: None, hint: Some("You will need to rewrite or cast the expression."), position: Some(Original(63)), where: None, schema: None, table: None, column: None, data_type: None, constraint: None, file: Some("parse_target.c"), line: Some(586), routine: Some("transformAssignedExpr") })
test llm::cost::db_tests::get_historical_summary_without_since ... FAILED

thread 'llm::cost::db_tests::record_call_persists_to_db' (4925477) panicked at src/llm/cost.rs:670:14:
called `Result::unwrap()` on an `Err` value: Database(PgDatabaseError { severity: Error, code: "42804", message: "column \"id\" is of type uuid but expression is of type text", detail: None, hint: Some("You will need to rewrite or cast the expression."), position: Some(Original(63)), where: None, schema: None, table: None, column: None, data_type: None, constraint: None, file: Some("parse_target.c"), line: Some(586), routine: Some("transformAssignedExpr") })
test llm::cost::db_tests::record_call_persists_to_db ... FAILED

thread 'observability::export::tests::exporter_export_empty_range' (4925570) panicked at src/observability/export.rs:441:51:
called `Result::unwrap()` on an `Err` value: error returned from database: operator does not exist: timestamp with time zone >= text

Caused by:
    operator does not exist: timestamp with time zone >= text
test observability::export::tests::exporter_export_empty_range ... FAILED

thread 'observability::export::tests::exporter_export_task_empty' (4925571) panicked at src/observability/export.rs:487:58:
called `Result::unwrap()` on an `Err` value: error returned from database: operator does not exist: uuid = text

Caused by:
    operator does not exist: uuid = text
test observability::export::tests::exporter_export_task_empty ... FAILED

thread 'observability::export::tests::exporter_export_task_to_file' (4925604) panicked at src/observability/export.rs:604:46:
called `Result::unwrap()` on an `Err` value: error returned from database: column "id" is of type uuid but expression is of type text

Caused by:
    column "id" is of type uuid but expression is of type text
test observability::export::tests::exporter_export_task_to_file ... FAILED

thread 'observability::export::tests::exporter_export_task_to_file_empty' (4927469) panicked at src/observability/export.rs:655:14:
called `Result::unwrap()` on an `Err` value: error returned from database: operator does not exist: uuid = text

Caused by:
    operator does not exist: uuid = text
test observability::export::tests::exporter_export_task_to_file_empty ... FAILED

thread 'github::merge_queue::tests::resume_processing_empty_queue' (4925346) panicked at src/db/test_utils.rs:62:14:
called `Result::unwrap()` on an `Err` value: PoolTimedOut
test github::merge_queue::tests::resume_processing_empty_queue has been running for over 60 seconds
test github::merge_queue::tests::resume_processing_empty_queue ... FAILED
test observability::export::tests::session_export_serialization ... ok
test observability::export::tests::session_export_serialization_with_data ... ok
test observability::export::tests::time_range_clone ... ok
test observability::export::tests::time_range_duration_secs_exact ... ok
test observability::export::tests::time_range_last_24_hours ... ok
test observability::export::tests::time_range_last_hours ... ok
test observability::export::tests::time_range_last_hours_one ... ok
test observability::export::tests::time_range_new ... ok
test observability::logging::tests::decision_builder ... ok
test observability::logging::tests::decision_clone ... ok
test observability::logging::tests::decision_new_defaults ... ok
test observability::logging::tests::decision_row_try_from_invalid_decision_type ... ok
test observability::logging::tests::decision_row_try_from_invalid_llm_call_id ... ok
test observability::logging::tests::decision_row_try_from_invalid_task_id ... ok
test observability::logging::tests::decision_row_try_from_invalid_timestamp ... ok
test observability::logging::tests::decision_row_try_from_invalid_uuid ... ok
test observability::logging::tests::decision_row_try_from_no_llm_call_id ... ok
test observability::logging::tests::decision_row_try_from_valid ... ok
test observability::logging::tests::decision_serialization_roundtrip ... ok
test observability::logging::tests::decision_type_display ... ok
test observability::logging::tests::decision_type_equality ... ok
test observability::logging::tests::decision_type_serde_all_variants ... ok
test observability::logging::tests::decision_type_serialization ... ok
test observability::logging::tests::decision_with_empty_strings ... ok

thread 'observability::export::tests::exporter_export_task_with_calls_only' (4927484) panicked at src/observability/export.rs:507:38:
called `Result::unwrap()` on an `Err` value: error returned from database: column "id" is of type uuid but expression is of type text

Caused by:
    column "id" is of type uuid but expression is of type text
test observability::export::tests::exporter_export_task_with_calls_only ... FAILED

thread 'observability::export::tests::exporter_export_task_with_decisions_only' (4927485) panicked at src/observability/export.rs:527:46:
called `Result::unwrap()` on an `Err` value: error returned from database: column "id" is of type uuid but expression is of type text

Caused by:
    column "id" is of type uuid but expression is of type text
test observability::export::tests::exporter_export_task_with_decisions_only ... FAILED

thread 'observability::export::tests::exporter_export_to_file' (4927486) panicked at src/observability/export.rs:576:38:
called `Result::unwrap()` on an `Err` value: error returned from database: column "id" is of type uuid but expression is of type text

Caused by:
    column "id" is of type uuid but expression is of type text
test observability::export::tests::exporter_export_to_file ... FAILED

thread 'observability::export::tests::exporter_export_to_file_empty' (4927487) panicked at src/observability/export.rs:634:14:
called `Result::unwrap()` on an `Err` value: error returned from database: operator does not exist: timestamp with time zone >= text

Caused by:
    operator does not exist: timestamp with time zone >= text
test observability::export::tests::exporter_export_to_file_empty ... FAILED

thread 'observability::export::tests::exporter_export_with_data' (4927488) panicked at src/observability/export.rs:462:38:
called `Result::unwrap()` on an `Err` value: error returned from database: column "id" is of type uuid but expression is of type text

Caused by:
    column "id" is of type uuid but expression is of type text
test observability::export::tests::exporter_export_with_data ... FAILED

thread 'observability::logging::tests::get_calls_for_nonexistent_task' (4927563) panicked at src/observability/logging.rs:1146:69:
called `Result::unwrap()` on an `Err` value: error returned from database: operator does not exist: uuid = text

Caused by:
    operator does not exist: uuid = text
test observability::logging::tests::get_calls_for_nonexistent_task ... FAILED
test github::merge_queue::tests::update_status_nonexistent_returns_false has been running for over 60 seconds

thread 'github::merge_queue::tests::update_status_nonexistent_returns_false' (4925370) panicked at src/db/test_utils.rs:62:14:
called `Result::unwrap()` on an `Err` value: PoolTimedOut
test github::merge_queue::tests::update_status_nonexistent_returns_false ... FAILED
test llm::cost::db_tests::cost_tracker_new_with_db has been running for over 60 seconds

thread 'llm::cost::db_tests::cost_tracker_new_with_db' (4925474) panicked at src/db/test_utils.rs:62:14:
called `Result::unwrap()` on an `Err` value: PoolTimedOut
test llm::cost::db_tests::cost_tracker_new_with_db ... FAILED
test observability::logging::tests::llm_call_builder ... ok
test observability::logging::tests::llm_call_clone ... ok
test observability::logging::tests::llm_call_defaults ... ok
test observability::logging::tests::llm_call_row_try_from_invalid_prompt_json ... ok
test observability::logging::tests::llm_call_row_try_from_invalid_task_id_uuid ... ok
test observability::logging::tests::llm_call_row_try_from_invalid_timestamp ... ok
test observability::logging::tests::llm_call_row_try_from_invalid_uuid ... ok
test observability::logging::tests::llm_call_row_try_from_no_task_id ... ok
test observability::logging::tests::llm_call_row_try_from_valid ... ok
test observability::logging::tests::llm_call_serialization ... ok
test observability::logging::tests::llm_call_total_tokens ... ok
test observability::logging::tests::llm_call_total_tokens_zero ... ok
test observability::logging::tests::llm_call_with_context ... ok
test observability::logging::tests::llm_call_with_empty_strings ... ok
test observability::logging::tests::llm_prompt_new_empty_messages ... ok
test observability::logging::tests::llm_prompt_serialization_roundtrip ... ok
test observability::logging::tests::llm_prompt_with_messages ... ok
test observability::logging::tests::llm_prompt_with_messages_replaces ... ok

thread 'observability::logging::tests::get_calls_in_range_empty' (4927572) panicked at src/observability/logging.rs:1166:65:
called `Result::unwrap()` on an `Err` value: error returned from database: operator does not exist: timestamp with time zone >= text

Caused by:
    operator does not exist: timestamp with time zone >= text

thread 'observability::logging::tests::log_call_and_retrieve' (4927604) panicked at src/db/test_utils.rs:62:14:
called `Result::unwrap()` on an `Err` value: Io(Custom { kind: Other, error: "A Tokio 1.x context was found, but it is being shutdown." })
test observability::logging::tests::get_calls_in_range_empty ... FAILED
test observability::logging::tests::log_call_and_retrieve ... FAILED
test llm::cost::db_tests::get_historical_summary_with_since has been running for over 60 seconds

thread 'llm::cost::db_tests::get_historical_summary_with_since' (4925475) panicked at src/db/test_utils.rs:62:14:
called `Result::unwrap()` on an `Err` value: PoolTimedOut
test llm::cost::db_tests::get_historical_summary_with_since ... FAILED

thread 'observability::logging::tests::get_calls_in_range_filters_correctly' (4927573) panicked at src/observability/logging.rs:664:36:
called `Result::unwrap()` on an `Err` value: error returned from database: column "id" is of type uuid but expression is of type text

Caused by:
    column "id" is of type uuid but expression is of type text
test observability::logging::tests::get_calls_in_range_filters_correctly ... FAILED
test observability::logging::tests::prompt_message_helpers ... ok
test observability::logging::tests::prompt_message_serialization_roundtrip ... ok
test observability::replay::tests::task_timeline_decision_call_linking ... ok
test observability::replay::tests::task_timeline_empty ... ok
test observability::replay::tests::task_timeline_get_call ... ok
test observability::replay::tests::task_timeline_get_decision ... ok
test observability::replay::tests::task_timeline_no_linked_decision ... ok
test observability::replay::tests::task_timeline_with_calls ... ok

thread 'observability::logging::tests::get_decisions_for_nonexistent_task' (4927574) panicked at src/observability/logging.rs:1155:77:
called `Result::unwrap()` on an `Err` value: error returned from database: operator does not exist: uuid = text

Caused by:
    operator does not exist: uuid = text
test observability::logging::tests::get_decisions_for_nonexistent_task ... FAILED

thread 'observability::logging::tests::get_decisions_for_task_filters_correctly' (4927575) panicked at src/observability/logging.rs:718:14:
called `Result::unwrap()` on an `Err` value: error returned from database: column "id" is of type uuid but expression is of type text

Caused by:
    column "id" is of type uuid but expression is of type text
test observability::logging::tests::get_decisions_for_task_filters_correctly ... FAILED

thread 'observability::logging::tests::get_decisions_in_range_empty' (4927576) panicked at src/observability/logging.rs:1177:73:
called `Result::unwrap()` on an `Err` value: error returned from database: operator does not exist: timestamp with time zone >= text

Caused by:
    operator does not exist: timestamp with time zone >= text
test observability::logging::tests::get_decisions_in_range_empty ... FAILED

thread 'observability::logging::tests::get_decisions_in_range_filters_correctly' (4927579) panicked at src/observability/logging.rs:750:40:
called `Result::unwrap()` on an `Err` value: error returned from database: column "id" is of type uuid but expression is of type text

Caused by:
    column "id" is of type uuid but expression is of type text
test observability::logging::tests::get_decisions_in_range_filters_correctly ... FAILED

thread 'observability::logging::tests::log_call_without_task_id' (4927605) panicked at src/observability/logging.rs:1187:38:
called `Result::unwrap()` on an `Err` value: error returned from database: column "id" is of type uuid but expression is of type text

Caused by:
    column "id" is of type uuid but expression is of type text
test observability::logging::tests::log_call_without_task_id ... FAILED

thread 'observability::logging::tests::log_decision_and_retrieve' (4927607) panicked at src/observability/logging.rs:690:46:
called `Result::unwrap()` on an `Err` value: error returned from database: column "id" is of type uuid but expression is of type text

Caused by:
    column "id" is of type uuid but expression is of type text
test observability::logging::tests::log_decision_and_retrieve ... FAILED

thread 'observability::logging::tests::log_decision_without_llm_call' (4927609) panicked at src/observability/logging.rs:1134:46:
called `Result::unwrap()` on an `Err` value: error returned from database: column "id" is of type uuid but expression is of type text

Caused by:
    column "id" is of type uuid but expression is of type text

thread 'orchestration::dependency::tests::task_with_completed_dependency_is_not_blocked' (4927663) panicked at src/db/test_utils.rs:62:14:
called `Result::unwrap()` on an `Err` value: Io(Custom { kind: Other, error: "A Tokio 1.x context was found, but it is being shutdown." })
test observability::logging::tests::log_decision_without_llm_call ... FAILED
test orchestration::dependency::tests::task_with_completed_dependency_is_not_blocked ... FAILED

thread 'orchestration::dependency::tests::circular_dependency_detected' (4927619) panicked at src/orchestration/dependency.rs:408:14:
called `Result::unwrap()` on an `Err` value: DatabaseError("error returned from database: operator does not exist: uuid = text")
test orchestration::dependency::tests::circular_dependency_detected ... FAILED
test orchestration::planner::tests::test_build_correction_request_other_error ... ok
test orchestration::planner::tests::test_build_correction_request_parse_error ... ok
test orchestration::planner::tests::test_build_correction_request_truncates_long_output ... ok
test orchestration::planner::tests::test_build_correction_request_validation_error ... ok
test orchestration::planner::tests::test_build_decomposition_request ... ok
test orchestration::planner::tests::test_convert_to_planner_output ... ok
test orchestration::planner::tests::test_convert_to_planner_output_multiple_slices_and_tiers ... ok
test orchestration::planner::tests::test_decompose_all_retries_fail_with_bad_json ... ok

thread 'orchestration::dependency::tests::dependency_chain_works' (4927621) panicked at src/orchestration/dependency.rs:467:14:
called `Result::unwrap()` on an `Err` value: DatabaseError("error returned from database: operator does not exist: uuid = text")
test orchestration::dependency::tests::dependency_chain_works ... FAILED

thread 'orchestration::dependency::tests::get_ready_tasks_returns_unblocked' (4927624) panicked at src/orchestration/dependency.rs:520:14:
called `Result::unwrap()` on an `Err` value: DatabaseError("error returned from database: operator does not exist: uuid = text")
test orchestration::dependency::tests::get_ready_tasks_returns_unblocked ... FAILED
test orchestration::planner::tests::test_decompose_and_save_without_pool ... ok
test orchestration::planner::tests::test_decompose_max_retries_exceeded ... ok
test orchestration::planner::tests::test_decompose_retries_on_llm_failure_then_succeeds ... ok
test orchestration::planner::tests::test_decompose_success ... ok
test orchestration::planner::tests::test_decompose_retries_on_parse_error ... ok
test orchestration::planner::tests::test_decomposition_error_display ... ok
test orchestration::planner::tests::test_extract_json_code_block_with_language_tag ... ok
test orchestration::planner::tests::test_extract_json_from_code_block ... ok
test orchestration::planner::tests::test_extract_json_from_generic_code_block ... ok
test orchestration::planner::tests::test_extract_json_generic_code_block_non_json ... ok
test orchestration::planner::tests::test_extract_json_no_json ... ok
test orchestration::planner::tests::test_extract_json_only_opening_brace ... ok
test orchestration::planner::tests::test_extract_json_raw ... ok
test orchestration::planner::tests::test_parse_and_validate_empty_slices_no_questions ... ok
test orchestration::planner::tests::test_parse_and_validate_invalid_json ... ok
test orchestration::planner::tests::test_parse_and_validate_in_code_block ... ok
test orchestration::planner::tests::test_parse_and_validate_missing_thinking ... ok
test orchestration::planner::tests::test_planner_config_custom ... ok
test orchestration::planner::tests::test_parse_and_validate_valid ... ok
test orchestration::planner::tests::test_planner_config_default ... ok
test orchestration::planner::tests::test_planner_output_helpers ... ok
test orchestration::planner::tests::test_planner_output_no_questions_no_risks ... ok

thread 'orchestration::dependency::tests::get_blocked_by_finds_dependents' (4927622) panicked at src/orchestration/dependency.rs:437:14:
called `Result::unwrap()` on an `Err` value: DatabaseError("error returned from database: operator does not exist: uuid = text")
test orchestration::dependency::tests::get_blocked_by_finds_dependents ... FAILED

thread 'orchestration::dependency::tests::remove_dependency_works' (4927625) panicked at src/orchestration/dependency.rs:548:14:
called `Result::unwrap()` on an `Err` value: DatabaseError("error returned from database: operator does not exist: uuid = text")
test orchestration::dependency::tests::remove_dependency_works ... FAILED

thread 'orchestration::planner::tests::test_decompose_and_save_with_db' (4927676) panicked at src/orchestration/planner.rs:1077:10:
called `Result::unwrap()` on an `Err` value: Database(PgDatabaseError { severity: Error, code: "42804", message: "column \"id\" is of type uuid but expression is of type text", detail: None, hint: Some("You will need to rewrite or cast the expression."), position: Some(Original(87)), where: None, schema: None, table: None, column: None, data_type: None, constraint: None, file: Some("parse_target.c"), line: Some(586), routine: Some("transformAssignedExpr") })
test orchestration::planner::tests::test_decompose_and_save_with_db ... FAILED
test orchestration::dependency::tests::task_without_dependencies_is_not_blocked ... ok
test orchestration::queue::persistent_queue_tests::dequeue_updates_status_to_in_progress ... ok
test orchestration::planner::tests::test_with_db_constructor ... ok
test orchestration::queue::persistent_queue_tests::persistent_queue_all_tasks ... ok
test orchestration::queue::persistent_queue_tests::persistent_queue_contains ... ok
test orchestration::queue::persistent_queue_tests::persistent_queue_dequeue_empty_returns_none ... ok
test orchestration::queue::persistent_queue_tests::persistent_queue_count_by_priority ... ok
test orchestration::queue::persistent_queue_tests::persistent_queue_dequeue_priority_order ... ok
test orchestration::queue::persistent_queue_tests::persistent_queue_enqueue_and_persist ... ok
test orchestration::queue::persistent_queue_tests::persistent_queue_ignores_non_pending ... ok
test orchestration::queue::persistent_queue_tests::persistent_queue_is_empty_and_len ... ok

thread 'orchestration::queue::persistent_queue_tests::requeue_updates_priority_and_status' (4928016) panicked at src/orchestration/queue.rs:1059:14:
called `Result::unwrap()` on an `Err` value: DatabaseError("error returned from database: operator does not exist: uuid = text")
test orchestration::queue::persistent_queue_tests::requeue_updates_priority_and_status ... FAILED

thread 'orchestration::queue::persistent_queue_tests::requeue_creates_event' (4928015) panicked at src/orchestration/queue.rs:1105:14:
called `Result::unwrap()` on an `Err` value: DatabaseError("error returned from database: operator does not exist: uuid = text")
test orchestration::queue::persistent_queue_tests::requeue_creates_event ... FAILED
test orchestration::queue::tests::all_tasks_empty_queue ... ok
test orchestration::queue::tests::all_tasks_fifo_within_same_priority ... ok
test orchestration::queue::tests::all_tasks_returns_priority_order ... ok
test orchestration::queue::tests::contains_finds_task ... ok
test orchestration::queue::tests::contains_on_empty_queue ... ok
test orchestration::queue::tests::count_by_priority_all_levels ... ok
test orchestration::queue::tests::count_by_priority_empty_queue ... ok
test orchestration::queue::tests::count_by_priority_works ... ok
test orchestration::queue::tests::default_creates_empty_queue ... ok
test orchestration::queue::tests::dequeue_on_empty_queue_returns_none ... ok
test orchestration::queue::tests::dequeue_returns_highest_priority_first ... ok
test orchestration::queue::tests::empty_queue_is_empty ... ok
test orchestration::queue::tests::enqueue_increases_length ... ok
test orchestration::queue::tests::enqueue_multiple_same_priority ... ok
test orchestration::queue::tests::escalate_priority_works ... ok
test orchestration::queue::tests::peek_does_not_remove ... ok
test orchestration::queue::tests::peek_on_empty_queue_returns_none ... ok
test orchestration::queue::tests::peek_returns_highest_priority ... ok
test orchestration::queue::tests::prioritized_task_equality ... ok
test orchestration::queue::tests::prioritized_task_ordering ... ok
test orchestration::queue::tests::prioritized_task_same_priority_older_first ... ok
test orchestration::queue::tests::priority_value_standalone_fn ... ok
test orchestration::queue::tests::queue_error_display ... ok
test orchestration::queue::tests::queue_stats_clone ... ok
test orchestration::queue::tests::queue_stats_fields ... ok
test orchestration::queue::tests::remove_extracts_task ... ok
test orchestration::queue::tests::remove_from_empty_queue ... ok
test orchestration::queue::tests::remove_nonexistent_returns_none ... ok
test orchestration::queue::tests::remove_preserves_remaining_order ... ok
test orchestration::queue::tests::requeue_policy_debug ... ok
test orchestration::queue::tests::same_priority_fifo_order ... ok
test orchestration::router::tests::case_insensitive_matching ... ok
test orchestration::router::tests::custom_rule_can_be_added ... ok
test orchestration::router::tests::default_config_has_all_tiers ... ok
test orchestration::router::tests::empty_title_routes_to_worker ... ok
test orchestration::router::tests::has_metadata_rule_works ... ok
test orchestration::router::tests::high_complexity_metadata_routes_to_orchestrator ... ok
test orchestration::router::tests::inferred_high_complexity_by_description ... ok
test orchestration::router::tests::inferred_high_complexity_routes_to_orchestrator ... ok
test orchestration::router::tests::low_complexity_routes_to_worker ... ok
test orchestration::router::tests::metadata_override_orchestrator ... ok
test orchestration::router::tests::metadata_tier_override_takes_precedence ... ok
test orchestration::router::tests::no_metadata_still_works ... ok
test orchestration::router::tests::respects_assigned_tier_override ... ok
test orchestration::router::tests::routes_bug_fix_to_worker ... ok
test orchestration::router::tests::routes_design_to_orchestrator ... ok
test orchestration::router::tests::routes_docs_to_utility ... ok
test orchestration::router::tests::routes_feature_to_worker ... ok
test orchestration::router::tests::routes_formatting_to_utility ... ok
test orchestration::router::tests::routes_lint_to_utility ... ok
test orchestration::router::tests::routes_review_to_orchestrator ... ok
test orchestration::router::tests::rules_ordered_by_priority ... ok

thread 'orchestration::queue::persistent_queue_tests::requeue_with_same_priority' (4928018) panicked at src/orchestration/queue.rs:1254:14:
called `Result::unwrap()` on an `Err` value: DatabaseError("error returned from database: operator does not exist: uuid = text")
test orchestration::queue::persistent_queue_tests::requeue_with_same_priority ... FAILED
test orchestration::queue::persistent_queue_tests::persistent_queue_loads_pending_tasks ... ok
test orchestration::queue::persistent_queue_tests::persistent_queue_loads_multiple_pending ... ok

thread 'orchestration::queue::persistent_queue_tests::requeue_with_set_priority' (4928134) panicked at src/orchestration/queue.rs:1085:14:
called `Result::unwrap()` on an `Err` value: DatabaseError("error returned from database: operator does not exist: uuid = text")
test orchestration::queue::persistent_queue_tests::requeue_with_set_priority ... FAILED
test orchestration::scheduler::task_scheduler_integration_tests::agent_available_notifier_returns_notify ... ok
test orchestration::scheduler::task_scheduler_integration_tests::check_preemption_returns_none_when_no_urgent ... ok
test orchestration::scheduler::task_scheduler_integration_tests::preemption_action_debug ... ok
test orchestration::scheduler::task_scheduler_integration_tests::scheduler_config_clone_and_debug ... ok
test orchestration::scheduler::task_scheduler_integration_tests::scheduler_error_from_queue_error ... ok
test orchestration::scheduler::task_scheduler_integration_tests::check_preemption_returns_none_all_busy_not_implemented ... ok
test orchestration::scheduler::task_scheduler_integration_tests::check_preemption_returns_none_when_urgent_but_agents_free ... ok
test orchestration::queue::persistent_queue_tests::persistent_queue_peek ... ok
test orchestration::scheduler::task_scheduler_tests::scheduler_config_custom ... ok
test orchestration::scheduler::task_scheduler_tests::scheduler_config_default_values ... ok
test orchestration::scheduler::task_scheduler_tests::scheduler_config_defaults ... ok
test orchestration::scheduler::task_scheduler_tests::scheduler_error_display ... ok
test orchestration::scheduler::task_scheduler_integration_tests::on_agent_available_notifies ... ok

thread 'orchestration::scheduler::task_scheduler_integration_tests::on_task_completed_returns_empty_when_no_deps' (4928237) panicked at src/orchestration/scheduler.rs:852:69:
called `Result::unwrap()` on an `Err` value: QueueError(DatabaseError("database error: error returned from database: operator does not exist: uuid = text"))
test orchestration::scheduler::task_scheduler_integration_tests::on_task_completed_returns_empty_when_no_deps ... FAILED
test orchestration::scheduler::task_scheduler_integration_tests::task_scheduler_starts_not_running ... ok
test orchestration::scheduler::tests::begin_resume_noop_from_resuming ... ok
test orchestration::scheduler::task_scheduler_integration_tests::task_scheduler_stop ... ok
test orchestration::scheduler::task_scheduler_integration_tests::scheduler_run_paused_skips_assignment ... ok

thread 'observability::export::tests::exporter_export_task_with_both' (4927483) panicked at src/db/test_utils.rs:62:14:
called `Result::unwrap()` on an `Err` value: PoolTimedOut
test observability::export::tests::exporter_export_task_with_both has been running for over 60 seconds
test observability::export::tests::exporter_export_task_with_both ... FAILED

thread 'orchestration::scheduler::tests::begin_resume_works_from_paused' (4928296) panicked at src/db/test_utils.rs:62:14:
called `Result::unwrap()` on an `Err` value: Database(PgDatabaseError { severity: Fatal, code: "42501", message: "could not open file \"base/16384/2601\": Read-only file system", detail: None, hint: None, position: None, where: None, schema: None, table: None, column: None, data_type: None, constraint: None, file: Some("md.c"), line: Some(661), routine: Some("mdopenfork") })
test orchestration::scheduler::tests::begin_resume_works_from_paused ... FAILED

thread 'orchestration::scheduler::tests::enter_refactor_mode_noop_when_not_running' (4928298) panicked at src/db/test_utils.rs:62:14:
called `Result::unwrap()` on an `Err` value: Database(PgDatabaseError { severity: Fatal, code: "42501", message: "could not open file \"base/16384/2601\": Read-only file system", detail: None, hint: None, position: None, where: None, schema: None, table: None, column: None, data_type: None, constraint: None, file: Some("md.c"), line: Some(661), routine: Some("mdopenfork") })
test orchestration::scheduler::tests::enter_refactor_mode_noop_when_not_running ... FAILED

thread 'orchestration::scheduler::tests::enter_refactor_mode_stops_assignment' (4928299) panicked at src/db/test_utils.rs:62:14:
called `Result::unwrap()` on an `Err` value: Database(PgDatabaseError { severity: Fatal, code: "42501", message: "could not open file \"base/16384/2601\": Read-only file system", detail: None, hint: None, position: None, where: None, schema: None, table: None, column: None, data_type: None, constraint: None, file: Some("md.c"), line: Some(661), routine: Some("mdopenfork") })
test orchestration::scheduler::tests::enter_refactor_mode_stops_assignment ... FAILED

thread 'orchestration::scheduler::tests::full_refactor_cycle' (4928300) panicked at src/db/test_utils.rs:62:14:
called `Result::unwrap()` on an `Err` value: Database(PgDatabaseError { severity: Fatal, code: "42501", message: "could not open file \"base/16384/2601\": Read-only file system", detail: None, hint: None, position: None, where: None, schema: None, table: None, column: None, data_type: None, constraint: None, file: Some("md.c"), line: Some(661), routine: Some("mdopenfork") })
test orchestration::scheduler::tests::full_refactor_cycle ... FAILED

thread 'orchestration::scheduler::tests::is_paused_false_when_resuming' (4928301) panicked at src/db/test_utils.rs:62:14:
called `Result::unwrap()` on an `Err` value: Database(PgDatabaseError { severity: Fatal, code: "42501", message: "could not open file \"base/16384/2601\": Read-only file system", detail: None, hint: None, position: None, where: None, schema: None, table: None, column: None, data_type: None, constraint: None, file: Some("md.c"), line: Some(661), routine: Some("mdopenfork") })
test orchestration::scheduler::tests::is_paused_false_when_resuming ... FAILED

thread 'orchestration::scheduler::tests::pause_for_refactor' (4930106) panicked at src/db/test_utils.rs:62:14:
called `Result::unwrap()` on an `Err` value: Database(PgDatabaseError { severity: Fatal, code: "42501", message: "could not open file \"base/16384/2601\": Read-only file system", detail: None, hint: None, position: None, where: None, schema: None, table: None, column: None, data_type: None, constraint: None, file: Some("md.c"), line: Some(661), routine: Some("mdopenfork") })
test orchestration::scheduler::tests::pause_for_refactor ... FAILED

thread 'orchestration::scheduler::tests::refresh_mode_syncs_from_db' (4930109) panicked at src/db/test_utils.rs:62:14:
called `Result::unwrap()` on an `Err` value: Database(PgDatabaseError { severity: Fatal, code: "42501", message: "could not open file \"base/16384/2601\": Read-only file system", detail: None, hint: None, position: None, where: None, schema: None, table: None, column: None, data_type: None, constraint: None, file: Some("md.c"), line: Some(661), routine: Some("mdopenfork") })
test orchestration::scheduler::tests::refresh_mode_syncs_from_db ... FAILED
test prompts::builder::tests::test_built_prompt_template_preserved ... ok
test prompts::builder::tests::test_prompt_builder_basic ... ok
test prompts::builder::tests::test_prompt_builder_empty_build ... ok
test prompts::builder::tests::test_prompt_builder_full_kitchen_sink ... ok
test prompts::builder::tests::test_prompt_builder_no_version ... ok
test prompts::builder::tests::test_prompt_builder_omits_empty_sections ... ok
test prompts::builder::tests::test_prompt_builder_output_code ... ok
test prompts::builder::tests::test_prompt_builder_output_code_no_guidelines ... ok
test prompts::builder::tests::test_prompt_builder_output_json_with_example ... ok
test prompts::builder::tests::test_prompt_builder_output_text_no_guidelines ... ok
test prompts::builder::tests::test_prompt_builder_output_text_with_guidelines ... ok
test prompts::builder::tests::test_prompt_builder_with_conventions ... ok
test prompts::builder::tests::test_prompt_builder_with_examples ... ok
test prompts::builder::tests::test_prompt_builder_with_files ... ok
test prompts::builder::tests::test_prompt_builder_with_history ... ok
test prompts::builder::tests::test_prompt_builder_with_json_output ... ok
test prompts::builder::tests::test_prompt_builder_with_task_context ... ok
test prompts::builder::tests::test_prompt_builder_with_version ... ok
test prompts::builder::tests::test_prompt_context_default ... ok
test prompts::builder::tests::test_prompt_template_default ... ok
test prompts::context::injector::tests::test_context_injector_add_sources ... ok
test prompts::context::injector::tests::test_context_injector_inject_into_builder ... ok
test prompts::context::injector::tests::test_context_injector_priority_order ... ok
test prompts::context::injector::tests::test_context_injector_respects_budget ... ok
test prompts::context::manager::tests::test_budget_summary ... ok
test prompts::context::manager::tests::test_context_budget_allocate ... ok
test prompts::context::manager::tests::test_context_budget_has_budget ... ok
test prompts::context::manager::tests::test_context_budget_new ... ok
test prompts::context::manager::tests::test_context_budget_total_used ... ok
test prompts::context::manager::tests::test_context_budget_with_custom_allocation ... ok
test prompts::context::manager::tests::test_context_category_budget_totals_100 ... ok
test prompts::context::manager::tests::test_context_request_handler_file_not_found ... ok
test prompts::context::manager::tests::test_context_request_handler_files_matching ... ok
test prompts::context::manager::tests::test_context_request_handler_function_definition ... ok
test prompts::context::manager::tests::test_context_request_handler_pending_and_fulfilled ... ok
test prompts::context::manager::tests::test_context_request_handler_specific_file ... ok
test prompts::context::manager::tests::test_estimate_tokens ... ok
test prompts::context::manager::tests::test_file_selector_content_match ... ok
test prompts::context::manager::tests::test_file_selector_filename_match ... ok
test prompts::context::manager::tests::test_file_selector_max_files ... ok
test prompts::context::manager::tests::test_file_selector_mod_rs_boost ... ok
test prompts::context::manager::tests::test_history_manager_add_entries ... ok
test prompts::context::manager::tests::test_history_manager_auto_important_keywords ... ok
test prompts::context::manager::tests::test_history_manager_budget_limiting ... ok
test prompts::context::manager::tests::test_history_manager_chronological_order ... ok
test prompts::context::manager::tests::test_history_manager_important_entries_preserved ... ok
test prompts::context::manager::tests::test_history_manager_truncation_summary ... ok
test prompts::context::manager::tests::test_scored_file_is_highly_relevant ... ok
test prompts::context::summarizer::tests::test_accessors ... ok
test prompts::context::summarizer::tests::test_extract_fn_signature_no_brace_no_semi ... ok
test prompts::context::summarizer::tests::test_extract_fn_signature_with_semicolon ... ok
test prompts::context::summarizer::tests::test_extract_js_export_no_brace ... ok
test prompts::context::summarizer::tests::test_generic_short_content_returned_as_is ... ok
test prompts::context::summarizer::tests::test_javascript_async_function ... ok
test prompts::context::summarizer::tests::test_javascript_export_with_brace ... ok
test prompts::context::summarizer::tests::test_javascript_require_and_class ... ok
test prompts::context::summarizer::tests::test_python_decorators_and_async_def ... ok
test prompts::context::summarizer::tests::test_rust_async_fn_in_impl ... ok
test prompts::context::summarizer::tests::test_rust_enum_and_use ... ok
test prompts::context::summarizer::tests::test_rust_keeps_mod_and_trait ... ok
test prompts::context::summarizer::tests::test_rust_private_struct_and_enum ... ok
test prompts::context::summarizer::tests::test_rust_summarize_triggers_truncation ... ok
test prompts::context::summarizer::tests::test_summarizer_below_threshold ... ok
test prompts::context::summarizer::tests::test_summarizer_generic_truncates ... ok
test prompts::context::summarizer::tests::test_summarizer_javascript_keeps_structure ... ok
test prompts::context::summarizer::tests::test_summarizer_python_keeps_structure ... ok
test prompts::context::summarizer::tests::test_summarizer_rust_keeps_signatures ... ok
test prompts::context::summarizer::tests::test_summary_result_fields ... ok
test prompts::context::summarizer::tests::test_summary_result_reduction_ratio ... ok
test prompts::context::summarizer::tests::test_summary_result_reduction_ratio_zero_original ... ok
test prompts::context::summarizer::tests::test_truncate_with_notice_long_content ... ok
test prompts::context::summarizer::tests::test_truncate_with_notice_short_content ... ok
test prompts::context::summarizer::tests::test_typescript_uses_js_summarizer ... ok
test prompts::context::validator::tests::test_claude_tokenizer_type ... ok
test prompts::context::validator::tests::test_empty_text_counting ... ok
test prompts::context::validator::tests::test_gpt_tokenizer_type ... ok
test prompts::context::validator::tests::test_message_counting ... ok
test prompts::context::validator::tests::test_model_limits_claude_opus ... ok
test prompts::context::validator::tests::test_model_limits_claude_sonnet ... ok
test prompts::context::validator::tests::test_model_limits_custom ... ok
test prompts::context::validator::tests::test_model_limits_is_safe ... ok
test prompts::context::validator::tests::test_model_limits_registry ... ok
test prompts::context::validator::tests::test_model_limits_registry_custom ... ok
test prompts::context::validator::tests::test_model_limits_remaining_safe ... ok
test prompts::context::validator::tests::test_model_limits_unknown_model ... ok
test prompts::context::validator::tests::test_model_limits_warning_threshold ... ok
test prompts::context::validator::tests::test_no_warning_when_ok ... ok
test prompts::context::validator::tests::test_response_length_estimates ... ok
test prompts::context::validator::tests::test_simple_counting ... ok
test prompts::context::validator::tests::test_truncation_action_display ... ok
test prompts::context::validator::tests::test_truncation_result_no_changes ... ok
test prompts::context::validator::tests::test_truncation_result_summary ... ok
test prompts::context::validator::tests::test_truncator_no_truncation_needed ... ok
test prompts::context::validator::tests::test_truncator_reduces_examples ... ok
test prompts::context::validator::tests::test_truncator_removes_history ... ok
test prompts::context::validator::tests::test_truncator_removes_reference_files ... ok
test prompts::context::validator::tests::test_validation_status_display ... ok
test prompts::context::validator::tests::test_validator_approaching_limit ... ok
test prompts::context::validator::tests::test_validator_exceeds_max_context ... ok
test prompts::context::validator::tests::test_validator_exceeds_safe_limit ... ok
test prompts::context::validator::tests::test_validator_ok_status ... ok
test prompts::context::validator::tests::test_validator_with_messages ... ok
test prompts::context::validator::tests::test_validator_with_tokenizer ... ok
test prompts::context::validator::tests::test_warning_exceeds_max ... ok
test prompts::context::validator::tests::test_warning_exceeds_safe ... ok
test prompts::context::validator::tests::test_warning_for_category_approaching ... ok
test prompts::context::validator::tests::test_warning_for_category_exceeded ... ok
test prompts::context::validator::tests::test_warning_for_category_under_threshold ... ok
test prompts::context::validator::tests::test_warning_format_for_feed ... ok
test prompts::context::validator::tests::test_warning_format_short ... ok
test prompts::context::validator::tests::test_warning_generation ... ok
test prompts::examples::decomposition::tests::all_examples_have_content ... ok
test prompts::examples::decomposition::tests::for_task_finds_api_example ... ok
test prompts::examples::decomposition::tests::for_task_finds_auth_example ... ok
test prompts::examples::decomposition::tests::for_task_limits_to_two ... ok
test prompts::examples::decomposition::tests::for_task_returns_default_for_unknown ... ok
test prompts::examples::decomposition::tests::format_for_prompt_includes_sections ... ok
test prompts::examples::implementation::tests::all_examples_have_content ... ok
test prompts::examples::implementation::tests::has_context_request_example ... ok
test prompts::examples::implementation::tests::has_self_check_example ... ok
test prompts::examples::recovery::tests::all_examples_have_content ... ok
test prompts::examples::recovery::tests::escalation_is_not_recoverable ... ok
test prompts::examples::recovery::tests::has_escalation_example ... ok
test prompts::examples::recovery::tests::has_successful_recovery ... ok
test prompts::examples::recovery::tests::successful_recovery_is_recoverable ... ok
test prompts::examples::review::tests::all_examples_have_content ... ok
test prompts::examples::review::tests::covers_all_verdicts ... ok
test prompts::examples::review::tests::positive_notes_included_in_rejections ... ok
test prompts::examples::selector::tests::decomposition_selection ... ok
test prompts::examples::selector::tests::default_max_is_two ... ok
test prompts::examples::selector::tests::format_examples_empty_returns_empty ... ok
test prompts::examples::selector::tests::format_examples_includes_header ... ok
test prompts::examples::selector::tests::format_examples_joins_with_separator ... ok
test prompts::examples::selector::tests::implementation_includes_self_check ... ok
test prompts::examples::selector::tests::implementation_with_context_includes_context_example ... ok
test prompts::examples::selector::tests::recovery_after_three_attempts_suggests_escalation ... ok
test prompts::examples::selector::tests::recovery_before_three_attempts_suggests_retry ... ok
test prompts::examples::selector::tests::review_with_issues_prioritizes_changes ... ok
test prompts::examples::selector::tests::review_without_issues_includes_approval ... ok
test prompts::examples::selector::tests::with_max_changes_limit ... ok
test prompts::recovery::prompts::tests::test_all_prompts_have_recovery_role ... ok
test prompts::recovery::prompts::tests::test_all_prompts_have_versions ... ok
test prompts::recovery::prompts::tests::test_attempt_record_builder ... ok
test prompts::recovery::prompts::tests::test_conflict_version ... ok
test prompts::recovery::prompts::tests::test_conflicting_requirements_has_schema ... ok
test prompts::recovery::prompts::tests::test_conflicting_requirements_includes_conflicts ... ok
test prompts::recovery::prompts::tests::test_conflicting_requirements_includes_guidance ... ok
test prompts::recovery::prompts::tests::test_conflicting_requirements_includes_original ... ok
test prompts::recovery::prompts::tests::test_parse_error_recovery_includes_guidance ... ok
test prompts::recovery::prompts::tests::test_parse_error_recovery_includes_output ... ok
test prompts::recovery::prompts::tests::test_parse_error_recovery_includes_schema ... ok
test prompts::recovery::prompts::tests::test_parse_error_recovery_truncates_long_output ... ok
test prompts::recovery::prompts::tests::test_parse_error_version ... ok
test prompts::recovery::prompts::tests::test_requirement_conflict_builder ... ok
test prompts::recovery::prompts::tests::test_review_feedback_builder ... ok
test prompts::recovery::prompts::tests::test_review_rejection_recovery_has_schema ... ok
test prompts::recovery::prompts::tests::test_review_rejection_recovery_includes_feedback ... ok
test prompts::recovery::prompts::tests::test_review_rejection_recovery_includes_requirements ... ok
test prompts::recovery::prompts::tests::test_review_rejection_version ... ok
test prompts::recovery::prompts::tests::test_stuck_loop_breakout_has_schema ... ok
test prompts::recovery::prompts::tests::test_stuck_loop_breakout_includes_attempts ... ok
test prompts::recovery::prompts::tests::test_stuck_loop_breakout_includes_guidance ... ok
test prompts::recovery::prompts::tests::test_stuck_loop_breakout_includes_task ... ok
test prompts::recovery::prompts::tests::test_stuck_loop_version ... ok
test prompts::recovery::prompts::tests::test_test_failure_analysis_has_schema ... ok
test prompts::recovery::prompts::tests::test_test_failure_analysis_includes_code ... ok
test prompts::recovery::prompts::tests::test_test_failure_analysis_includes_guidance ... ok
test prompts::recovery::prompts::tests::test_test_failure_analysis_includes_test_info ... ok
test prompts::recovery::prompts::tests::test_test_failure_version ... ok
test prompts::schemas::decomposition::tests::test_circular_dependency ... ok
test prompts::schemas::decomposition::tests::test_complexity_serialization ... ok
test prompts::schemas::decomposition::tests::test_empty_slices_with_questions_is_ok ... ok
test prompts::schemas::decomposition::tests::test_empty_slices_without_questions ... ok
test prompts::schemas::decomposition::tests::test_empty_tasks ... ok
test prompts::schemas::decomposition::tests::test_invalid_dependency ... ok
test prompts::schemas::decomposition::tests::test_json_serialization ... ok
test prompts::schemas::decomposition::tests::test_missing_acceptance_criteria ... ok
test prompts::schemas::decomposition::tests::test_missing_thinking ... ok
test prompts::schemas::decomposition::tests::test_tier_serialization ... ok
test prompts::schemas::decomposition::tests::test_valid_decomposition ... ok
test prompts::schemas::error::tests::test_compile_error_factory ... ok
test prompts::schemas::error::tests::test_debug_info_with_trace ... ok
test prompts::schemas::error::tests::test_empty_message ... ok
test prompts::schemas::error::tests::test_error_type_serialization ... ok
test prompts::schemas::error::tests::test_json_serialization ... ok
test prompts::schemas::error::tests::test_missing_context_factory ... ok
test prompts::schemas::error::tests::test_needs_human_with_suggestions_is_ok ... ok
test prompts::schemas::error::tests::test_needs_human_without_suggestions ... ok
test prompts::schemas::error::tests::test_stuck_factory_high_attempts ... ok
test prompts::schemas::error::tests::test_stuck_factory_low_attempts ... ok
test prompts::schemas::error::tests::test_task_unclear_factory ... ok
test prompts::schemas::error::tests::test_valid_error ... ok
test prompts::schemas::review::tests::test_approved_with_blocking_issue ... ok
test prompts::schemas::review::tests::test_approved_with_suggestion_is_ok ... ok
test prompts::schemas::review::tests::test_blocking_issues_filter ... ok
test prompts::schemas::review::tests::test_changes_requested_without_blocking_issue ... ok
test prompts::schemas::review::tests::test_empty_issue_description ... ok
test prompts::schemas::review::tests::test_empty_issue_suggestion ... ok
test prompts::schemas::review::tests::test_escalate_verdict ... ok
test prompts::schemas::review::tests::test_has_blocking_issues ... ok
test prompts::schemas::review::tests::test_json_serialization ... ok
test prompts::schemas::review::tests::test_missing_summary ... ok
test prompts::schemas::review::tests::test_missing_thinking ... ok
test prompts::schemas::review::tests::test_severity_serialization ... ok
test prompts::schemas::review::tests::test_valid_approved ... ok
test prompts::schemas::review::tests::test_valid_changes_requested ... ok
test prompts::schemas::review::tests::test_verdict_serialization ... ok
test prompts::schemas::task_result::tests::test_action_serialization ... ok
test prompts::schemas::task_result::tests::test_blocked_with_reason_is_ok ... ok
test prompts::schemas::task_result::tests::test_blocked_without_reason ... ok
test prompts::schemas::task_result::tests::test_empty_content_on_create ... ok
test prompts::schemas::task_result::tests::test_empty_content_on_delete_is_ok ... ok
test prompts::schemas::task_result::tests::test_json_serialization ... ok
test prompts::schemas::task_result::tests::test_missing_thinking ... ok
test prompts::schemas::task_result::tests::test_phase_serialization ... ok
test prompts::schemas::task_result::tests::test_ready_for_review_without_changes ... ok
test prompts::schemas::task_result::tests::test_ready_for_review_without_verification ... ok
test prompts::schemas::task_result::tests::test_status_serialization ... ok
test prompts::schemas::task_result::tests::test_valid_in_progress ... ok
test prompts::schemas::task_result::tests::test_valid_ready_for_review ... ok
test prompts::schemas::validation::tests::test_display_content_invalid ... ok
test prompts::schemas::validation::tests::test_display_parse_failed ... ok
test prompts::schemas::validation::tests::test_extract_json_from_markdown ... ok
test prompts::schemas::validation::tests::test_extract_json_from_plain_code_block ... ok
test prompts::schemas::validation::tests::test_extract_json_with_surrounding_text ... ok
test prompts::schemas::validation::tests::test_extract_plain_json ... ok
test prompts::schemas::validation::tests::test_parse_hint_empty_input ... ok
test prompts::schemas::validation::tests::test_parse_hint_missing_field ... ok
test prompts::schemas::validation::tests::test_parse_hint_not_json_object ... ok
test prompts::schemas::validation::tests::test_retry_message_content_invalid ... ok
test prompts::schemas::validation::tests::test_retry_message_parse_failed ... ok
test prompts::schemas::validation::tests::test_validate_decomposition_content_invalid ... ok
test prompts::schemas::validation::tests::test_validate_decomposition_missing_field ... ok
test prompts::schemas::validation::tests::test_validate_decomposition_valid ... ok
test prompts::schemas::validation::tests::test_validate_error_valid ... ok
test prompts::schemas::validation::tests::test_validate_review_valid ... ok
test prompts::schemas::validation::tests::test_validate_task_result_valid ... ok
test prompts::schemas::validation::tests::test_validate_with_markdown_wrapper ... ok
test prompts::templates::orchestrator::tests::test_conversation_prompt_basic ... ok
test prompts::templates::orchestrator::tests::test_conversation_prompt_handles_empty_history ... ok
test prompts::templates::orchestrator::tests::test_conversation_prompt_includes_intent_analysis ... ok
test prompts::templates::orchestrator::tests::test_conversation_prompt_with_history ... ok
test prompts::templates::orchestrator::tests::test_conversation_prompt_with_work_status ... ok
test prompts::templates::orchestrator::tests::test_conversation_version ... ok
test prompts::templates::orchestrator::tests::test_decomposition_prompt_basic ... ok
test prompts::templates::orchestrator::tests::test_decomposition_prompt_has_json_output ... ok
test prompts::templates::orchestrator::tests::test_decomposition_prompt_with_context ... ok
test prompts::templates::orchestrator::tests::test_decomposition_version ... ok
test prompts::templates::orchestrator::tests::test_failure_type_debug ... ok
test prompts::templates::orchestrator::tests::test_recovery_prompt_all_failure_types ... ok
test prompts::templates::orchestrator::tests::test_recovery_prompt_basic ... ok
test prompts::templates::orchestrator::tests::test_recovery_prompt_includes_attempt_count ... ok
test prompts::templates::orchestrator::tests::test_recovery_prompt_includes_confidence ... ok
test prompts::templates::orchestrator::tests::test_recovery_prompt_includes_strategies ... ok
test prompts::templates::orchestrator::tests::test_recovery_version ... ok
test prompts::templates::orchestrator::tests::test_review_prompt_basic ... ok
test prompts::templates::orchestrator::tests::test_review_prompt_has_severity_levels ... ok
test prompts::templates::orchestrator::tests::test_review_prompt_with_test_results ... ok
test prompts::templates::orchestrator::tests::test_review_version ... ok
test prompts::templates::orchestrator::tests::test_routing_prompt_basic ... ok
test prompts::templates::orchestrator::tests::test_routing_prompt_has_tier_capabilities ... ok
test prompts::templates::orchestrator::tests::test_routing_prompt_supports_alternative_tier ... ok
test prompts::templates::orchestrator::tests::test_routing_version ... ok
test prompts::templates::refactor::tests::test_analyze_impact_has_output_schema ... ok
test prompts::templates::refactor::tests::test_analyze_impact_prompt_basic ... ok
test prompts::templates::refactor::tests::test_conversation_prompt_basic ... ok
test prompts::templates::refactor::tests::test_conversation_prompt_has_output_schema ... ok
test prompts::templates::refactor::tests::test_conversation_prompt_with_history ... ok
test prompts::templates::refactor::tests::test_conversation_prompt_with_plan_context ... ok
test prompts::templates::refactor::tests::test_propose_changes_has_output_schema ... ok
test prompts::templates::refactor::tests::test_propose_changes_prompt_basic ... ok
test prompts::templates::refactor::tests::test_propose_changes_with_in_progress_work ... ok
test prompts::templates::refactor::tests::test_version ... ok
test prompts::templates::utility::tests::test_boilerplate_execution_builds ... ok
test prompts::templates::utility::tests::test_completion_report_failure ... ok
test prompts::templates::utility::tests::test_completion_report_success ... ok
test prompts::templates::utility::tests::test_docs_execution_builds ... ok
test prompts::templates::utility::tests::test_escalation_check_builds ... ok
test prompts::templates::utility::tests::test_escalation_check_includes_triggers ... ok
test prompts::templates::utility::tests::test_escalation_conservative ... ok
test prompts::templates::utility::tests::test_escalation_schema_includes_simplified_version ... ok
test prompts::templates::utility::tests::test_escalation_version ... ok
test prompts::templates::utility::tests::test_execution_version ... ok
test prompts::templates::utility::tests::test_format_execution_builds ... ok
test prompts::templates::utility::tests::test_format_execution_with_rules ... ok
test prompts::templates::utility::tests::test_lint_execution_builds ... ok
test prompts::templates::utility::tests::test_recognition_version ... ok
test prompts::templates::utility::tests::test_rename_execution_builds ... ok
test prompts::templates::utility::tests::test_report_includes_terse_rules ... ok
test prompts::templates::utility::tests::test_reporting_version ... ok
test prompts::templates::utility::tests::test_task_recognition_builds ... ok
test prompts::templates::utility::tests::test_task_recognition_includes_categories ... ok
test prompts::templates::utility::tests::test_task_recognition_includes_escalation ... ok
test prompts::templates::worker::tests::test_context_gathering_prompt_basic ... ok
test prompts::templates::worker::tests::test_context_gathering_prompt_can_proceed_without ... ok
test prompts::templates::worker::tests::test_context_gathering_prompt_includes_priority ... ok
test prompts::templates::worker::tests::test_context_gathering_prompt_limits_requests ... ok
test prompts::templates::worker::tests::test_context_gathering_version ... ok
test prompts::templates::worker::tests::test_implementation_prompt_basic ... ok
test prompts::templates::worker::tests::test_implementation_prompt_includes_output_schema ... ok
test prompts::templates::worker::tests::test_implementation_prompt_with_context_files ... ok
test prompts::templates::worker::tests::test_implementation_prompt_with_conventions ... ok
test prompts::templates::worker::tests::test_implementation_version ... ok
test prompts::templates::worker::tests::test_progress_report_basic ... ok
test prompts::templates::worker::tests::test_progress_report_includes_natural_language_guidelines ... ok
test prompts::templates::worker::tests::test_progress_report_includes_percentage ... ok
test prompts::templates::worker::tests::test_progress_report_verbosity_levels ... ok
test prompts::templates::worker::tests::test_progress_version ... ok
test prompts::templates::worker::tests::test_self_check_basic ... ok
test prompts::templates::worker::tests::test_self_check_includes_bug_tracking ... ok
test prompts::templates::worker::tests::test_self_check_includes_confidence ... ok
test prompts::templates::worker::tests::test_self_check_validates_requirements ... ok
test prompts::templates::worker::tests::test_self_check_version ... ok
test prompts::templates::worker::tests::test_self_check_with_tests ... ok
test prompts::templates::worker::tests::test_self_check_without_tests ... ok
test prompts::templates::worker::tests::test_stuck_detection_basic ... ok
test prompts::templates::worker::tests::test_stuck_detection_escalation_threshold ... ok
test prompts::templates::worker::tests::test_stuck_detection_formats_attempts ... ok
test prompts::templates::worker::tests::test_stuck_detection_includes_escalation_summary ... ok
test prompts::templates::worker::tests::test_stuck_detection_includes_recommendation ... ok
test prompts::templates::worker::tests::test_stuck_detection_includes_untried_approaches ... ok
test prompts::templates::worker::tests::test_stuck_detection_version ... ok
test prompts::tools::definitions::tests::test_file_tools_all ... ok
test prompts::tools::definitions::tests::test_file_tools_list_dir ... ok
test prompts::tools::definitions::tests::test_file_tools_read_file ... ok
test prompts::tools::definitions::tests::test_file_tools_write_file ... ok
test prompts::tools::definitions::tests::test_git_tools_all ... ok
test prompts::tools::definitions::tests::test_git_tools_branch ... ok
test prompts::tools::definitions::tests::test_git_tools_commit ... ok
test prompts::tools::definitions::tests::test_git_tools_diff ... ok
test prompts::tools::definitions::tests::test_git_tools_status ... ok
test prompts::tools::definitions::tests::test_parameter_type_to_string ... ok
test prompts::tools::definitions::tests::test_parse_multiple_tool_blocks ... ok
test prompts::tools::definitions::tests::test_parse_no_invocations ... ok
test prompts::tools::definitions::tests::test_parse_tool_block ... ok
test prompts::tools::definitions::tests::test_test_tools_all ... ok
test prompts::tools::definitions::tests::test_test_tools_run_single_test ... ok
test prompts::tools::definitions::tests::test_test_tools_run_tests ... ok
test prompts::tools::definitions::tests::test_to_prompt_summary ... ok
test prompts::tools::definitions::tests::test_to_schema_string ... ok
test prompts::tools::definitions::tests::test_tool_definition_creation ... ok
test prompts::tools::definitions::tests::test_tool_invocation_format_constant ... ok
test prompts::tools::definitions::tests::test_tool_is_safe ... ok
test prompts::tools::definitions::tests::test_tool_registry ... ok
test prompts::tools::definitions::tests::test_tool_registry_by_side_effect ... ok
test prompts::tools::definitions::tests::test_validate_required_param ... ok
test prompts::tools::definitions::tests::test_validate_unknown_parameter ... ok
test prompts::tools::definitions::tests::test_validate_unknown_tool ... ok
test prompts::tools::definitions::tests::test_validate_valid_invocation ... ok
test prompts::tools::selection::tests::test_plan_tool_usage_prompt ... ok
test prompts::tools::selection::tests::test_prompt_includes_approval_guidance ... ok
test prompts::tools::selection::tests::test_select_tools_prompt ... ok
test prompts::tools::selection::tests::test_selection_version ... ok
test prompts::version::tests::test_prompt_execution ... ok
test prompts::version::tests::test_prompt_execution_parse_failure ... ok
test prompts::version::tests::test_prompt_registry ... ok
test prompts::version::tests::test_prompt_registry_families ... ok
test prompts::version::tests::test_prompt_registry_latest ... ok
test prompts::version::tests::test_prompt_version_compatibility ... ok
test prompts::version::tests::test_prompt_version_creation ... ok
test prompts::version::tests::test_prompt_version_id ... ok
test prompts::version::tests::test_prompt_version_newer_than ... ok
test prompts::version::tests::test_prompt_version_semver ... ok
test prompts::version::tests::test_prompt_version_with_commit ... ok

thread 'orchestration::scheduler::tests::resume_after_refactor' (4930111) panicked at src/db/test_utils.rs:62:14:
called `Result::unwrap()` on an `Err` value: Database(PgDatabaseError { severity: Fatal, code: "42501", message: "could not open file \"base/16384/2601\": Read-only file system", detail: None, hint: None, position: None, where: None, schema: None, table: None, column: None, data_type: None, constraint: None, file: Some("md.c"), line: Some(661), routine: Some("mdopenfork") })
test orchestration::scheduler::tests::resume_after_refactor ... FAILED

thread 'orchestration::scheduler::tests::resume_from_any_state' (4930113) panicked at src/db/test_utils.rs:62:14:
called `Result::unwrap()` on an `Err` value: Database(PgDatabaseError { severity: Fatal, code: "42501", message: "could not open file \"base/16384/2601\": Read-only file system", detail: None, hint: None, position: None, where: None, schema: None, table: None, column: None, data_type: None, constraint: None, file: Some("md.c"), line: Some(661), routine: Some("mdopenfork") })
test orchestration::scheduler::tests::resume_from_any_state ... FAILED

thread 'orchestration::scheduler::tests::scheduler_starts_in_running_mode' (4930116) panicked at src/db/test_utils.rs:62:14:
called `Result::unwrap()` on an `Err` value: Database(PgDatabaseError { severity: Fatal, code: "42501", message: "could not open file \"base/16384/2601\": Read-only file system", detail: None, hint: None, position: None, where: None, schema: None, table: None, column: None, data_type: None, constraint: None, file: Some("md.c"), line: Some(661), routine: Some("mdopenfork") })
test orchestration::scheduler::tests::scheduler_starts_in_running_mode ... FAILED

thread 'orchestration::scheduler::tests::should_assign_false_when_paused' (4930118) panicked at src/db/test_utils.rs:62:14:
called `Result::unwrap()` on an `Err` value: Database(PgDatabaseError { severity: Fatal, code: "42501", message: "could not open file \"base/16384/2601\": Read-only file system", detail: None, hint: None, position: None, where: None, schema: None, table: None, column: None, data_type: None, constraint: None, file: Some("md.c"), line: Some(661), routine: Some("mdopenfork") })
test orchestration::scheduler::tests::should_assign_false_when_paused ... FAILED

thread 'orchestration::scheduler::tests::should_assign_false_when_resuming' (4930120) panicked at src/db/test_utils.rs:62:14:
called `Result::unwrap()` on an `Err` value: Database(PgDatabaseError { severity: Fatal, code: "42501", message: "could not open file \"base/16384/2601\": Read-only file system", detail: None, hint: None, position: None, where: None, schema: None, table: None, column: None, data_type: None, constraint: None, file: Some("md.c"), line: Some(661), routine: Some("mdopenfork") })
test orchestration::scheduler::tests::should_assign_false_when_resuming ... FAILED

thread 'refactor::agent::tests::agent_can_add_and_apply_changes' (4930490) panicked at src/db/test_utils.rs:62:14:
called `Result::unwrap()` on an `Err` value: Database(PgDatabaseError { severity: Fatal, code: "42501", message: "could not open file \"base/16384/2601\": Read-only file system", detail: None, hint: None, position: None, where: None, schema: None, table: None, column: None, data_type: None, constraint: None, file: Some("md.c"), line: Some(661), routine: Some("mdopenfork") })
test refactor::agent::tests::agent_can_add_and_apply_changes ... FAILED

thread 'refactor::agent::tests::agent_can_end_session' (4930492) panicked at src/db/test_utils.rs:62:14:
called `Result::unwrap()` on an `Err` value: Database(PgDatabaseError { severity: Fatal, code: "42501", message: "could not open file \"base/16384/2601\": Read-only file system", detail: None, hint: None, position: None, where: None, schema: None, table: None, column: None, data_type: None, constraint: None, file: Some("md.c"), line: Some(661), routine: Some("mdopenfork") })
test refactor::agent::tests::agent_can_end_session ... FAILED

thread 'refactor::agent::tests::agent_can_halt_production' (4930494) panicked at src/db/test_utils.rs:62:14:
called `Result::unwrap()` on an `Err` value: Database(PgDatabaseError { severity: Fatal, code: "42501", message: "could not open file \"base/16384/2601\": Read-only file system", detail: None, hint: None, position: None, where: None, schema: None, table: None, column: None, data_type: None, constraint: None, file: Some("md.c"), line: Some(661), routine: Some("mdopenfork") })
test refactor::agent::tests::agent_can_halt_production ... FAILED

thread 'refactor::agent::tests::agent_can_start_session' (4930496) panicked at src/db/test_utils.rs:62:14:
called `Result::unwrap()` on an `Err` value: Database(PgDatabaseError { severity: Fatal, code: "42501", message: "could not open file \"base/16384/2601\": Read-only file system", detail: None, hint: None, position: None, where: None, schema: None, table: None, column: None, data_type: None, constraint: None, file: Some("md.c"), line: Some(661), routine: Some("mdopenfork") })
test refactor::agent::tests::agent_can_start_session ... FAILED

thread 'refactor::agent::tests::agent_resumes_existing_session' (4930501) panicked at src/db/test_utils.rs:62:14:
called `Result::unwrap()` on an `Err` value: Database(PgDatabaseError { severity: Fatal, code: "42501", message: "could not open file \"base/16384/2601\": Read-only file system", detail: None, hint: None, position: None, where: None, schema: None, table: None, column: None, data_type: None, constraint: None, file: Some("md.c"), line: Some(661), routine: Some("mdopenfork") })
test refactor::agent::tests::agent_resumes_existing_session ... FAILED

thread 'refactor::agent::tests::agent_starts_with_no_session' (4930503) panicked at src/db/test_utils.rs:62:14:
called `Result::unwrap()` on an `Err` value: Database(PgDatabaseError { severity: Fatal, code: "42501", message: "could not open file \"base/16384/2601\": Read-only file system", detail: None, hint: None, position: None, where: None, schema: None, table: None, column: None, data_type: None, constraint: None, file: Some("md.c"), line: Some(661), routine: Some("mdopenfork") })
test refactor::agent::tests::agent_starts_with_no_session ... FAILED

thread 'refactor::agent::tests::analyze_intent_clarifying_patterns' (4930506) panicked at src/db/test_utils.rs:62:14:
called `Result::unwrap()` on an `Err` value: Database(PgDatabaseError { severity: Fatal, code: "42501", message: "could not open file \"base/16384/2601\": Read-only file system", detail: None, hint: None, position: None, where: None, schema: None, table: None, column: None, data_type: None, constraint: None, file: Some("md.c"), line: Some(661), routine: Some("mdopenfork") })
test refactor::agent::tests::analyze_intent_clarifying_patterns ... FAILED

thread 'refactor::agent::tests::analyze_intent_defaults_to_chatting' (4930508) panicked at src/db/test_utils.rs:62:14:
called `Result::unwrap()` on an `Err` value: Database(PgDatabaseError { severity: Fatal, code: "42501", message: "could not open file \"base/16384/2601\": Read-only file system", detail: None, hint: None, position: None, where: None, schema: None, table: None, column: None, data_type: None, constraint: None, file: Some("md.c"), line: Some(661), routine: Some("mdopenfork") })
test refactor::agent::tests::analyze_intent_defaults_to_chatting ... FAILED

thread 'refactor::agent::tests::analyze_intent_detects_clarifying' (4930511) panicked at src/db/test_utils.rs:62:14:
called `Result::unwrap()` on an `Err` value: Database(PgDatabaseError { severity: Fatal, code: "42501", message: "could not open file \"base/16384/2601\": Read-only file system", detail: None, hint: None, position: None, where: None, schema: None, table: None, column: None, data_type: None, constraint: None, file: Some("md.c"), line: Some(661), routine: Some("mdopenfork") })
test refactor::agent::tests::analyze_intent_detects_clarifying ... FAILED

thread 'refactor::agent::tests::analyze_intent_detects_exit' (4930513) panicked at src/db/test_utils.rs:62:14:
called `Result::unwrap()` on an `Err` value: Database(PgDatabaseError { severity: Fatal, code: "42501", message: "could not open file \"base/16384/2601\": Read-only file system", detail: None, hint: None, position: None, where: None, schema: None, table: None, column: None, data_type: None, constraint: None, file: Some("md.c"), line: Some(661), routine: Some("mdopenfork") })
test refactor::agent::tests::analyze_intent_detects_exit ... FAILED

thread 'refactor::agent::tests::analyze_intent_detects_halt' (4930516) panicked at src/db/test_utils.rs:62:14:
called `Result::unwrap()` on an `Err` value: Database(PgDatabaseError { severity: Fatal, code: "42501", message: "could not open file \"base/16384/2601\": Read-only file system", detail: None, hint: None, position: None, where: None, schema: None, table: None, column: None, data_type: None, constraint: None, file: Some("md.c"), line: Some(661), routine: Some("mdopenfork") })
test refactor::agent::tests::analyze_intent_detects_halt ... FAILED

thread 'refactor::agent::tests::analyze_intent_detects_refactor' (4930522) panicked at src/db/test_utils.rs:62:14:
called `Result::unwrap()` on an `Err` value: Database(PgDatabaseError { severity: Fatal, code: "42501", message: "could not open file \"base/16384/2601\": Read-only file system", detail: None, hint: None, position: None, where: None, schema: None, table: None, column: None, data_type: None, constraint: None, file: Some("md.c"), line: Some(661), routine: Some("mdopenfork") })
test refactor::agent::tests::analyze_intent_detects_refactor ... FAILED

thread 'refactor::agent::tests::analyze_intent_exit_with_resume' (4930524) panicked at src/db/test_utils.rs:62:14:
called `Result::unwrap()` on an `Err` value: Database(PgDatabaseError { severity: Fatal, code: "42501", message: "could not open file \"base/16384/2601\": Read-only file system", detail: None, hint: None, position: None, where: None, schema: None, table: None, column: None, data_type: None, constraint: None, file: Some("md.c"), line: Some(661), routine: Some("mdopenfork") })
test refactor::agent::tests::analyze_intent_exit_with_resume ... FAILED

thread 'refactor::agent::tests::analyze_intent_halt_pattern' (4930526) panicked at src/db/test_utils.rs:62:14:
called `Result::unwrap()` on an `Err` value: Database(PgDatabaseError { severity: Fatal, code: "42501", message: "could not open file \"base/16384/2601\": Read-only file system", detail: None, hint: None, position: None, where: None, schema: None, table: None, column: None, data_type: None, constraint: None, file: Some("md.c"), line: Some(661), routine: Some("mdopenfork") })
test refactor::agent::tests::analyze_intent_halt_pattern ... FAILED

thread 'refactor::agent::tests::analyze_intent_pause_everything' (4930559) panicked at src/db/test_utils.rs:62:14:
called `Result::unwrap()` on an `Err` value: Database(PgDatabaseError { severity: Fatal, code: "42501", message: "could not open file \"base/16384/2601\": Read-only file system", detail: None, hint: None, position: None, where: None, schema: None, table: None, column: None, data_type: None, constraint: None, file: Some("md.c"), line: Some(661), routine: Some("mdopenfork") })
test refactor::agent::tests::analyze_intent_pause_everything ... FAILED

thread 'refactor::agent::tests::analyze_intent_refactor_various_patterns' (4930561) panicked at src/db/test_utils.rs:62:14:
called `Result::unwrap()` on an `Err` value: Database(PgDatabaseError { severity: Fatal, code: "42501", message: "could not open file \"base/16384/2601\": Read-only file system", detail: None, hint: None, position: None, where: None, schema: None, table: None, column: None, data_type: None, constraint: None, file: Some("md.c"), line: Some(661), routine: Some("mdopenfork") })
test refactor::agent::tests::analyze_intent_refactor_various_patterns ... FAILED

thread 'refactor::agent::tests::apply_changes_no_session_errors' (4930563) panicked at src/db/test_utils.rs:62:14:
called `Result::unwrap()` on an `Err` value: Database(PgDatabaseError { severity: Fatal, code: "42501", message: "could not open file \"base/16384/2601\": Read-only file system", detail: None, hint: None, position: None, where: None, schema: None, table: None, column: None, data_type: None, constraint: None, file: Some("md.c"), line: Some(661), routine: Some("mdopenfork") })
test refactor::agent::tests::apply_changes_no_session_errors ... FAILED

thread 'refactor::agent::tests::apply_create_in_subdirectory' (4930565) panicked at src/db/test_utils.rs:62:14:
called `Result::unwrap()` on an `Err` value: Database(PgDatabaseError { severity: Fatal, code: "42501", message: "could not open file \"base/16384/2601\": Read-only file system", detail: None, hint: None, position: None, where: None, schema: None, table: None, column: None, data_type: None, constraint: None, file: Some("md.c"), line: Some(661), routine: Some("mdopenfork") })
test refactor::agent::tests::apply_create_in_subdirectory ... FAILED
test refactor::agent::tests::confidence_serialization ... ok

thread 'refactor::agent::tests::apply_delete_change' (4930567) panicked at src/db/test_utils.rs:62:14:
called `Result::unwrap()` on an `Err` value: Database(PgDatabaseError { severity: Fatal, code: "42501", message: "could not open file \"base/16384/2601\": Read-only file system", detail: None, hint: None, position: None, where: None, schema: None, table: None, column: None, data_type: None, constraint: None, file: Some("md.c"), line: Some(661), routine: Some("mdopenfork") })
test refactor::agent::tests::apply_delete_change ... FAILED

thread 'refactor::agent::tests::apply_delete_nonexistent_file_no_error' (4930570) panicked at src/db/test_utils.rs:62:14:
called `Result::unwrap()` on an `Err` value: Database(PgDatabaseError { severity: Fatal, code: "42501", message: "could not open file \"base/16384/2601\": Read-only file system", detail: None, hint: None, position: None, where: None, schema: None, table: None, column: None, data_type: None, constraint: None, file: Some("md.c"), line: Some(661), routine: Some("mdopenfork") })
test refactor::agent::tests::apply_delete_nonexistent_file_no_error ... FAILED

thread 'refactor::agent::tests::apply_modify_change' (4930573) panicked at src/db/test_utils.rs:62:14:
called `Result::unwrap()` on an `Err` value: Database(PgDatabaseError { severity: Fatal, code: "42501", message: "could not open file \"base/16384/2601\": Read-only file system", detail: None, hint: None, position: None, where: None, schema: None, table: None, column: None, data_type: None, constraint: None, file: Some("md.c"), line: Some(661), routine: Some("mdopenfork") })
test refactor::agent::tests::apply_modify_change ... FAILED
test refactor::agent::tests::impact_recommendation_serialization ... ok
test refactor::agent::tests::impact_severity_serialization ... ok

thread 'refactor::agent::tests::build_intent_prompt_with_empty_context' (4930576) panicked at src/db/test_utils.rs:62:14:
called `Result::unwrap()` on an `Err` value: Database(PgDatabaseError { severity: Fatal, code: "42501", message: "could not open file \"base/16384/2601\": Read-only file system", detail: None, hint: None, position: None, where: None, schema: None, table: None, column: None, data_type: None, constraint: None, file: Some("md.c"), line: Some(661), routine: Some("mdopenfork") })
test refactor::agent::tests::build_intent_prompt_with_empty_context ... FAILED
test server::api::tests::agent_pool_stats_serializes ... ok
test server::api::tests::agent_response_with_current_task ... ok
test server::api::tests::agents_list_response_serializes ... ok

thread 'refactor::agent::tests::build_intent_prompt_with_work_status' (4930582) panicked at src/db/test_utils.rs:62:14:
called `Result::unwrap()` on an `Err` value: Database(PgDatabaseError { severity: Fatal, code: "42501", message: "could not open file \"base/16384/2601\": Read-only file system", detail: None, hint: None, position: None, where: None, schema: None, table: None, column: None, data_type: None, constraint: None, file: Some("md.c"), line: Some(661), routine: Some("mdopenfork") })
test refactor::agent::tests::build_intent_prompt_with_work_status ... FAILED
test observability::logging::tests::get_calls_for_task_filters_correctly has been running for over 60 seconds

thread 'observability::logging::tests::get_calls_for_task_filters_correctly' (4927570) panicked at src/db/test_utils.rs:62:14:
called `Result::unwrap()` on an `Err` value: PoolTimedOut
test observability::logging::tests::get_calls_for_task_filters_correctly ... FAILED

thread 'refactor::agent::tests::end_session_without_active_session' (4930585) panicked at src/db/test_utils.rs:62:14:
called `Result::unwrap()` on an `Err` value: Database(PgDatabaseError { severity: Fatal, code: "42501", message: "could not open file \"base/16384/2601\": Read-only file system", detail: None, hint: None, position: None, where: None, schema: None, table: None, column: None, data_type: None, constraint: None, file: Some("md.c"), line: Some(661), routine: Some("mdopenfork") })
test refactor::agent::tests::end_session_without_active_session ... FAILED

thread 'refactor::agent::tests::get_context_includes_session' (4930587) panicked at src/db/test_utils.rs:62:14:
called `Result::unwrap()` on an `Err` value: Database(PgDatabaseError { severity: Fatal, code: "42501", message: "could not open file \"base/16384/2601\": Read-only file system", detail: None, hint: None, position: None, where: None, schema: None, table: None, column: None, data_type: None, constraint: None, file: Some("md.c"), line: Some(661), routine: Some("mdopenfork") })
test refactor::agent::tests::get_context_includes_session ... FAILED

thread 'refactor::agent::tests::get_context_without_session' (4930589) panicked at src/db/test_utils.rs:62:14:
called `Result::unwrap()` on an `Err` value: Database(PgDatabaseError { severity: Fatal, code: "42501", message: "could not open file \"base/16384/2601\": Read-only file system", detail: None, hint: None, position: None, where: None, schema: None, table: None, column: None, data_type: None, constraint: None, file: Some("md.c"), line: Some(661), routine: Some("mdopenfork") })
test refactor::agent::tests::get_context_without_session ... FAILED

thread 'refactor::agent::tests::session_mut_returns_mutable_ref' (4930593) panicked at src/db/test_utils.rs:62:14:
called `Result::unwrap()` on an `Err` value: Database(PgDatabaseError { severity: Fatal, code: "42501", message: "could not open file \"base/16384/2601\": Read-only file system", detail: None, hint: None, position: None, where: None, schema: None, table: None, column: None, data_type: None, constraint: None, file: Some("md.c"), line: Some(661), routine: Some("mdopenfork") })
test refactor::agent::tests::session_mut_returns_mutable_ref ... FAILED

thread 'server::api::tests::auth_login_no_password_configured' (4930598) panicked at src/db/test_utils.rs:62:14:
called `Result::unwrap()` on an `Err` value: Database(PgDatabaseError { severity: Fatal, code: "42501", message: "could not open file \"base/16384/2601\": Read-only file system", detail: None, hint: None, position: None, where: None, schema: None, table: None, column: None, data_type: None, constraint: None, file: Some("md.c"), line: Some(661), routine: Some("mdopenfork") })
test server::api::tests::auth_login_no_password_configured ... FAILED

thread 'server::api::tests::auth_login_success' (4930600) panicked at src/db/test_utils.rs:62:14:
called `Result::unwrap()` on an `Err` value: Database(PgDatabaseError { severity: Fatal, code: "42501", message: "could not open file \"base/16384/2601\": Read-only file system", detail: None, hint: None, position: None, where: None, schema: None, table: None, column: None, data_type: None, constraint: None, file: Some("md.c"), line: Some(661), routine: Some("mdopenfork") })
test server::api::tests::auth_login_success ... FAILED
test server::api::tests::chat_message_serializes ... ok
test server::api::tests::chat_request_deserializes ... ok
test server::api::tests::chat_response_serializes ... ok

thread 'server::api::tests::auth_login_wrong_password' (4930602) panicked at src/db/test_utils.rs:62:14:
called `Result::unwrap()` on an `Err` value: Database(PgDatabaseError { severity: Fatal, code: "42501", message: "could not open file \"base/16384/2601\": Read-only file system", detail: None, hint: None, position: None, where: None, schema: None, table: None, column: None, data_type: None, constraint: None, file: Some("md.c"), line: Some(661), routine: Some("mdopenfork") })
test server::api::tests::auth_login_wrong_password ... FAILED

thread 'server::api::tests::auth_setup_conflict_when_already_configured' (4930605) panicked at src/db/test_utils.rs:62:14:
called `Result::unwrap()` on an `Err` value: Database(PgDatabaseError { severity: Fatal, code: "42501", message: "could not open file \"base/16384/2601\": Read-only file system", detail: None, hint: None, position: None, where: None, schema: None, table: None, column: None, data_type: None, constraint: None, file: Some("md.c"), line: Some(661), routine: Some("mdopenfork") })
test server::api::tests::auth_setup_conflict_when_already_configured ... FAILED
test server::api::tests::config_response_serializes ... ok

thread 'server::api::tests::auth_setup_short_password_returns_bad_request' (4930607) panicked at src/db/test_utils.rs:62:14:
called `Result::unwrap()` on an `Err` value: Database(PgDatabaseError { severity: Fatal, code: "42501", message: "could not open file \"base/16384/2601\": Read-only file system", detail: None, hint: None, position: None, where: None, schema: None, table: None, column: None, data_type: None, constraint: None, file: Some("md.c"), line: Some(661), routine: Some("mdopenfork") })
test server::api::tests::auth_setup_short_password_returns_bad_request ... FAILED
test server::api::tests::create_task_request_all_fields ... ok
test server::api::tests::create_task_request_deserializes ... ok
test server::api::tests::create_task_request_minimal ... ok

thread 'server::api::tests::auth_setup_success' (4930609) panicked at src/db/test_utils.rs:62:14:
called `Result::unwrap()` on an `Err` value: Database(PgDatabaseError { severity: Fatal, code: "42501", message: "could not open file \"base/16384/2601\": Read-only file system", detail: None, hint: None, position: None, where: None, schema: None, table: None, column: None, data_type: None, constraint: None, file: Some("md.c"), line: Some(661), routine: Some("mdopenfork") })
test server::api::tests::auth_setup_success ... FAILED

thread 'server::api::tests::chat_history_returns_messages_after_send' (4930611) panicked at src/db/test_utils.rs:62:14:
called `Result::unwrap()` on an `Err` value: Database(PgDatabaseError { severity: Fatal, code: "42501", message: "could not open file \"base/16384/2601\": Read-only file system", detail: None, hint: None, position: None, where: None, schema: None, table: None, column: None, data_type: None, constraint: None, file: Some("md.c"), line: Some(661), routine: Some("mdopenfork") })
test server::api::tests::chat_history_returns_messages_after_send ... FAILED

thread 'server::api::tests::chat_history_with_pagination' (4930613) panicked at src/db/test_utils.rs:62:14:
called `Result::unwrap()` on an `Err` value: Database(PgDatabaseError { severity: Fatal, code: "42501", message: "could not open file \"base/16384/2601\": Read-only file system", detail: None, hint: None, position: None, where: None, schema: None, table: None, column: None, data_type: None, constraint: None, file: Some("md.c"), line: Some(661), routine: Some("mdopenfork") })
test server::api::tests::chat_history_with_pagination ... FAILED

thread 'server::api::tests::clear_chat_history_returns_no_content' (4930618) panicked at src/db/test_utils.rs:62:14:
called `Result::unwrap()` on an `Err` value: Database(PgDatabaseError { severity: Fatal, code: "42501", message: "could not open file \"base/16384/2601\": Read-only file system", detail: None, hint: None, position: None, where: None, schema: None, table: None, column: None, data_type: None, constraint: None, file: Some("md.c"), line: Some(661), routine: Some("mdopenfork") })
test server::api::tests::clear_chat_history_returns_no_content ... FAILED

thread 'server::api::tests::clear_chat_then_history_is_empty' (4930620) panicked at src/db/test_utils.rs:62:14:
called `Result::unwrap()` on an `Err` value: Database(PgDatabaseError { severity: Fatal, code: "42501", message: "could not open file \"base/16384/2601\": Read-only file system", detail: None, hint: None, position: None, where: None, schema: None, table: None, column: None, data_type: None, constraint: None, file: Some("md.c"), line: Some(661), routine: Some("mdopenfork") })
test server::api::tests::clear_chat_then_history_is_empty ... FAILED

thread 'server::api::tests::create_task_empty_title_returns_bad_request' (4930623) panicked at src/db/test_utils.rs:62:14:
called `Result::unwrap()` on an `Err` value: Database(PgDatabaseError { severity: Fatal, code: "42501", message: "could not open file \"base/16384/2601\": Read-only file system", detail: None, hint: None, position: None, where: None, schema: None, table: None, column: None, data_type: None, constraint: None, file: Some("md.c"), line: Some(661), routine: Some("mdopenfork") })
test server::api::tests::create_task_empty_title_returns_bad_request ... FAILED

thread 'server::api::tests::create_task_response_body_has_expected_fields' (4930629) panicked at src/db/test_utils.rs:62:14:
called `Result::unwrap()` on an `Err` value: Database(PgDatabaseError { severity: Fatal, code: "42501", message: "could not open file \"base/16384/2601\": Read-only file system", detail: None, hint: None, position: None, where: None, schema: None, table: None, column: None, data_type: None, constraint: None, file: Some("md.c"), line: Some(661), routine: Some("mdopenfork") })
test server::api::tests::create_task_response_body_has_expected_fields ... FAILED

thread 'server::api::tests::create_task_valid_returns_created' (4930631) panicked at src/db/test_utils.rs:62:14:
called `Result::unwrap()` on an `Err` value: Database(PgDatabaseError { severity: Fatal, code: "42501", message: "could not open file \"base/16384/2601\": Read-only file system", detail: None, hint: None, position: None, where: None, schema: None, table: None, column: None, data_type: None, constraint: None, file: Some("md.c"), line: Some(661), routine: Some("mdopenfork") })
test server::api::tests::create_task_valid_returns_created ... FAILED

thread 'server::api::tests::create_task_with_low_priority' (4930633) panicked at src/db/test_utils.rs:62:14:
called `Result::unwrap()` on an `Err` value: Database(PgDatabaseError { severity: Fatal, code: "42501", message: "could not open file \"base/16384/2601\": Read-only file system", detail: None, hint: None, position: None, where: None, schema: None, table: None, column: None, data_type: None, constraint: None, file: Some("md.c"), line: Some(661), routine: Some("mdopenfork") })
test server::api::tests::create_task_with_low_priority ... FAILED

thread 'server::api::tests::create_task_with_no_priority_defaults_to_normal' (4930635) panicked at src/db/test_utils.rs:62:14:
called `Result::unwrap()` on an `Err` value: Database(PgDatabaseError { severity: Fatal, code: "42501", message: "could not open file \"base/16384/2601\": Read-only file system", detail: None, hint: None, position: None, where: None, schema: None, table: None, column: None, data_type: None, constraint: None, file: Some("md.c"), line: Some(661), routine: Some("mdopenfork") })
test server::api::tests::create_task_with_no_priority_defaults_to_normal ... FAILED

thread 'server::api::tests::create_task_with_no_tier_defaults_to_worker' (4930637) panicked at src/db/test_utils.rs:62:14:
called `Result::unwrap()` on an `Err` value: Database(PgDatabaseError { severity: Fatal, code: "42501", message: "could not open file \"base/16384/2601\": Read-only file system", detail: None, hint: None, position: None, where: None, schema: None, table: None, column: None, data_type: None, constraint: None, file: Some("md.c"), line: Some(661), routine: Some("mdopenfork") })
test server::api::tests::create_task_with_no_tier_defaults_to_worker ... FAILED

thread 'server::api::tests::create_task_with_orchestrator_tier' (4930639) panicked at src/db/test_utils.rs:62:14:
called `Result::unwrap()` on an `Err` value: Database(PgDatabaseError { severity: Fatal, code: "42501", message: "could not open file \"base/16384/2601\": Read-only file system", detail: None, hint: None, position: None, where: None, schema: None, table: None, column: None, data_type: None, constraint: None, file: Some("md.c"), line: Some(661), routine: Some("mdopenfork") })
test server::api::tests::create_task_with_orchestrator_tier ... FAILED

thread 'server::api::tests::create_task_with_unknown_priority_defaults_to_normal' (4930641) panicked at src/db/test_utils.rs:62:14:
called `Result::unwrap()` on an `Err` value: Database(PgDatabaseError { severity: Fatal, code: "42501", message: "could not open file \"base/16384/2601\": Read-only file system", detail: None, hint: None, position: None, where: None, schema: None, table: None, column: None, data_type: None, constraint: None, file: Some("md.c"), line: Some(661), routine: Some("mdopenfork") })
test server::api::tests::create_task_with_unknown_priority_defaults_to_normal ... FAILED

thread 'server::api::tests::create_task_with_unknown_tier_defaults_to_worker' (4930643) panicked at src/db/test_utils.rs:62:14:
called `Result::unwrap()` on an `Err` value: Database(PgDatabaseError { severity: Fatal, code: "42501", message: "could not open file \"base/16384/2601\": Read-only file system", detail: None, hint: None, position: None, where: None, schema: None, table: None, column: None, data_type: None, constraint: None, file: Some("md.c"), line: Some(661), routine: Some("mdopenfork") })
test server::api::tests::create_task_with_unknown_tier_defaults_to_worker ... FAILED
test server::api::tests::health_response_serializes ... ok
test server::api::tests::history_query_deserializes ... ok
test server::api::tests::history_query_with_defaults ... ok

thread 'server::api::tests::create_task_with_urgent_priority' (4930645) panicked at src/db/test_utils.rs:62:14:
called `Result::unwrap()` on an `Err` value: Database(PgDatabaseError { severity: Fatal, code: "42501", message: "could not open file \"base/16384/2601\": Read-only file system", detail: None, hint: None, position: None, where: None, schema: None, table: None, column: None, data_type: None, constraint: None, file: Some("md.c"), line: Some(661), routine: Some("mdopenfork") })
test server::api::tests::create_task_with_urgent_priority ... FAILED

thread 'server::api::tests::create_task_with_utility_tier' (4930647) panicked at src/db/test_utils.rs:62:14:
called `Result::unwrap()` on an `Err` value: Database(PgDatabaseError { severity: Fatal, code: "42501", message: "could not open file \"base/16384/2601\": Read-only file system", detail: None, hint: None, position: None, where: None, schema: None, table: None, column: None, data_type: None, constraint: None, file: Some("md.c"), line: Some(661), routine: Some("mdopenfork") })
test server::api::tests::create_task_with_utility_tier ... FAILED

thread 'server::api::tests::get_config_returns_expected_fields' (4930649) panicked at src/db/test_utils.rs:62:14:
called `Result::unwrap()` on an `Err` value: Database(PgDatabaseError { severity: Fatal, code: "42501", message: "could not open file \"base/16384/2601\": Read-only file system", detail: None, hint: None, position: None, where: None, schema: None, table: None, column: None, data_type: None, constraint: None, file: Some("md.c"), line: Some(661), routine: Some("mdopenfork") })
test server::api::tests::get_config_returns_expected_fields ... FAILED

thread 'server::api::tests::get_task_not_found' (4930651) panicked at src/db/test_utils.rs:62:14:
called `Result::unwrap()` on an `Err` value: Database(PgDatabaseError { severity: Fatal, code: "42501", message: "could not open file \"base/16384/2601\": Read-only file system", detail: None, hint: None, position: None, where: None, schema: None, table: None, column: None, data_type: None, constraint: None, file: Some("md.c"), line: Some(661), routine: Some("mdopenfork") })
test server::api::tests::get_task_not_found ... FAILED
test server::api::tests::login_request_deserializes ... ok
test server::api::tests::login_response_serializes ... ok
test server::api::tests::me_response_serializes ... ok

thread 'server::api::tests::get_task_returns_created_task' (4930653) panicked at src/db/test_utils.rs:62:14:
called `Result::unwrap()` on an `Err` value: Database(PgDatabaseError { severity: Fatal, code: "42501", message: "could not open file \"base/16384/2601\": Read-only file system", detail: None, hint: None, position: None, where: None, schema: None, table: None, column: None, data_type: None, constraint: None, file: Some("md.c"), line: Some(661), routine: Some("mdopenfork") })
test server::api::tests::get_task_returns_created_task ... FAILED

thread 'server::api::tests::health_check_returns_ok' (4930655) panicked at src/db/test_utils.rs:62:14:
called `Result::unwrap()` on an `Err` value: Database(PgDatabaseError { severity: Fatal, code: "42501", message: "could not open file \"base/16384/2601\": Read-only file system", detail: None, hint: None, position: None, where: None, schema: None, table: None, column: None, data_type: None, constraint: None, file: Some("md.c"), line: Some(661), routine: Some("mdopenfork") })
test server::api::tests::health_check_returns_ok ... FAILED

thread 'server::api::tests::list_agents_returns_stats' (4930661) panicked at src/db/test_utils.rs:62:14:
called `Result::unwrap()` on an `Err` value: Database(PgDatabaseError { severity: Fatal, code: "42501", message: "could not open file \"base/16384/2601\": Read-only file system", detail: None, hint: None, position: None, where: None, schema: None, table: None, column: None, data_type: None, constraint: None, file: Some("md.c"), line: Some(661), routine: Some("mdopenfork") })
test server::api::tests::list_agents_returns_stats ... FAILED
test server::api::tests::setup_request_deserializes ... ok
test server::api::tests::setup_response_serializes ... ok
test server::api::tests::tasks_query_deserializes ... ok
test server::api::tests::tasks_query_with_no_fields ... ok

thread 'server::api::tests::list_tasks_returns_empty_initially' (4930663) panicked at src/db/test_utils.rs:62:14:
called `Result::unwrap()` on an `Err` value: Database(PgDatabaseError { severity: Fatal, code: "42501", message: "could not open file \"base/16384/2601\": Read-only file system", detail: None, hint: None, position: None, where: None, schema: None, table: None, column: None, data_type: None, constraint: None, file: Some("md.c"), line: Some(661), routine: Some("mdopenfork") })
test server::api::tests::list_tasks_returns_empty_initially ... FAILED

thread 'server::api::tests::list_tasks_with_limit' (4930665) panicked at src/db/test_utils.rs:62:14:
called `Result::unwrap()` on an `Err` value: Database(PgDatabaseError { severity: Fatal, code: "42501", message: "could not open file \"base/16384/2601\": Read-only file system", detail: None, hint: None, position: None, where: None, schema: None, table: None, column: None, data_type: None, constraint: None, file: Some("md.c"), line: Some(661), routine: Some("mdopenfork") })
test server::api::tests::list_tasks_with_limit ... FAILED

thread 'server::api::tests::list_tasks_with_status_filter' (4930667) panicked at src/db/test_utils.rs:62:14:
called `Result::unwrap()` on an `Err` value: Database(PgDatabaseError { severity: Fatal, code: "42501", message: "could not open file \"base/16384/2601\": Read-only file system", detail: None, hint: None, position: None, where: None, schema: None, table: None, column: None, data_type: None, constraint: None, file: Some("md.c"), line: Some(661), routine: Some("mdopenfork") })
test server::api::tests::list_tasks_with_status_filter ... FAILED

thread 'server::api::tests::send_chat_empty_message_returns_bad_request' (4930672) panicked at src/db/test_utils.rs:62:14:
called `Result::unwrap()` on an `Err` value: Database(PgDatabaseError { severity: Fatal, code: "42501", message: "could not open file \"base/16384/2601\": Read-only file system", detail: None, hint: None, position: None, where: None, schema: None, table: None, column: None, data_type: None, constraint: None, file: Some("md.c"), line: Some(661), routine: Some("mdopenfork") })
test server::api::tests::send_chat_empty_message_returns_bad_request ... FAILED

thread 'server::api::tests::send_chat_response_contains_message_id' (4930674) panicked at src/db/test_utils.rs:62:14:
called `Result::unwrap()` on an `Err` value: Database(PgDatabaseError { severity: Fatal, code: "42501", message: "could not open file \"base/16384/2601\": Read-only file system", detail: None, hint: None, position: None, where: None, schema: None, table: None, column: None, data_type: None, constraint: None, file: Some("md.c"), line: Some(661), routine: Some("mdopenfork") })
test server::api::tests::send_chat_response_contains_message_id ... FAILED
test server::auth::tests::test_create_and_verify_token ... ok

thread 'server::api::tests::send_chat_valid_message_returns_accepted' (4930676) panicked at src/db/test_utils.rs:62:14:
called `Result::unwrap()` on an `Err` value: Database(PgDatabaseError { severity: Fatal, code: "42501", message: "could not open file \"base/16384/2601\": Read-only file system", detail: None, hint: None, position: None, where: None, schema: None, table: None, column: None, data_type: None, constraint: None, file: Some("md.c"), line: Some(661), routine: Some("mdopenfork") })
test server::api::tests::send_chat_valid_message_returns_accepted ... FAILED
test server::auth::tests::test_verify_token_wrong_secret ... ok

thread 'server::api::tests::update_config_invalid_verbosity_returns_bad_request' (4930682) panicked at src/db/test_utils.rs:62:14:
called `Result::unwrap()` on an `Err` value: Database(PgDatabaseError { severity: Fatal, code: "42501", message: "could not open file \"base/16384/2601\": Read-only file system", detail: None, hint: None, position: None, where: None, schema: None, table: None, column: None, data_type: None, constraint: None, file: Some("md.c"), line: Some(661), routine: Some("mdopenfork") })
test server::api::tests::update_config_invalid_verbosity_returns_bad_request ... FAILED

thread 'server::api::tests::update_config_no_verbosity_returns_ok' (4930684) panicked at src/db/test_utils.rs:62:14:
called `Result::unwrap()` on an `Err` value: Database(PgDatabaseError { severity: Fatal, code: "42501", message: "could not open file \"base/16384/2601\": Read-only file system", detail: None, hint: None, position: None, where: None, schema: None, table: None, column: None, data_type: None, constraint: None, file: Some("md.c"), line: Some(661), routine: Some("mdopenfork") })
test server::api::tests::update_config_no_verbosity_returns_ok ... FAILED

thread 'server::api::tests::update_config_normal_verbosity' (4930686) panicked at src/db/test_utils.rs:62:14:
called `Result::unwrap()` on an `Err` value: Database(PgDatabaseError { severity: Fatal, code: "42501", message: "could not open file \"base/16384/2601\": Read-only file system", detail: None, hint: None, position: None, where: None, schema: None, table: None, column: None, data_type: None, constraint: None, file: Some("md.c"), line: Some(661), routine: Some("mdopenfork") })
test server::api::tests::update_config_normal_verbosity ... FAILED

thread 'server::api::tests::update_config_quiet_verbosity' (4930688) panicked at src/db/test_utils.rs:62:14:
called `Result::unwrap()` on an `Err` value: Database(PgDatabaseError { severity: Fatal, code: "42501", message: "could not open file \"base/16384/2601\": Read-only file system", detail: None, hint: None, position: None, where: None, schema: None, table: None, column: None, data_type: None, constraint: None, file: Some("md.c"), line: Some(661), routine: Some("mdopenfork") })
test server::api::tests::update_config_quiet_verbosity ... FAILED

thread 'server::api::tests::update_config_valid_verbosity' (4930690) panicked at src/db/test_utils.rs:62:14:
called `Result::unwrap()` on an `Err` value: Database(PgDatabaseError { severity: Fatal, code: "42501", message: "could not open file \"base/16384/2601\": Read-only file system", detail: None, hint: None, position: None, where: None, schema: None, table: None, column: None, data_type: None, constraint: None, file: Some("md.c"), line: Some(661), routine: Some("mdopenfork") })
test server::api::tests::update_config_valid_verbosity ... FAILED

thread 'server::state::tests::app_state_new_creates_valid_state' (4930696) panicked at src/db/test_utils.rs:62:14:
called `Result::unwrap()` on an `Err` value: Database(PgDatabaseError { severity: Fatal, code: "42501", message: "could not open file \"base/16384/2601\": Read-only file system", detail: None, hint: None, position: None, where: None, schema: None, table: None, column: None, data_type: None, constraint: None, file: Some("md.c"), line: Some(661), routine: Some("mdopenfork") })
test server::state::tests::app_state_new_creates_valid_state ... FAILED
test server::state::tests::orchestrator_message_construction ... ok

thread 'server::state::tests::broadcast_agent_no_panic' (4930699) panicked at src/db/test_utils.rs:62:14:
called `Result::unwrap()` on an `Err` value: Database(PgDatabaseError { severity: Fatal, code: "42501", message: "could not open file \"base/16384/2601\": Read-only file system", detail: None, hint: None, position: None, where: None, schema: None, table: None, column: None, data_type: None, constraint: None, file: Some("md.c"), line: Some(661), routine: Some("mdopenfork") })
test server::state::tests::broadcast_agent_no_panic ... FAILED

thread 'server::state::tests::broadcast_feed_no_panic' (4930701) panicked at src/db/test_utils.rs:62:14:
called `Result::unwrap()` on an `Err` value: Database(PgDatabaseError { severity: Fatal, code: "42501", message: "could not open file \"base/16384/2601\": Read-only file system", detail: None, hint: None, position: None, where: None, schema: None, table: None, column: None, data_type: None, constraint: None, file: Some("md.c"), line: Some(661), routine: Some("mdopenfork") })
test server::state::tests::broadcast_feed_no_panic ... FAILED

thread 'server::state::tests::broadcast_task_no_panic' (4930703) panicked at src/db/test_utils.rs:62:14:
called `Result::unwrap()` on an `Err` value: Database(PgDatabaseError { severity: Fatal, code: "42501", message: "could not open file \"base/16384/2601\": Read-only file system", detail: None, hint: None, position: None, where: None, schema: None, table: None, column: None, data_type: None, constraint: None, file: Some("md.c"), line: Some(661), routine: Some("mdopenfork") })
test server::state::tests::broadcast_task_no_panic ... FAILED
test server::state::tests::stream_chunk_variants ... ok

thread 'server::state::tests::get_response_stream_creates_new' (4930705) panicked at src/db/test_utils.rs:62:14:
called `Result::unwrap()` on an `Err` value: Database(PgDatabaseError { severity: Fatal, code: "42501", message: "could not open file \"base/16384/2601\": Read-only file system", detail: None, hint: None, position: None, where: None, schema: None, table: None, column: None, data_type: None, constraint: None, file: Some("md.c"), line: Some(661), routine: Some("mdopenfork") })
test server::state::tests::get_response_stream_creates_new ... FAILED

thread 'server::state::tests::get_response_stream_returns_existing' (4930707) panicked at src/db/test_utils.rs:62:14:
called `Result::unwrap()` on an `Err` value: Database(PgDatabaseError { severity: Fatal, code: "42501", message: "could not open file \"base/16384/2601\": Read-only file system", detail: None, hint: None, position: None, where: None, schema: None, table: None, column: None, data_type: None, constraint: None, file: Some("md.c"), line: Some(661), routine: Some("mdopenfork") })
test server::state::tests::get_response_stream_returns_existing ... FAILED

thread 'server::state::tests::remove_response_stream' (4930710) panicked at src/db/test_utils.rs:62:14:
called `Result::unwrap()` on an `Err` value: Database(PgDatabaseError { severity: Fatal, code: "42501", message: "could not open file \"base/16384/2601\": Read-only file system", detail: None, hint: None, position: None, where: None, schema: None, table: None, column: None, data_type: None, constraint: None, file: Some("md.c"), line: Some(661), routine: Some("mdopenfork") })
test server::state::tests::remove_response_stream ... FAILED

thread 'server::state::tests::send_stream_chunk_no_stream' (4930712) panicked at src/db/test_utils.rs:62:14:
called `Result::unwrap()` on an `Err` value: Database(PgDatabaseError { severity: Fatal, code: "42501", message: "could not open file \"base/16384/2601\": Read-only file system", detail: None, hint: None, position: None, where: None, schema: None, table: None, column: None, data_type: None, constraint: None, file: Some("md.c"), line: Some(661), routine: Some("mdopenfork") })
test server::state::tests::send_stream_chunk_no_stream ... FAILED

thread 'server::state::tests::send_stream_chunk_with_stream' (4930714) panicked at src/db/test_utils.rs:62:14:
called `Result::unwrap()` on an `Err` value: Database(PgDatabaseError { severity: Fatal, code: "42501", message: "could not open file \"base/16384/2601\": Read-only file system", detail: None, hint: None, position: None, where: None, schema: None, table: None, column: None, data_type: None, constraint: None, file: Some("md.c"), line: Some(661), routine: Some("mdopenfork") })
test server::state::tests::send_stream_chunk_with_stream ... FAILED

thread 'server::state::tests::subscribe_agents_returns_receiver' (4930718) panicked at src/db/test_utils.rs:62:14:
called `Result::unwrap()` on an `Err` value: Database(PgDatabaseError { severity: Fatal, code: "42501", message: "could not open file \"base/16384/2601\": Read-only file system", detail: None, hint: None, position: None, where: None, schema: None, table: None, column: None, data_type: None, constraint: None, file: Some("md.c"), line: Some(661), routine: Some("mdopenfork") })
test server::state::tests::subscribe_agents_returns_receiver ... FAILED

thread 'server::state::tests::subscribe_feed_returns_receiver' (4930720) panicked at src/db/test_utils.rs:62:14:
called `Result::unwrap()` on an `Err` value: Database(PgDatabaseError { severity: Fatal, code: "42501", message: "could not open file \"base/16384/2601\": Read-only file system", detail: None, hint: None, position: None, where: None, schema: None, table: None, column: None, data_type: None, constraint: None, file: Some("md.c"), line: Some(661), routine: Some("mdopenfork") })
test server::state::tests::subscribe_feed_returns_receiver ... FAILED

thread 'server::state::tests::subscribe_tasks_returns_receiver' (4930723) panicked at src/db/test_utils.rs:62:14:
called `Result::unwrap()` on an `Err` value: Database(PgDatabaseError { severity: Fatal, code: "42501", message: "could not open file \"base/16384/2601\": Read-only file system", detail: None, hint: None, position: None, where: None, schema: None, table: None, column: None, data_type: None, constraint: None, file: Some("md.c"), line: Some(661), routine: Some("mdopenfork") })
test server::state::tests::subscribe_tasks_returns_receiver ... FAILED

thread 'server::tests::agents_endpoint_returns_stats' (4930725) panicked at src/db/test_utils.rs:62:14:
called `Result::unwrap()` on an `Err` value: Database(PgDatabaseError { severity: Fatal, code: "42501", message: "could not open file \"base/16384/2601\": Read-only file system", detail: None, hint: None, position: None, where: None, schema: None, table: None, column: None, data_type: None, constraint: None, file: Some("md.c"), line: Some(661), routine: Some("mdopenfork") })
test server::tests::agents_endpoint_returns_stats ... FAILED

thread 'server::tests::api_routes_not_affected_by_static_fallback' (4930727) panicked at src/db/test_utils.rs:62:14:
called `Result::unwrap()` on an `Err` value: Database(PgDatabaseError { severity: Fatal, code: "42501", message: "could not open file \"base/16384/2601\": Read-only file system", detail: None, hint: None, position: None, where: None, schema: None, table: None, column: None, data_type: None, constraint: None, file: Some("md.c"), line: Some(661), routine: Some("mdopenfork") })
test server::tests::api_routes_not_affected_by_static_fallback ... FAILED

thread 'server::tests::chat_endpoint_accepts_message' (4930729) panicked at src/db/test_utils.rs:62:14:
called `Result::unwrap()` on an `Err` value: Database(PgDatabaseError { severity: Fatal, code: "42501", message: "could not open file \"base/16384/2601\": Read-only file system", detail: None, hint: None, position: None, where: None, schema: None, table: None, column: None, data_type: None, constraint: None, file: Some("md.c"), line: Some(661), routine: Some("mdopenfork") })
test server::tests::chat_endpoint_accepts_message ... FAILED

thread 'server::tests::chat_endpoint_rejects_empty_message' (4930731) panicked at src/db/test_utils.rs:62:14:
called `Result::unwrap()` on an `Err` value: Database(PgDatabaseError { severity: Fatal, code: "42501", message: "could not open file \"base/16384/2601\": Read-only file system", detail: None, hint: None, position: None, where: None, schema: None, table: None, column: None, data_type: None, constraint: None, file: Some("md.c"), line: Some(661), routine: Some("mdopenfork") })
test server::tests::chat_endpoint_rejects_empty_message ... FAILED

thread 'server::tests::chat_history_returns_empty_list' (4930733) panicked at src/db/test_utils.rs:62:14:
called `Result::unwrap()` on an `Err` value: Database(PgDatabaseError { severity: Fatal, code: "42501", message: "could not open file \"base/16384/2601\": Read-only file system", detail: None, hint: None, position: None, where: None, schema: None, table: None, column: None, data_type: None, constraint: None, file: Some("md.c"), line: Some(661), routine: Some("mdopenfork") })
test server::tests::chat_history_returns_empty_list ... FAILED

thread 'server::tests::clear_chat_history_returns_no_content' (4930735) panicked at src/db/test_utils.rs:62:14:
called `Result::unwrap()` on an `Err` value: Database(PgDatabaseError { severity: Fatal, code: "42501", message: "could not open file \"base/16384/2601\": Read-only file system", detail: None, hint: None, position: None, where: None, schema: None, table: None, column: None, data_type: None, constraint: None, file: Some("md.c"), line: Some(661), routine: Some("mdopenfork") })
test server::tests::clear_chat_history_returns_no_content ... FAILED

thread 'server::tests::config_endpoint_returns_config' (4930737) panicked at src/db/test_utils.rs:62:14:
called `Result::unwrap()` on an `Err` value: Database(PgDatabaseError { severity: Fatal, code: "42501", message: "could not open file \"base/16384/2601\": Read-only file system", detail: None, hint: None, position: None, where: None, schema: None, table: None, column: None, data_type: None, constraint: None, file: Some("md.c"), line: Some(661), routine: Some("mdopenfork") })
test server::tests::config_endpoint_returns_config ... FAILED

thread 'server::tests::health_endpoint_returns_json' (4930767) panicked at src/db/test_utils.rs:62:14:
called `Result::unwrap()` on an `Err` value: Database(PgDatabaseError { severity: Fatal, code: "42501", message: "could not open file \"base/16384/2601\": Read-only file system", detail: None, hint: None, position: None, where: None, schema: None, table: None, column: None, data_type: None, constraint: None, file: Some("md.c"), line: Some(661), routine: Some("mdopenfork") })

thread 'server::tests::nested_spa_route_falls_back_to_index_html' (4930771) panicked at src/db/test_utils.rs:62:14:
called `Result::unwrap()` on an `Err` value: Database(PgDatabaseError { severity: Fatal, code: "42501", message: "could not open file \"base/16384/2601\": Read-only file system", detail: None, hint: None, position: None, where: None, schema: None, table: None, column: None, data_type: None, constraint: None, file: Some("md.c"), line: Some(661), routine: Some("mdopenfork") })
test server::tests::health_endpoint_returns_json ... FAILED
test server::tests::nested_spa_route_falls_back_to_index_html ... FAILED

thread 'server::tests::static_css_asset_served_with_long_cache' (4930792) panicked at src/db/test_utils.rs:62:14:
called `Result::unwrap()` on an `Err` value: Database(PgDatabaseError { severity: Fatal, code: "42501", message: "could not open file \"base/16384/2601\": Read-only file system", detail: None, hint: None, position: None, where: None, schema: None, table: None, column: None, data_type: None, constraint: None, file: Some("md.c"), line: Some(661), routine: Some("mdopenfork") })

thread 'server::tests::spa_route_falls_back_to_index_html' (4930790) panicked at src/db/test_utils.rs:62:14:
called `Result::unwrap()` on an `Err` value: Database(PgDatabaseError { severity: Fatal, code: "42501", message: "could not open file \"base/16384/2601\": Read-only file system", detail: None, hint: None, position: None, where: None, schema: None, table: None, column: None, data_type: None, constraint: None, file: Some("md.c"), line: Some(661), routine: Some("mdopenfork") })
test server::tests::static_css_asset_served_with_long_cache ... FAILED
test server::tests::spa_route_falls_back_to_index_html ... FAILED
test server::ws::tests::agent_update_with_none_task ... ok
test server::ws::tests::agent_update_roundtrip ... ok
test server::ws::tests::channel_constants_are_correct ... ok
test server::ws::tests::client_message_clone ... ok
test orchestration::dependency::tests::save_and_load_dependencies has been running for over 60 seconds
test server::ws::tests::client_message_debug_format ... ok
test server::ws::tests::client_message_empty_channels ... ok
test server::ws::tests::client_message_invalid_type_fails ... ok
test server::ws::tests::client_message_missing_channels_fails ... ok
test server::ws::tests::client_message_missing_type_fails ... ok
test server::ws::tests::client_message_subscribe_deserialize ... ok
test server::ws::tests::client_message_unsubscribe_deserialize ... ok
test server::ws::tests::client_message_wrong_channels_type_fails ... ok
test server::ws::tests::feed_update_deserialize ... ok
test server::ws::tests::feed_update_roundtrip ... ok
test server::ws::tests::handle_subscribe_message ... ok
test server::ws::tests::handle_unsubscribe_message ... ok
test server::ws::tests::invalid_json_fails_to_parse ... ok
test server::ws::tests::is_valid_channel_boundary_cases ... ok
test server::ws::tests::ping_interval_is_30_seconds ... ok
test server::ws::tests::server_message_agent_update_serialize ... ok
test server::ws::tests::server_message_agent_update_json_structure ... ok
test server::ws::tests::server_message_clone ... ok
test server::ws::tests::server_message_debug_format ... ok
test server::ws::tests::server_message_error_roundtrip_contains_message ... ok
test server::ws::tests::server_message_error_serialize ... ok
test server::ws::tests::server_message_feed_serialize ... ok
test server::ws::tests::server_message_feed_contains_all_fields ... ok
test server::ws::tests::server_message_subscribed_serialize ... ok
test server::ws::tests::server_message_task_update_json_structure ... ok
test server::ws::tests::server_message_task_update_serialize ... ok
test server::ws::tests::subscribe_all_valid_channels ... ok
test server::ws::tests::subscribe_all_invalid_channels ... ok
test server::ws::tests::subscribe_empty_channels ... ok
test server::ws::tests::subscribe_idempotent ... ok
test server::ws::tests::task_update_with_none_fields ... ok
test server::ws::tests::subscribe_then_unsubscribe_then_subscribe ... ok
test server::ws::tests::task_update_with_some_fields ... ok
test server::ws::tests::unsubscribe_all ... ok
test server::ws::tests::unsubscribe_empty_channels ... ok
test server::ws::tests::unsubscribe_nonexistent_channel ... ok
test server::ws::tests::valid_channels ... ok
test types::agent::tests::agent_status_default_is_idle ... ok
test types::agent::tests::agent_tier_default_is_worker ... ok
test types::agent::tests::model_config_has_sensible_defaults ... ok
test types::config::tests::agent_pool_config_default_values ... ok
test types::config::tests::approval_gates_default_values ... ok
test types::config::tests::autonomy_default_is_approval_gates ... ok
test types::config::tests::config_default_database_url ... ok

thread 'types::config::tests::config_merge_database_url_with_project_config' (4930854) panicked at src/types/config.rs:354:9:
assertion `left == right` failed
  left: "postgres://custom:pw@host:5433/mydb"
 right: "postgres://nexor:nexor@localhost:5432/nexor"
test types::config::tests::config_merge_database_url_env_overrides_with_project ... ok
test types::config::tests::config_merge_falls_back_to_default_database_url ... ok
test types::config::tests::config_merge_database_url_with_project_config ... FAILED
test types::config::tests::config_merge_includes_pr_merge ... ok
test types::config::tests::config_merge_no_project_models_uses_global ... ok
test types::config::tests::config_merge_no_project_pool_uses_global ... ok
test types::config::tests::config_merge_preserves_global_verbosity ... ok
test types::config::tests::config_merge_project_models_override_global ... ok
test types::config::tests::config_merge_project_pool_overrides_global ... ok
test types::config::tests::config_merge_reads_database_url_env ... ok
test types::config::tests::config_merge_uses_global_when_no_project ... ok
test types::config::tests::config_merge_uses_project_overrides ... ok
test types::config::tests::default_database_url_is_valid_postgres_url ... ok
test types::config::tests::git_strategy_default_is_branch_per_slice ... ok
test types::config::tests::merge_strategy_default_is_merge ... ok
test types::config::tests::pr_merge_config_default ... ok
test types::config::tests::sandbox_default_is_docker ... ok
test types::config::tests::tier_models_default_values ... ok
test types::cost::tests::cost_summary_starts_empty ... ok
test types::cost::tests::cost_summary_accumulates ... ok
test types::message::tests::message_id_generates_unique ... ok
test types::message::tests::verbosity_default_is_normal ... ok
test types::prd::tests::estimated_scale_feature ... ok
test types::prd::tests::estimated_scale_epic ... ok
test types::prd::tests::estimated_scale_project ... ok
test types::prd::tests::is_complete_returns_false_for_empty ... ok
test types::prd::tests::is_complete_returns_true_with_vision_and_milestones ... ok
test types::prd::tests::prd_status_default_is_draft ... ok
test types::prd::tests::prd_id_generates_unique ... ok
test types::prd::tests::prd_status_roundtrip ... ok

thread 'orchestration::dependency::tests::save_and_load_dependencies' (4927662) panicked at src/db/test_utils.rs:62:14:
called `Result::unwrap()` on an `Err` value: PoolTimedOut
test types::prd::tests::serialization_roundtrip ... ok
test types::refactor::tests::change_status_roundtrip ... ok
test types::refactor::tests::production_mode_default_is_running ... ok
test types::refactor::tests::production_mode_is_active ... ok
test orchestration::dependency::tests::save_and_load_dependencies ... FAILED
test types::refactor::tests::production_mode_is_refactoring ... ok
test types::refactor::tests::production_mode_roundtrip ... ok
test types::refactor::tests::refactor_change_create ... ok
test types::refactor::tests::refactor_change_delete ... ok
test types::refactor::tests::refactor_change_modify ... ok
test types::refactor::tests::refactor_context_builder ... ok
test types::refactor::tests::refactor_id_generates_unique ... ok
test types::refactor::tests::refactor_intent_is_conversational ... ok
test types::refactor::tests::refactor_intent_should_halt ... ok
test types::task::tests::priority_default_is_normal ... ok
test types::refactor::tests::refactor_session_lifecycle ... ok
test types::task::tests::priority_serde_roundtrip ... ok
test types::task::tests::slice_id_default ... ok
test types::task::tests::slice_id_new_uniqueness ... ok
test types::task::tests::task_event_construction ... ok
test types::task::tests::task_event_type_serde_roundtrip ... ok
test types::task::tests::task_id_default ... ok
test types::task::tests::task_id_display_formatting ... ok
test types::task::tests::task_id_generates_unique ... ok
test types::task::tests::task_new_defaults ... ok
test types::task::tests::task_status_default_is_pending ... ok
test types::task::tests::task_with_dependencies_replaces ... ok
test types::task::tests::task_status_serde_roundtrip ... ok
test types::task::tests::task_with_dependency ... ok
test types::task::tests::vertical_slice_construction ... ok
test types::ticket::tests::ticket_source_default_is_manual ... ok
test types::ticket::tests::ticket_status_default_is_new ... ok

thread 'orchestration::dependency::tests::task_with_incomplete_dependency_is_blocked' (4927664) panicked at src/db/test_utils.rs:62:14:
called `Result::unwrap()` on an `Err` value: PoolTimedOut
test orchestration::dependency::tests::task_with_incomplete_dependency_is_blocked has been running for over 60 seconds
test orchestration::dependency::tests::task_with_incomplete_dependency_is_blocked ... FAILED

thread 'server::tests::static_index_html_served_at_root' (4930795) panicked at src/db/test_utils.rs:62:14:
called `Result::unwrap()` on an `Err` value: Database(PgDatabaseError { severity: Fatal, code: "42501", message: "could not open file \"base/16384/2601\": Read-only file system", detail: None, hint: None, position: None, where: None, schema: None, table: None, column: None, data_type: None, constraint: None, file: Some("md.c"), line: Some(661), routine: Some("mdopenfork") })
test server::tests::static_index_html_served_at_root ... FAILED

thread 'server::tests::static_js_asset_served_with_long_cache' (4930797) panicked at src/db/test_utils.rs:62:14:
called `Result::unwrap()` on an `Err` value: Database(PgDatabaseError { severity: Fatal, code: "42501", message: "could not open file \"base/16384/2601\": Read-only file system", detail: None, hint: None, position: None, where: None, schema: None, table: None, column: None, data_type: None, constraint: None, file: Some("md.c"), line: Some(661), routine: Some("mdopenfork") })
test server::tests::static_js_asset_served_with_long_cache ... FAILED

thread 'server::tests::tasks_endpoint_returns_list' (4930800) panicked at src/db/test_utils.rs:62:14:
called `Result::unwrap()` on an `Err` value: Database(PgDatabaseError { severity: Fatal, code: "42501", message: "could not open file \"base/16384/2601\": Read-only file system", detail: None, hint: None, position: None, where: None, schema: None, table: None, column: None, data_type: None, constraint: None, file: Some("md.c"), line: Some(661), routine: Some("mdopenfork") })
test server::tests::tasks_endpoint_returns_list ... FAILED

thread 'server::tests::unknown_task_returns_404' (4930801) panicked at src/db/test_utils.rs:62:14:
called `Result::unwrap()` on an `Err` value: Database(PgDatabaseError { severity: Fatal, code: "42501", message: "could not open file \"base/16384/2601\": Read-only file system", detail: None, hint: None, position: None, where: None, schema: None, table: None, column: None, data_type: None, constraint: None, file: Some("md.c"), line: Some(661), routine: Some("mdopenfork") })
test server::tests::unknown_task_returns_404 ... FAILED
test server::auth::tests::test_hash_and_verify_password ... ok

thread 'orchestration::scheduler::tests::begin_resume_only_works_in_refactor_states' (4928279) panicked at src/db/test_utils.rs:62:14:
called `Result::unwrap()` on an `Err` value: PoolTimedOut
test orchestration::scheduler::tests::begin_resume_only_works_in_refactor_states has been running for over 60 seconds
test orchestration::scheduler::tests::begin_resume_only_works_in_refactor_states ... FAILED

failures:

failures:
    db::queries::tests::can_insert_and_get_chat_message
    db::queries::tests::can_list_tasks_by_status
    db::refactor::tests::can_update_change_status
    github::merge_queue::tests::add_duplicate_pr_updates_timestamp
    github::merge_queue::tests::add_three_then_remove_first_and_compact
    github::merge_queue::tests::add_to_queue_returns_entry
    github::merge_queue::tests::can_merge_after_front_completed
    github::merge_queue::tests::can_merge_first_pending
    github::merge_queue::tests::can_merge_no_pending
    github::merge_queue::tests::can_merge_wrong_pr_returns_false
    github::merge_queue::tests::cleanup_does_not_remove_conflict_or_in_progress
    github::merge_queue::tests::cleanup_does_not_remove_failed
    github::merge_queue::tests::cleanup_multiple_old_entries
    github::merge_queue::tests::cleanup_old_entries_empty_queue
    github::merge_queue::tests::cleanup_old_entries_keeps_recent
    github::merge_queue::tests::cleanup_old_entries_removes_old_merged
    github::merge_queue::tests::cleanup_old_entries_removes_skipped_too
    github::merge_queue::tests::cleanup_with_zero_duration
    github::merge_queue::tests::compact_queue_already_correct_positions
    github::merge_queue::tests::compact_queue_renumbers_after_removal
    github::merge_queue::tests::compact_queue_skips_non_pending
    github::merge_queue::tests::compact_queue_with_mixed_statuses
    github::merge_queue::tests::entry_has_correct_timestamps
    github::merge_queue::tests::get_entry_found_and_not_found
    github::merge_queue::tests::get_needs_attention_conflict_and_failed
    github::merge_queue::tests::get_needs_attention_none
    github::merge_queue::tests::get_needs_attention_only_pending_and_merged
    github::merge_queue::tests::get_next_position_empty_then_after_add
    github::merge_queue::tests::get_next_to_merge_all_non_pending
    github::merge_queue::tests::get_next_to_merge_returns_first_pending
    github::merge_queue::tests::get_next_to_merge_skips_conflict_and_failed
    github::merge_queue::tests::get_position_non_pending_returns_none
    github::merge_queue::tests::get_position_not_in_queue
    github::merge_queue::tests::get_position_pending_entries
    github::merge_queue::tests::get_position_skips_non_pending_in_counting
    github::merge_queue::tests::get_queue_different_repos_independent
    github::merge_queue::tests::get_queue_empty_repo
    github::merge_queue::tests::get_queue_returns_ordered
    github::merge_queue::tests::get_queue_stats_all_pending
    github::merge_queue::tests::get_queue_stats_counts_all_statuses
    github::merge_queue::tests::get_queue_stats_empty
    github::merge_queue::tests::has_pending_work_only_completed
    github::merge_queue::tests::has_pending_work_with_conflict_and_failed
    github::merge_queue::tests::has_pending_work_with_in_progress
    github::merge_queue::tests::has_pending_work_with_pending
    github::merge_queue::tests::has_pending_work_with_skipped
    github::merge_queue::tests::prs_ahead_after_front_merged
    github::merge_queue::tests::prs_ahead_counts_correctly
    github::merge_queue::tests::prs_ahead_not_in_queue
    github::merge_queue::tests::queues_are_isolated_by_repo
    github::merge_queue::tests::queues_isolated_by_owner
    github::merge_queue::tests::remove_from_queue_different_repo_no_effect
    github::merge_queue::tests::remove_from_queue_works
    github::merge_queue::tests::reset_interrupted_via_resume_multiple
    github::merge_queue::tests::resume_processing_empty_queue
    github::merge_queue::tests::resume_processing_no_interrupted
    github::merge_queue::tests::resume_processing_only_returns_pending_not_other_statuses
    github::merge_queue::tests::resume_processing_resets_in_progress
    github::merge_queue::tests::set_conflict_info_nonexistent_returns_false
    github::merge_queue::tests::set_conflict_info_overwrites_previous
    github::merge_queue::tests::set_conflict_info_works
    github::merge_queue::tests::update_status_all_statuses
    github::merge_queue::tests::update_status_changes_updated_at
    github::merge_queue::tests::update_status_nonexistent_returns_false
    github::merge_queue::tests::update_status_with_error_message
    github::merge_queue::tests::update_status_works
    llm::cost::db_tests::cost_tracker_new_with_db
    llm::cost::db_tests::get_historical_summary_with_since
    llm::cost::db_tests::get_historical_summary_without_since
    llm::cost::db_tests::record_call_persists_to_db
    observability::export::tests::exporter_export_empty_range
    observability::export::tests::exporter_export_task_empty
    observability::export::tests::exporter_export_task_to_file
    observability::export::tests::exporter_export_task_to_file_empty
    observability::export::tests::exporter_export_task_with_both
    observability::export::tests::exporter_export_task_with_calls_only
    observability::export::tests::exporter_export_task_with_decisions_only
    observability::export::tests::exporter_export_to_file
    observability::export::tests::exporter_export_to_file_empty
    observability::export::tests::exporter_export_with_data
    observability::logging::tests::get_calls_for_nonexistent_task
    observability::logging::tests::get_calls_for_task_filters_correctly
    observability::logging::tests::get_calls_in_range_empty
    observability::logging::tests::get_calls_in_range_filters_correctly
    observability::logging::tests::get_decisions_for_nonexistent_task
    observability::logging::tests::get_decisions_for_task_filters_correctly
    observability::logging::tests::get_decisions_in_range_empty
    observability::logging::tests::get_decisions_in_range_filters_correctly
    observability::logging::tests::log_call_and_retrieve
    observability::logging::tests::log_call_without_task_id
    observability::logging::tests::log_decision_and_retrieve
    observability::logging::tests::log_decision_without_llm_call
    orchestration::dependency::tests::circular_dependency_detected
    orchestration::dependency::tests::dependency_chain_works
    orchestration::dependency::tests::get_blocked_by_finds_dependents
    orchestration::dependency::tests::get_ready_tasks_returns_unblocked
    orchestration::dependency::tests::remove_dependency_works
    orchestration::dependency::tests::save_and_load_dependencies
    orchestration::dependency::tests::task_with_completed_dependency_is_not_blocked
    orchestration::dependency::tests::task_with_incomplete_dependency_is_blocked
    orchestration::planner::tests::test_decompose_and_save_with_db
    orchestration::queue::persistent_queue_tests::requeue_creates_event
    orchestration::queue::persistent_queue_tests::requeue_updates_priority_and_status
    orchestration::queue::persistent_queue_tests::requeue_with_same_priority
    orchestration::queue::persistent_queue_tests::requeue_with_set_priority
    orchestration::scheduler::task_scheduler_integration_tests::on_task_completed_returns_empty_when_no_deps
    orchestration::scheduler::tests::begin_resume_only_works_in_refactor_states
    orchestration::scheduler::tests::begin_resume_works_from_paused
    orchestration::scheduler::tests::enter_refactor_mode_noop_when_not_running
    orchestration::scheduler::tests::enter_refactor_mode_stops_assignment
    orchestration::scheduler::tests::full_refactor_cycle
    orchestration::scheduler::tests::is_paused_false_when_resuming
    orchestration::scheduler::tests::pause_for_refactor
    orchestration::scheduler::tests::refresh_mode_syncs_from_db
    orchestration::scheduler::tests::resume_after_refactor
    orchestration::scheduler::tests::resume_from_any_state
    orchestration::scheduler::tests::scheduler_starts_in_running_mode
    orchestration::scheduler::tests::should_assign_false_when_paused
    orchestration::scheduler::tests::should_assign_false_when_resuming
    refactor::agent::tests::agent_can_add_and_apply_changes
    refactor::agent::tests::agent_can_end_session
    refactor::agent::tests::agent_can_halt_production
    refactor::agent::tests::agent_can_start_session
    refactor::agent::tests::agent_resumes_existing_session
    refactor::agent::tests::agent_starts_with_no_session
    refactor::agent::tests::analyze_intent_clarifying_patterns
    refactor::agent::tests::analyze_intent_defaults_to_chatting
    refactor::agent::tests::analyze_intent_detects_clarifying
    refactor::agent::tests::analyze_intent_detects_exit
    refactor::agent::tests::analyze_intent_detects_halt
    refactor::agent::tests::analyze_intent_detects_refactor
    refactor::agent::tests::analyze_intent_exit_with_resume
    refactor::agent::tests::analyze_intent_halt_pattern
    refactor::agent::tests::analyze_intent_pause_everything
    refactor::agent::tests::analyze_intent_refactor_various_patterns
    refactor::agent::tests::apply_changes_no_session_errors
    refactor::agent::tests::apply_create_in_subdirectory
    refactor::agent::tests::apply_delete_change
    refactor::agent::tests::apply_delete_nonexistent_file_no_error
    refactor::agent::tests::apply_modify_change
    refactor::agent::tests::build_intent_prompt_with_empty_context
    refactor::agent::tests::build_intent_prompt_with_work_status
    refactor::agent::tests::end_session_without_active_session
    refactor::agent::tests::get_context_includes_session
    refactor::agent::tests::get_context_without_session
    refactor::agent::tests::session_mut_returns_mutable_ref
    server::api::tests::auth_login_no_password_configured
    server::api::tests::auth_login_success
    server::api::tests::auth_login_wrong_password
    server::api::tests::auth_setup_conflict_when_already_configured
    server::api::tests::auth_setup_short_password_returns_bad_request
    server::api::tests::auth_setup_success
    server::api::tests::chat_history_returns_messages_after_send
    server::api::tests::chat_history_with_pagination
    server::api::tests::clear_chat_history_returns_no_content
    server::api::tests::clear_chat_then_history_is_empty
    server::api::tests::create_task_empty_title_returns_bad_request
    server::api::tests::create_task_response_body_has_expected_fields
    server::api::tests::create_task_valid_returns_created
    server::api::tests::create_task_with_low_priority
    server::api::tests::create_task_with_no_priority_defaults_to_normal
    server::api::tests::create_task_with_no_tier_defaults_to_worker
    server::api::tests::create_task_with_orchestrator_tier
    server::api::tests::create_task_with_unknown_priority_defaults_to_normal
    server::api::tests::create_task_with_unknown_tier_defaults_to_worker
    server::api::tests::create_task_with_urgent_priority
    server::api::tests::create_task_with_utility_tier
    server::api::tests::get_config_returns_expected_fields
    server::api::tests::get_task_not_found
    server::api::tests::get_task_returns_created_task
    server::api::tests::health_check_returns_ok
    server::api::tests::list_agents_returns_stats
    server::api::tests::list_tasks_returns_empty_initially
    server::api::tests::list_tasks_with_limit
    server::api::tests::list_tasks_with_status_filter
    server::api::tests::send_chat_empty_message_returns_bad_request
    server::api::tests::send_chat_response_contains_message_id
    server::api::tests::send_chat_valid_message_returns_accepted
    server::api::tests::update_config_invalid_verbosity_returns_bad_request
    server::api::tests::update_config_no_verbosity_returns_ok
    server::api::tests::update_config_normal_verbosity
    server::api::tests::update_config_quiet_verbosity
    server::api::tests::update_config_valid_verbosity
    server::state::tests::app_state_new_creates_valid_state
    server::state::tests::broadcast_agent_no_panic
    server::state::tests::broadcast_feed_no_panic
    server::state::tests::broadcast_task_no_panic
    server::state::tests::get_response_stream_creates_new
    server::state::tests::get_response_stream_returns_existing
    server::state::tests::remove_response_stream
    server::state::tests::send_stream_chunk_no_stream
    server::state::tests::send_stream_chunk_with_stream
    server::state::tests::subscribe_agents_returns_receiver
    server::state::tests::subscribe_feed_returns_receiver
    server::state::tests::subscribe_tasks_returns_receiver
    server::tests::agents_endpoint_returns_stats
    server::tests::api_routes_not_affected_by_static_fallback
    server::tests::chat_endpoint_accepts_message
    server::tests::chat_endpoint_rejects_empty_message
    server::tests::chat_history_returns_empty_list
    server::tests::clear_chat_history_returns_no_content
    server::tests::config_endpoint_returns_config
    server::tests::health_endpoint_returns_json
    server::tests::nested_spa_route_falls_back_to_index_html
    server::tests::spa_route_falls_back_to_index_html
    server::tests::static_css_asset_served_with_long_cache
    server::tests::static_index_html_served_at_root
    server::tests::static_js_asset_served_with_long_cache
    server::tests::tasks_endpoint_returns_list
    server::tests::unknown_task_returns_404
    types::config::tests::config_merge_database_url_with_project_config

test result: FAILED. 1598 passed; 211 failed; 0 ignored; 0 measured; 0 filtered out; finished in 196.15s

error: test failed, to rerun pass `--lib`
